<?xml version="1.0" encoding="UTF-8"?>
<testsuites name="jest tests" tests="233" failures="211" time="471.124">
  <testsuite name="Export without --export option: Authenticate with username/password (-u) (-p)" errors="0" failures="8" skipped="0" timestamp="2021-01-28T08:14:21" time="27.603" tests="11">
    <testcase classname="Export without --export option: Authenticate with username/password (-u) (-p)" name="Case 280: Verify that data is exported correctly with username/password for an app" time="1.241">
      <failure>Error: expect(received).toEqual(expected) // deep equality

Expected: &quot;9cc0ca32badcffe6900ff92b60368542bf5b77d7ad8f0209f623e05333e56308&quot;
Received: &quot;e3b0c44298fc1c149afbf4c8996fb92427ae41e4649b934ca495991b7852b855&quot;
    at ExportTestCommon.verifyExportedData (/Users/k001534/Desktop/cli-kintone-automation/cli-kintone-automation/src/common/ExportTestCommon.js:139:40)
    at processTicksAndRejections (internal/process/task_queues.js:93:5)
    at Object.&lt;anonymous&gt; (/Users/k001534/Desktop/cli-kintone-automation/cli-kintone-automation/src/tests/exportWithoutOption/exportWithAuthenticateUsernamePassword.test.js:28:9)</failure>
    </testcase>
    <testcase classname="Export without --export option: Authenticate with username/password (-u) (-p)" name="Case 280: Guest space - Verify that data is exported correctly with username/password for an app" time="7.742">
      <failure>Error: expect(received).toEqual(expected) // deep equality

Expected: &quot;37b02fd31b71b46f716b1f5532f2906e019d6a2d321ef64e61de2fbb366fd9de&quot;
Received: &quot;e3b0c44298fc1c149afbf4c8996fb92427ae41e4649b934ca495991b7852b855&quot;
    at ExportTestCommon.verifyExportedData (/Users/k001534/Desktop/cli-kintone-automation/cli-kintone-automation/src/common/ExportTestCommon.js:139:40)
    at processTicksAndRejections (internal/process/task_queues.js:93:5)
    at Object.&lt;anonymous&gt; (/Users/k001534/Desktop/cli-kintone-automation/cli-kintone-automation/src/tests/exportWithoutOption/exportWithAuthenticateUsernamePassword.test.js:60:9)</failure>
    </testcase>
    <testcase classname="Export without --export option: Authenticate with username/password (-u) (-p)" name="C281 - Verify that error will be displayed when exporting data with wrong username" time="1.198">
      <failure>Error: expect(received).toEqual(expected) // deep equality

Expected: StringContaining &quot;AppError: 520 [CB_WA01] Password authentication failed. The value in http header of X-Cybozu-Authorization is not valid.&quot;
Received: &quot;Error: Command failed: ./cli-kintone -a 21 -d undefined -u invalidUserName -p undefined &gt; src/resources/actualExportedCSVData.csv
2021/01/28 15:14:34 HTTP error: 404 Not Found
&quot;
    at ExportTestCommon.verifyAppErrorMessage (/Users/k001534/Desktop/cli-kintone-automation/cli-kintone-automation/src/common/CliKintoneTestBase.js:29:35)
    at Object.&lt;anonymous&gt; (/Users/k001534/Desktop/cli-kintone-automation/cli-kintone-automation/src/tests/exportWithoutOption/exportWithAuthenticateUsernamePassword.test.js:77:20)
    at processTicksAndRejections (internal/process/task_queues.js:93:5)</failure>
    </testcase>
    <testcase classname="Export without --export option: Authenticate with username/password (-u) (-p)" name="C282 - Verify that error will be displayed when exporting data with wrong password" time="1.33">
      <failure>Error: expect(received).toEqual(expected) // deep equality

Expected: StringContaining &quot;AppError: 520 [CB_WA01] Password authentication failed. The value in http header of X-Cybozu-Authorization is not valid.&quot;
Received: &quot;Error: Command failed: ./cli-kintone -a 21 -d undefined -u undefined -p wrongPassword &gt; src/resources/actualExportedCSVData.csv
2021/01/28 15:14:35 HTTP error: 404 Not Found
&quot;
    at ExportTestCommon.verifyAppErrorMessage (/Users/k001534/Desktop/cli-kintone-automation/cli-kintone-automation/src/common/CliKintoneTestBase.js:29:35)
    at Object.&lt;anonymous&gt; (/Users/k001534/Desktop/cli-kintone-automation/cli-kintone-automation/src/tests/exportWithoutOption/exportWithAuthenticateUsernamePassword.test.js:92:20)
    at processTicksAndRejections (internal/process/task_queues.js:93:5)</failure>
    </testcase>
    <testcase classname="Export without --export option: Authenticate with username/password (-u) (-p)" name="C284 - When not providing password: Input correct password and verify that data is exported correctly" time="1.334">
      <failure>Error: expect(received).toEqual(expected) // deep equality

Expected: &quot;0a9702927104d8aff8f77f958f162f5c5e728407b82ad032afa0e6569f9e6a46&quot;
Received: &quot;79a7c1f4f967151a775b8468756306770ccd6d3801734f866c64c135ca68e22e&quot;
    at ExportTestCommon.verifyExportedData (/Users/k001534/Desktop/cli-kintone-automation/cli-kintone-automation/src/common/ExportTestCommon.js:139:40)
    at processTicksAndRejections (internal/process/task_queues.js:93:5)
    at Object.&lt;anonymous&gt; (/Users/k001534/Desktop/cli-kintone-automation/cli-kintone-automation/src/tests/exportWithoutOption/exportWithAuthenticateUsernamePassword.test.js:109:9)</failure>
    </testcase>
    <testcase classname="Export without --export option: Authenticate with username/password (-u) (-p)" name="C285 - When not providing password: Input wrong password and verify that error will be displayed" time="1.793">
      <failure>Error: expect(received).toEqual(expected) // deep equality

Expected: StringContaining &quot;AppError: 520 [CB_WA01] Password authentication failed. The value in http header of X-Cybozu-Authorization is not valid.&quot;
Received: &quot;Error: Command failed: echo wrongPassword|./cli-kintone -a 21 -d undefined -u undefined &gt; src/resources/actualExportedCSVData.csv
2021/01/28 15:14:38 HTTP error: 404 Not Found
&quot;
    at ExportTestCommon.verifyAppErrorMessage (/Users/k001534/Desktop/cli-kintone-automation/cli-kintone-automation/src/common/CliKintoneTestBase.js:29:35)
    at Object.&lt;anonymous&gt; (/Users/k001534/Desktop/cli-kintone-automation/cli-kintone-automation/src/tests/exportWithoutOption/exportWithAuthenticateUsernamePassword.test.js:124:20)
    at processTicksAndRejections (internal/process/task_queues.js:93:5)</failure>
    </testcase>
    <testcase classname="Export without --export option: Authenticate with username/password (-u) (-p)" name="C286 - Verify that error will be displayed with user who doesn’t have View record permission for an app" time="1.429">
      <failure>Error: expect(received).toEqual(expected) // deep equality

Expected: StringContaining &quot;AppError: 403 [CB_NO02] No privilege to proceed.&quot;
Received: &quot;Error: Command failed: ./cli-kintone -a 21 -d undefined -u user2 -p user2 &gt; src/resources/actualExportedCSVData.csv
2021/01/28 15:14:40 HTTP error: 404 Not Found
&quot;
    at ExportTestCommon.verifyAppErrorMessage (/Users/k001534/Desktop/cli-kintone-automation/cli-kintone-automation/src/common/CliKintoneTestBase.js:29:35)
    at Object.&lt;anonymous&gt; (/Users/k001534/Desktop/cli-kintone-automation/cli-kintone-automation/src/tests/exportWithoutOption/exportWithAuthenticateUsernamePassword.test.js:138:20)
    at processTicksAndRejections (internal/process/task_queues.js:93:5)</failure>
    </testcase>
    <testcase classname="Export without --export option: Authenticate with username/password (-u) (-p)" name="C287 - Verify that error will be displayed when executing command with wrong App ID" time="6.25">
      <failure>Error: expect(received).toEqual(expected) // deep equality

Expected: StringContaining &quot;AppError: 404 [GAIA_AP01] The app (ID: 99999) not found. The app may have been deleted.&quot;
Received: &quot;Error: Command failed: ./cli-kintone -a 99999 -d undefined -u undefined -p undefined &gt; src/resources/actualExportedCSVData.csv
2021/01/28 15:14:46 HTTP error: 404 Not Found
&quot;
    at ExportTestCommon.verifyAppErrorMessage (/Users/k001534/Desktop/cli-kintone-automation/cli-kintone-automation/src/common/CliKintoneTestBase.js:29:35)
    at Object.&lt;anonymous&gt; (/Users/k001534/Desktop/cli-kintone-automation/cli-kintone-automation/src/tests/exportWithoutOption/exportWithAuthenticateUsernamePassword.test.js:155:20)
    at processTicksAndRejections (internal/process/task_queues.js:93:5)</failure>
    </testcase>
    <testcase classname="Export without --export option: Authenticate with username/password (-u) (-p)" name="C288 - Verify that error will be displayed when executing command with wrong Domain" time="1.282">
    </testcase>
    <testcase classname="Export without --export option: Authenticate with username/password (-u) (-p)" name="C289 - Verify that error will be displayed when executing command with wrong Domain and App" time="1.411">
    </testcase>
    <testcase classname="Export without --export option: Authenticate with username/password (-u) (-p)" name="C290 - Verify that error will be displayed when executing with duplicated params" time="0.014">
    </testcase>
  </testsuite>
  <testsuite name="Export without --export option: Export data with encoding format (-e)" errors="0" failures="9" skipped="0" timestamp="2021-01-28T08:14:49" time="22.106" tests="9">
    <testcase classname="Export without --export option: Export data with encoding format (-e)" name="Case 314: Verify that data can be exported to a file with utf-8 encoding" time="1.455">
      <failure>Error: expect(received).toEqual(expected) // deep equality

Expected: &quot;9cc0ca32badcffe6900ff92b60368542bf5b77d7ad8f0209f623e05333e56308&quot;
Received: &quot;e3b0c44298fc1c149afbf4c8996fb92427ae41e4649b934ca495991b7852b855&quot;
    at ExportTestCommon.verifyExportedData (/Users/k001534/Desktop/cli-kintone-automation/cli-kintone-automation/src/common/ExportTestCommon.js:139:40)
    at processTicksAndRejections (internal/process/task_queues.js:93:5)
    at Object.&lt;anonymous&gt; (/Users/k001534/Desktop/cli-kintone-automation/cli-kintone-automation/src/tests/exportWithoutOption/exportWithEncodingParam.test.js:29:9)</failure>
    </testcase>
    <testcase classname="Export without --export option: Export data with encoding format (-e)" name="Case 314: Guest space - Verify that data can be exported to a file with utf-8 encoding" time="2.707">
      <failure>Error: expect(received).toEqual(expected) // deep equality

Expected: &quot;37b02fd31b71b46f716b1f5532f2906e019d6a2d321ef64e61de2fbb366fd9de&quot;
Received: &quot;e3b0c44298fc1c149afbf4c8996fb92427ae41e4649b934ca495991b7852b855&quot;
    at ExportTestCommon.verifyExportedData (/Users/k001534/Desktop/cli-kintone-automation/cli-kintone-automation/src/common/ExportTestCommon.js:139:40)
    at processTicksAndRejections (internal/process/task_queues.js:93:5)
    at Object.&lt;anonymous&gt; (/Users/k001534/Desktop/cli-kintone-automation/cli-kintone-automation/src/tests/exportWithoutOption/exportWithEncodingParam.test.js:63:9)</failure>
    </testcase>
    <testcase classname="Export without --export option: Export data with encoding format (-e)" name="Case 315: Verify that data can be exported to a file with utf-16 encoding" time="1.777">
      <failure>Error: expect(received).toEqual(expected) // deep equality

Expected: &quot;4f198496babc183099663c8dfd3da9dfc82280cee389d7ba4e81a0c45e500beb&quot;
Received: &quot;e3b0c44298fc1c149afbf4c8996fb92427ae41e4649b934ca495991b7852b855&quot;
    at ExportTestCommon.verifyExportedData (/Users/k001534/Desktop/cli-kintone-automation/cli-kintone-automation/src/common/ExportTestCommon.js:139:40)
    at processTicksAndRejections (internal/process/task_queues.js:93:5)
    at Object.&lt;anonymous&gt; (/Users/k001534/Desktop/cli-kintone-automation/cli-kintone-automation/src/tests/exportWithoutOption/exportWithEncodingParam.test.js:83:9)</failure>
    </testcase>
    <testcase classname="Export without --export option: Export data with encoding format (-e)" name="Case 316: Verify that data can be exported to a file with utf-16be-with-signature encoding" time="1.283">
      <failure>Error: expect(received).toEqual(expected) // deep equality

Expected: &quot;e4c2a177cfc47c8386141eede9c17ed5031e932cc0d56409d7a5c928ae3d010c&quot;
Received: &quot;e3b0c44298fc1c149afbf4c8996fb92427ae41e4649b934ca495991b7852b855&quot;
    at ExportTestCommon.verifyExportedData (/Users/k001534/Desktop/cli-kintone-automation/cli-kintone-automation/src/common/ExportTestCommon.js:139:40)
    at processTicksAndRejections (internal/process/task_queues.js:93:5)
    at Object.&lt;anonymous&gt; (/Users/k001534/Desktop/cli-kintone-automation/cli-kintone-automation/src/tests/exportWithoutOption/exportWithEncodingParam.test.js:102:9)</failure>
    </testcase>
    <testcase classname="Export without --export option: Export data with encoding format (-e)" name="Case 317: Verify that data can be exported to a file with utf-16le-with-signature encoding" time="1.544">
      <failure>Error: expect(received).toEqual(expected) // deep equality

Expected: &quot;efb03eed07b69a74a21827aed4afce9cbf03860b5e2276647dfb7cca71862cf4&quot;
Received: &quot;e3b0c44298fc1c149afbf4c8996fb92427ae41e4649b934ca495991b7852b855&quot;
    at ExportTestCommon.verifyExportedData (/Users/k001534/Desktop/cli-kintone-automation/cli-kintone-automation/src/common/ExportTestCommon.js:139:40)
    at processTicksAndRejections (internal/process/task_queues.js:93:5)
    at Object.&lt;anonymous&gt; (/Users/k001534/Desktop/cli-kintone-automation/cli-kintone-automation/src/tests/exportWithoutOption/exportWithEncodingParam.test.js:121:9)</failure>
    </testcase>
    <testcase classname="Export without --export option: Export data with encoding format (-e)" name="Case 318: Verify that data can be exported to a file with sjis encoding" time="1.608">
      <failure>Error: expect(received).toEqual(expected) // deep equality

Expected: &quot;d0accd44a5a3bc98bccf696441129ccd017548ed0526888f8f733db1d8bec64e&quot;
Received: &quot;e3b0c44298fc1c149afbf4c8996fb92427ae41e4649b934ca495991b7852b855&quot;
    at ExportTestCommon.verifyExportedData (/Users/k001534/Desktop/cli-kintone-automation/cli-kintone-automation/src/common/ExportTestCommon.js:139:40)
    at processTicksAndRejections (internal/process/task_queues.js:93:5)
    at Object.&lt;anonymous&gt; (/Users/k001534/Desktop/cli-kintone-automation/cli-kintone-automation/src/tests/exportWithoutOption/exportWithEncodingParam.test.js:139:9)</failure>
    </testcase>
    <testcase classname="Export without --export option: Export data with encoding format (-e)" name="Case 319: Verify that data can be exported to a file with euc-jp encoding" time="1.264">
      <failure>Error: expect(received).toEqual(expected) // deep equality

Expected: &quot;20804a0dbcff3251b4c4b4fbd52ee93de9944c7fe2e2a8acc96873151a30fc4c&quot;
Received: &quot;e3b0c44298fc1c149afbf4c8996fb92427ae41e4649b934ca495991b7852b855&quot;
    at ExportTestCommon.verifyExportedData (/Users/k001534/Desktop/cli-kintone-automation/cli-kintone-automation/src/common/ExportTestCommon.js:139:40)
    at processTicksAndRejections (internal/process/task_queues.js:93:5)
    at Object.&lt;anonymous&gt; (/Users/k001534/Desktop/cli-kintone-automation/cli-kintone-automation/src/tests/exportWithoutOption/exportWithEncodingParam.test.js:157:9)</failure>
    </testcase>
    <testcase classname="Export without --export option: Export data with encoding format (-e)" name="Case 320: Verify that that default value &quot;utf-8&quot; will be used when using unsupported encoding type" time="1.537">
      <failure>Error: expect(received).toEqual(expected) // deep equality

Expected: &quot;9cc0ca32badcffe6900ff92b60368542bf5b77d7ad8f0209f623e05333e56308&quot;
Received: &quot;e3b0c44298fc1c149afbf4c8996fb92427ae41e4649b934ca495991b7852b855&quot;
    at ExportTestCommon.verifyExportedData (/Users/k001534/Desktop/cli-kintone-automation/cli-kintone-automation/src/common/ExportTestCommon.js:139:40)
    at processTicksAndRejections (internal/process/task_queues.js:93:5)
    at Object.&lt;anonymous&gt; (/Users/k001534/Desktop/cli-kintone-automation/cli-kintone-automation/src/tests/exportWithoutOption/exportWithEncodingParam.test.js:175:9)</failure>
    </testcase>
    <testcase classname="Export without --export option: Export data with encoding format (-e)" name="Case 321: API Token - Verify that data can be exported to a file with utf-8 encoding" time="6.461">
      <failure>Error: expect(received).toEqual(expected) // deep equality

Expected: &quot;9cc0ca32badcffe6900ff92b60368542bf5b77d7ad8f0209f623e05333e56308&quot;
Received: &quot;e3b0c44298fc1c149afbf4c8996fb92427ae41e4649b934ca495991b7852b855&quot;
    at ExportTestCommon.verifyExportedData (/Users/k001534/Desktop/cli-kintone-automation/cli-kintone-automation/src/common/ExportTestCommon.js:139:40)
    at processTicksAndRejections (internal/process/task_queues.js:93:5)
    at Object.&lt;anonymous&gt; (/Users/k001534/Desktop/cli-kintone-automation/cli-kintone-automation/src/tests/exportWithoutOption/exportWithEncodingParam.test.js:193:9)</failure>
    </testcase>
  </testsuite>
  <testsuite name="Export with --export option: Export data using query (-q)" errors="0" failures="5" skipped="0" timestamp="2021-01-28T08:15:11" time="8.958" tests="5">
    <testcase classname="Export with --export option: Export data using query (-q)" name="Case 166: Verify that data will be returned when using the query which match record in kintone" time="1.469">
      <failure>Error: expect(received).toEqual(expected) // deep equality

Expected: &quot;a80db81065e66b4f99470369f523867d52532fdf367741cb7841248883cffdaa&quot;
Received: &quot;e3b0c44298fc1c149afbf4c8996fb92427ae41e4649b934ca495991b7852b855&quot;
    at ExportTestCommon.verifyExportedData (/Users/k001534/Desktop/cli-kintone-automation/cli-kintone-automation/src/common/ExportTestCommon.js:139:40)
    at processTicksAndRejections (internal/process/task_queues.js:93:5)
    at Object.&lt;anonymous&gt; (/Users/k001534/Desktop/cli-kintone-automation/cli-kintone-automation/src/tests/exportWithOption/exportWithQueryParam.test.js:31:9)</failure>
    </testcase>
    <testcase classname="Export with --export option: Export data using query (-q)" name="Case 167: Verify that data will be returned when using the query with -q include limit, offset" time="1.233">
      <failure>Error: expect(received).toEqual(expected) // deep equality

Expected: &quot;c76f2d178e49a18665f343589f7d674435e5a2dda4c739eeb4b00c0a5312f866&quot;
Received: &quot;e3b0c44298fc1c149afbf4c8996fb92427ae41e4649b934ca495991b7852b855&quot;
    at ExportTestCommon.verifyExportedData (/Users/k001534/Desktop/cli-kintone-automation/cli-kintone-automation/src/common/ExportTestCommon.js:139:40)
    at processTicksAndRejections (internal/process/task_queues.js:93:5)
    at Object.&lt;anonymous&gt; (/Users/k001534/Desktop/cli-kintone-automation/cli-kintone-automation/src/tests/exportWithOption/exportWithQueryParam.test.js:49:9)</failure>
    </testcase>
    <testcase classname="Export with --export option: Export data using query (-q)" name="Case 168: Verify that the error message will be returned in file exported when using the query which doesnot match any record" time="1.297">
      <failure>Error: expect(received).toEqual(expected) // deep equality

Expected: StringContaining &quot;No record found.&quot;
Received: &quot;&quot;
    at ExportTestCommon.verifyNoRecordFoundMessage (/Users/k001534/Desktop/cli-kintone-automation/cli-kintone-automation/src/common/CliKintoneTestBase.js:96:36)
    at Object.&lt;anonymous&gt; (/Users/k001534/Desktop/cli-kintone-automation/cli-kintone-automation/src/tests/exportWithOption/exportWithQueryParam.test.js:67:26)</failure>
    </testcase>
    <testcase classname="Export with --export option: Export data using query (-q)" name="Case 169: Verify that error will be displayed when using non-existed field code" time="1.239">
      <failure>Error: expect(received).toEqual(expected) // deep equality

Expected: StringContaining &quot;AppError: 520 [GAIA_IQ11] Specified field (Invalid) not found&quot;
Received: &quot;Error: Command failed: ./cli-kintone -a 21 -d undefined -u undefined -p undefined -c Number,Link,Text_area,Date,Time,Date_and_time,Multi_choice,Drop_down,Attachment,User_selection,Text,Calculated,Radio_button,Check_box,Group_selection,Rich_text,Department_selection,Text_0,Number_0 -q \&quot;Invalid &gt; 500 limit 10 offset 0\&quot; --export &gt; src/resources/actualExportedCSVData.csv
2021/01/28 15:15:18 HTTP error: 404 Not Found
&quot;
    at ExportTestCommon.verifyAppErrorMessage (/Users/k001534/Desktop/cli-kintone-automation/cli-kintone-automation/src/common/CliKintoneTestBase.js:29:35)
    at Object.&lt;anonymous&gt; (/Users/k001534/Desktop/cli-kintone-automation/cli-kintone-automation/src/tests/exportWithOption/exportWithQueryParam.test.js:85:20)
    at processTicksAndRejections (internal/process/task_queues.js:93:5)</failure>
    </testcase>
    <testcase classname="Export with --export option: Export data using query (-q)" name="Case 170: Verify that error will be displayed when using invalid query format" time="1.308">
      <failure>Error: expect(received).toEqual(expected) // deep equality

Expected: StringContaining &quot;unsupported query format&quot;
Received: &quot;Error: Command failed: ./cli-kintone -a 21 -d undefined -u undefined -p undefined -c Number,Link,Text_area,Date,Time,Date_and_time,Multi_choice,Drop_down,Attachment,User_selection,Text,Calculated,Radio_button,Check_box,Group_selection,Rich_text,Department_selection,Text_0,Number_0 -q \&quot;invalid query\&quot; --export &gt; src/resources/actualExportedCSVData.csv
2021/01/28 15:15:20 HTTP error: 404 Not Found
&quot;
    at ExportTestCommon.verifyErrorCommandFailed (/Users/k001534/Desktop/cli-kintone-automation/cli-kintone-automation/src/common/CliKintoneTestBase.js:41:39)
    at Object.&lt;anonymous&gt; (/Users/k001534/Desktop/cli-kintone-automation/cli-kintone-automation/src/tests/exportWithOption/exportWithQueryParam.test.js:102:20)
    at processTicksAndRejections (internal/process/task_queues.js:93:5)</failure>
    </testcase>
  </testsuite>
  <testsuite name="Import with --import option: Delete all records before inserting (-D=true)" errors="0" failures="5" skipped="0" timestamp="2021-01-28T08:15:20" time="24.112" tests="5">
    <testcase classname="Import with --import option: Delete all records before inserting (-D=true)" name="C100: Verify that all records will be deleted before inserting" time="7.633">
      <failure>Error: expect(received).toEqual(expected) // deep equality

Expected: StringContaining &quot;SUCCESS&quot;
Received: [Error: Command failed: ./cli-kintone -a 18 -d undefined -u undefined -p undefined --import -f src/resources/test_data/import_test/importCSVData.csv
2021/01/28 15:15:22 HTTP error: 404 Not Found
]
    at ImportTestCommon.verifyCliKintoneSuccessMessage (/Users/k001534/Desktop/cli-kintone-automation/cli-kintone-automation/src/common/CliKintoneTestBase.js:15:24)
    at Object.&lt;anonymous&gt; (/Users/k001534/Desktop/cli-kintone-automation/cli-kintone-automation/src/tests/importWithOption/importWithDeteleBeforeInsert.test.js:32:21)
    at processTicksAndRejections (internal/process/task_queues.js:93:5)</failure>
    </testcase>
    <testcase classname="Import with --import option: Delete all records before inserting (-D=true)" name="C100: Guest space - Verify that all records will be deleted before inserting" time="3.157">
      <failure>Error: expect(received).toEqual(expected) // deep equality

Expected: StringContaining &quot;SUCCESS&quot;
Received: [Error: Command failed: ./cli-kintone -a 8 -d undefined -u undefined -p undefined --import -f src/resources/test_data/import_test/importCSVData.csv -g 2
2021/01/28 15:15:30 HTTP error: 404 Not Found
]
    at ImportTestCommon.verifyCliKintoneSuccessMessage (/Users/k001534/Desktop/cli-kintone-automation/cli-kintone-automation/src/common/CliKintoneTestBase.js:15:24)
    at Object.&lt;anonymous&gt; (/Users/k001534/Desktop/cli-kintone-automation/cli-kintone-automation/src/tests/importWithOption/importWithDeteleBeforeInsert.test.js:71:21)
    at processTicksAndRejections (internal/process/task_queues.js:93:5)</failure>
    </testcase>
    <testcase classname="Import with --import option: Delete all records before inserting (-D=true)" name="C101: Verify that all records will be deleted before inserting with attachment file directory (-f -b -D)" time="2.654">
      <failure>Error: expect(received).toEqual(expected) // deep equality

Expected: StringContaining &quot;SUCCESS&quot;
Received: [Error: Command failed: ./cli-kintone -a 18 -d undefined -u undefined -p undefined --import -f src/resources/test_data/import_test/importCSVDataWithAttachment.csv -b=src/resources/files/
2021/01/28 15:15:33 HTTP error: 404 Not Found
]
    at ImportTestCommon.verifyCliKintoneSuccessMessage (/Users/k001534/Desktop/cli-kintone-automation/cli-kintone-automation/src/common/CliKintoneTestBase.js:15:24)
    at Object.&lt;anonymous&gt; (/Users/k001534/Desktop/cli-kintone-automation/cli-kintone-automation/src/tests/importWithOption/importWithDeteleBeforeInsert.test.js:100:21)
    at processTicksAndRejections (internal/process/task_queues.js:93:5)</failure>
    </testcase>
    <testcase classname="Import with --import option: Delete all records before inserting (-D=true)" name="C103: Verify that no record will be deleted when not specifying -D" time="7.263">
      <failure>Error: expect(received).toEqual(expected) // deep equality

Expected: StringContaining &quot;SUCCESS&quot;
Received: [Error: Command failed: ./cli-kintone -a 18 -d undefined -u undefined -p undefined --import -f src/resources/test_data/import_test/importCSVData.csv
2021/01/28 15:15:40 HTTP error: 404 Not Found
]
    at ImportTestCommon.verifyCliKintoneSuccessMessage (/Users/k001534/Desktop/cli-kintone-automation/cli-kintone-automation/src/common/CliKintoneTestBase.js:15:24)
    at Object.&lt;anonymous&gt; (/Users/k001534/Desktop/cli-kintone-automation/cli-kintone-automation/src/tests/importWithOption/importWithDeteleBeforeInsert.test.js:121:21)
    at processTicksAndRejections (internal/process/task_queues.js:93:5)</failure>
    </testcase>
    <testcase classname="Import with --import option: Delete all records before inserting (-D=true)" name="C105: Verify that all records will be deleted before inserting using API Token" time="2.628">
      <failure>Error: expect(received).toEqual(expected) // deep equality

Expected: StringContaining &quot;SUCCESS&quot;
Received: [Error: Command failed: ./cli-kintone -a 18 -d undefined -t vUT4ULifGGFvyNpoRFedkdhr2zbdAgbbW9wVwmka --import -f src/resources/test_data/import_test/importCSVData.csv
2021/01/28 15:15:43 HTTP error: 404 Not Found
]
    at ImportTestCommon.verifyCliKintoneSuccessMessage (/Users/k001534/Desktop/cli-kintone-automation/cli-kintone-automation/src/common/CliKintoneTestBase.js:15:24)
    at Object.&lt;anonymous&gt; (/Users/k001534/Desktop/cli-kintone-automation/cli-kintone-automation/src/tests/importWithOption/importWithDeteleBeforeInsert.test.js:148:21)
    at processTicksAndRejections (internal/process/task_queues.js:93:5)</failure>
    </testcase>
  </testsuite>
  <testsuite name="Import without --import option: Update current data with file by using * in front of field code (-f)" errors="0" failures="4" skipped="0" timestamp="2021-01-28T08:15:44" time="12.818" tests="4">
    <testcase classname="Import without --import option: Update current data with file by using * in front of field code (-f)" name="C238: Verify that data will be updated correctly, the revision is increased by 1 after update" time="2.837">
      <failure>Error: expect(received).toEqual(expected) // deep equality

Expected: StringContaining &quot;SUCCESS&quot;
Received: [Error: Command failed: ./cli-kintone -a 22 -d undefined -u undefined -p undefined -f src/resources/test_data/import_test/updateDataUsingAsteriskSymbol.csv
2021/01/28 15:15:48 HTTP error: 404 Not Found
]
    at ImportTestCommon.verifyCliKintoneSuccessMessage (/Users/k001534/Desktop/cli-kintone-automation/cli-kintone-automation/src/common/CliKintoneTestBase.js:15:24)
    at Object.&lt;anonymous&gt; (/Users/k001534/Desktop/cli-kintone-automation/cli-kintone-automation/src/tests/importWithoutOption/UpdateDataUsingAsteriskSymbol.test.js:25:20)
    at processTicksAndRejections (internal/process/task_queues.js:93:5)</failure>
    </testcase>
    <testcase classname="Import without --import option: Update current data with file by using * in front of field code (-f)" name="C240: Verify that data will be updated when using * for multiple fields (e.g. *Text, *Number)" time="2.904">
      <failure>Error: expect(received).toEqual(expected) // deep equality

Expected: StringContaining &quot;SUCCESS&quot;
Received: [Error: Command failed: ./cli-kintone -a 22 -d undefined -u undefined -p undefined -f src/resources/test_data/import_test/updateDataUsingAsteriskSymbolMultiField.csv
2021/01/28 15:15:50 HTTP error: 404 Not Found
]
    at ImportTestCommon.verifyCliKintoneSuccessMessage (/Users/k001534/Desktop/cli-kintone-automation/cli-kintone-automation/src/common/CliKintoneTestBase.js:15:24)
    at Object.&lt;anonymous&gt; (/Users/k001534/Desktop/cli-kintone-automation/cli-kintone-automation/src/tests/importWithoutOption/UpdateDataUsingAsteriskSymbol.test.js:34:20)
    at processTicksAndRejections (internal/process/task_queues.js:93:5)</failure>
    </testcase>
    <testcase classname="Import without --import option: Update current data with file by using * in front of field code (-f)" name="C255: Verify the updated record is added as new record when leaving the value of *field is blank" time="2.559">
      <failure>Error: expect(received).toEqual(expected) // deep equality

Expected: StringContaining &quot;SUCCESS&quot;
Received: [Error: Command failed: ./cli-kintone -a 22 -d undefined -u undefined -p undefined -f src/resources/test_data/import_test/updateDataUsingAsteriskSymbolBlankValue.csv
2021/01/28 15:15:53 HTTP error: 404 Not Found
]
    at ImportTestCommon.verifyCliKintoneSuccessMessage (/Users/k001534/Desktop/cli-kintone-automation/cli-kintone-automation/src/common/CliKintoneTestBase.js:15:24)
    at Object.&lt;anonymous&gt; (/Users/k001534/Desktop/cli-kintone-automation/cli-kintone-automation/src/tests/importWithoutOption/UpdateDataUsingAsteriskSymbol.test.js:48:20)
    at processTicksAndRejections (internal/process/task_queues.js:93:5)</failure>
    </testcase>
    <testcase classname="Import without --import option: Update current data with file by using * in front of field code (-f)" name="C258: Verify that data will be updated correctly using API Token" time="3.6">
      <failure>Error: expect(received).toEqual(expected) // deep equality

Expected: StringContaining &quot;SUCCESS&quot;
Received: [Error: Command failed: ./cli-kintone -a 22 -d undefined -t eoD0FKC2Rk3whvd8lUdj4IqFCwlqDKuXcmeelJkj -f src/resources/test_data/import_test/updateDataUsingAsteriskSymbol.csv
2021/01/28 15:15:57 HTTP error: 404 Not Found
]
    at ImportTestCommon.verifyCliKintoneSuccessMessage (/Users/k001534/Desktop/cli-kintone-automation/cli-kintone-automation/src/common/CliKintoneTestBase.js:15:24)
    at Object.&lt;anonymous&gt; (/Users/k001534/Desktop/cli-kintone-automation/cli-kintone-automation/src/tests/importWithoutOption/UpdateDataUsingAsteriskSymbol.test.js:60:20)
    at processTicksAndRejections (internal/process/task_queues.js:93:5)</failure>
    </testcase>
  </testsuite>
  <testsuite name="Export without --export option: Export data with attachment (-b)" errors="0" failures="7" skipped="0" timestamp="2021-01-28T08:15:57" time="12.576" tests="7">
    <testcase classname="Export without --export option: Export data with attachment (-b)" name="Case 339: Verify that the attachment will be displayed as text when not specifying -b param" time="1.188">
      <failure>Error: expect(received).toEqual(expected) // deep equality

Expected: &quot;603a6a56019c2d29848dc6f77307be7b4a370cbc88914748484c73803dcc64cb&quot;
Received: &quot;e3b0c44298fc1c149afbf4c8996fb92427ae41e4649b934ca495991b7852b855&quot;
    at ExportTestCommon.verifyExportedData (/Users/k001534/Desktop/cli-kintone-automation/cli-kintone-automation/src/common/ExportTestCommon.js:139:40)
    at processTicksAndRejections (internal/process/task_queues.js:93:5)
    at Object.&lt;anonymous&gt; (/Users/k001534/Desktop/cli-kintone-automation/cli-kintone-automation/src/tests/exportWithoutOption/exportWithAttachmentParam.test.js:40:9)</failure>
    </testcase>
    <testcase classname="Export without --export option: Export data with attachment (-b)" name="Case 340: Verify that the attachment will be displayed as text when specifying -b param" time="1.286">
      <failure>Error: expect(received).toEqual(expected) // deep equality

Expected: &quot;7142b7eca43bea8bc5bf1f19954177f6d7ff45a1010fadccfcfb7f6d1a537498&quot;
Received: &quot;e3b0c44298fc1c149afbf4c8996fb92427ae41e4649b934ca495991b7852b855&quot;
    at ExportTestCommon.verifyExportedData (/Users/k001534/Desktop/cli-kintone-automation/cli-kintone-automation/src/common/ExportTestCommon.js:139:40)
    at processTicksAndRejections (internal/process/task_queues.js:93:5)
    at Object.&lt;anonymous&gt; (/Users/k001534/Desktop/cli-kintone-automation/cli-kintone-automation/src/tests/exportWithoutOption/exportWithAttachmentParam.test.js:63:9)</failure>
    </testcase>
    <testcase classname="Export without --export option: Export data with attachment (-b)" name="Case 340 - Guest Space: Verify that the attachment will be displayed as text when specifying -b param" time="2.751">
      <failure>Error: expect(received).toEqual(expected) // deep equality

Expected: &quot;0548e69dabb740578d87283fb82c5bb284a301d0c5c65efc75a8324100bb6086&quot;
Received: &quot;e3b0c44298fc1c149afbf4c8996fb92427ae41e4649b934ca495991b7852b855&quot;
    at ExportTestCommon.verifyExportedData (/Users/k001534/Desktop/cli-kintone-automation/cli-kintone-automation/src/common/ExportTestCommon.js:139:40)
    at processTicksAndRejections (internal/process/task_queues.js:93:5)
    at Object.&lt;anonymous&gt; (/Users/k001534/Desktop/cli-kintone-automation/cli-kintone-automation/src/tests/exportWithoutOption/exportWithAttachmentParam.test.js:103:9)</failure>
    </testcase>
    <testcase classname="Export without --export option: Export data with attachment (-b)" name="Case 341: Verify that if user specify non-existed folder, this folder will be created" time="1.296">
      <failure>Error: ENOENT: no such file or directory, rmdir &apos;./non-exist/&apos;
    at Object.rmdirSync (fs.js:890:10)
    at ExportTestCommon.verifyExportAttachmentFileData (/Users/k001534/Desktop/cli-kintone-automation/cli-kintone-automation/src/common/ExportTestCommon.js:183:22)
    at processTicksAndRejections (internal/process/task_queues.js:93:5)
    at Object.&lt;anonymous&gt; (/Users/k001534/Desktop/cli-kintone-automation/cli-kintone-automation/src/tests/exportWithoutOption/exportWithAttachmentParam.test.js:127:9)</failure>
    </testcase>
    <testcase classname="Export without --export option: Export data with attachment (-b)" name="Case 344-345-346: Verify the case with attachment are text files, image files or exe files (doc, xls, csv, png, jpg, exe)" time="1.293">
      <failure>Error: expect(received).toEqual(expected) // deep equality

Expected: &quot;7142b7eca43bea8bc5bf1f19954177f6d7ff45a1010fadccfcfb7f6d1a537498&quot;
Received: &quot;e3b0c44298fc1c149afbf4c8996fb92427ae41e4649b934ca495991b7852b855&quot;
    at ExportTestCommon.verifyExportedData (/Users/k001534/Desktop/cli-kintone-automation/cli-kintone-automation/src/common/ExportTestCommon.js:139:40)
    at processTicksAndRejections (internal/process/task_queues.js:93:5)
    at Object.&lt;anonymous&gt; (/Users/k001534/Desktop/cli-kintone-automation/cli-kintone-automation/src/tests/exportWithoutOption/exportWithAttachmentParam.test.js:151:9)</failure>
    </testcase>
    <testcase classname="Export without --export option: Export data with attachment (-b)" name="Case 347: Verify that the attachment will NOT be downloaded if user does NOT have proper permissions" time="1.228">
      <failure>Error: expect(received).toEqual(expected) // deep equality

Expected: &quot;c0136e03b4eddd709588992660ffd098691f9961befb481a36666edecd4f2954&quot;
Received: &quot;e3b0c44298fc1c149afbf4c8996fb92427ae41e4649b934ca495991b7852b855&quot;
    at ExportTestCommon.verifyExportedData (/Users/k001534/Desktop/cli-kintone-automation/cli-kintone-automation/src/common/ExportTestCommon.js:139:40)
    at processTicksAndRejections (internal/process/task_queues.js:93:5)
    at Object.&lt;anonymous&gt; (/Users/k001534/Desktop/cli-kintone-automation/cli-kintone-automation/src/tests/exportWithoutOption/exportWithAttachmentParam.test.js:175:9)</failure>
    </testcase>
    <testcase classname="Export without --export option: Export data with attachment (-b)" name="Case 348: In combination with params -o -e -q, verify that the attachment will be downloaded when specifying -b" time="1.254">
      <failure>Error: expect(received).toEqual(expected) // deep equality

Expected: &quot;7142b7eca43bea8bc5bf1f19954177f6d7ff45a1010fadccfcfb7f6d1a537498&quot;
Received: &quot;e3b0c44298fc1c149afbf4c8996fb92427ae41e4649b934ca495991b7852b855&quot;
    at ExportTestCommon.verifyExportedData (/Users/k001534/Desktop/cli-kintone-automation/cli-kintone-automation/src/common/ExportTestCommon.js:139:40)
    at processTicksAndRejections (internal/process/task_queues.js:93:5)
    at Object.&lt;anonymous&gt; (/Users/k001534/Desktop/cli-kintone-automation/cli-kintone-automation/src/tests/exportWithoutOption/exportWithAttachmentParam.test.js:197:9)</failure>
    </testcase>
  </testsuite>
  <testsuite name="Import without --import option: Authenticate with username/password (-u) (-p)" errors="0" failures="8" skipped="0" timestamp="2021-01-28T08:16:09" time="16.276" tests="11">
    <testcase classname="Import without --import option: Authenticate with username/password (-u) (-p)" name="C193: Verify that data is imported correctly with username/password for an app" time="1.313">
      <failure>Error: expect(received).toEqual(expected) // deep equality

Expected: StringContaining &quot;SUCCESS&quot;
Received: [Error: Command failed: ./cli-kintone -a 18 -d undefined -u undefined -p undefined -f src/resources/test_data/import_test/importCSVData.csv
2021/01/28 15:16:11 HTTP error: 404 Not Found
]
    at ImportTestCommon.verifyCliKintoneSuccessMessage (/Users/k001534/Desktop/cli-kintone-automation/cli-kintone-automation/src/common/CliKintoneTestBase.js:15:24)
    at Object.&lt;anonymous&gt; (/Users/k001534/Desktop/cli-kintone-automation/cli-kintone-automation/src/tests/importWithoutOption/importWithAuthenticateUsernamePassword.test.js:18:20)
    at processTicksAndRejections (internal/process/task_queues.js:93:5)</failure>
    </testcase>
    <testcase classname="Import without --import option: Authenticate with username/password (-u) (-p)" name="C193: Guest space - Verify that data is imported correctly with username/password for an app" time="2.547">
      <failure>Error: expect(received).toEqual(expected) // deep equality

Expected: StringContaining &quot;SUCCESS&quot;
Received: [Error: Command failed: ./cli-kintone -a 8 -d undefined -u undefined -p undefined -f src/resources/test_data/import_test/importCSVData.csv -g 2
2021/01/28 15:16:13 HTTP error: 404 Not Found
]
    at ImportTestCommon.verifyCliKintoneSuccessMessage (/Users/k001534/Desktop/cli-kintone-automation/cli-kintone-automation/src/common/CliKintoneTestBase.js:15:24)
    at Object.&lt;anonymous&gt; (/Users/k001534/Desktop/cli-kintone-automation/cli-kintone-automation/src/tests/importWithoutOption/importWithAuthenticateUsernamePassword.test.js:40:20)
    at processTicksAndRejections (internal/process/task_queues.js:93:5)</failure>
    </testcase>
    <testcase classname="Import without --import option: Authenticate with username/password (-u) (-p)" name="C194 - Verify that error will be displayed when importing data with wrong username" time="1.505">
      <failure>Error: expect(received).toEqual(expected) // deep equality

Expected: StringContaining &quot;AppError: 520 [CB_WA01] Password authentication failed. The value in http header of X-Cybozu-Authorization is not valid.&quot;
Received: &quot;Error: Command failed: ./cli-kintone -a 18 -d undefined -u invalidUserName -p undefined -f src/resources/test_data/import_test/importCSVData.csv
2021/01/28 15:16:15 HTTP error: 404 Not Found
&quot;
    at ImportTestCommon.verifyAppErrorMessage (/Users/k001534/Desktop/cli-kintone-automation/cli-kintone-automation/src/common/CliKintoneTestBase.js:29:35)
    at Object.&lt;anonymous&gt; (/Users/k001534/Desktop/cli-kintone-automation/cli-kintone-automation/src/tests/importWithoutOption/importWithAuthenticateUsernamePassword.test.js:56:20)
    at processTicksAndRejections (internal/process/task_queues.js:93:5)</failure>
    </testcase>
    <testcase classname="Import without --import option: Authenticate with username/password (-u) (-p)" name="C195 - Verify that error will be displayed when importing data with wrong password" time="1.262">
      <failure>Error: expect(received).toEqual(expected) // deep equality

Expected: StringContaining &quot;AppError: 520 [CB_WA01] Password authentication failed. The value in http header of X-Cybozu-Authorization is not valid.&quot;
Received: &quot;Error: Command failed: ./cli-kintone -a 18 -d undefined -u undefined -p wrongPassword -f src/resources/test_data/import_test/importCSVData.csv
2021/01/28 15:16:17 HTTP error: 404 Not Found
&quot;
    at ImportTestCommon.verifyAppErrorMessage (/Users/k001534/Desktop/cli-kintone-automation/cli-kintone-automation/src/common/CliKintoneTestBase.js:29:35)
    at Object.&lt;anonymous&gt; (/Users/k001534/Desktop/cli-kintone-automation/cli-kintone-automation/src/tests/importWithoutOption/importWithAuthenticateUsernamePassword.test.js:66:20)
    at processTicksAndRejections (internal/process/task_queues.js:93:5)</failure>
    </testcase>
    <testcase classname="Import without --import option: Authenticate with username/password (-u) (-p)" name="C197 - When not providing password: Input correct password and verify that data is imported correctly" time="1.198">
      <failure>Error: expect(received).toEqual(expected) // deep equality

Expected: StringContaining &quot;SUCCESS&quot;
Received: [Error: Command failed: echo undefined|./cli-kintone -a 18 -d undefined -u undefined -f src/resources/test_data/import_test/importCSVData.csv
2021/01/28 15:16:18 HTTP error: 404 Not Found
]
    at ImportTestCommon.verifyCliKintoneSuccessMessage (/Users/k001534/Desktop/cli-kintone-automation/cli-kintone-automation/src/common/CliKintoneTestBase.js:15:24)
    at Object.&lt;anonymous&gt; (/Users/k001534/Desktop/cli-kintone-automation/cli-kintone-automation/src/tests/importWithoutOption/importWithAuthenticateUsernamePassword.test.js:74:20)
    at processTicksAndRejections (internal/process/task_queues.js:93:5)</failure>
    </testcase>
    <testcase classname="Import without --import option: Authenticate with username/password (-u) (-p)" name="C198 - When not providing password: Input wrong password and verify that error will be displayed" time="1.843">
      <failure>Error: expect(received).toEqual(expected) // deep equality

Expected: StringContaining &quot;AppError: 520 [CB_WA01] Password authentication failed. The value in http header of X-Cybozu-Authorization is not valid.&quot;
Received: &quot;Error: Command failed: echo wrongPassword|./cli-kintone -a 18 -d undefined -u undefined -f src/resources/test_data/import_test/importCSVData.csv
2021/01/28 15:16:20 HTTP error: 404 Not Found
&quot;
    at ImportTestCommon.verifyAppErrorMessage (/Users/k001534/Desktop/cli-kintone-automation/cli-kintone-automation/src/common/CliKintoneTestBase.js:29:35)
    at Object.&lt;anonymous&gt; (/Users/k001534/Desktop/cli-kintone-automation/cli-kintone-automation/src/tests/importWithoutOption/importWithAuthenticateUsernamePassword.test.js:87:20)
    at processTicksAndRejections (internal/process/task_queues.js:93:5)</failure>
    </testcase>
    <testcase classname="Import without --import option: Authenticate with username/password (-u) (-p)" name="C199 - Verify that error will be displayed with user who doesn’t have View record permission for an app" time="1.282">
      <failure>Error: expect(received).toEqual(expected) // deep equality

Expected: StringContaining &quot;AppError: 403 [CB_NO02] No privilege to proceed.&quot;
Received: &quot;Error: Command failed: ./cli-kintone -a 18 -d undefined -u user2 -p user2 -f src/resources/test_data/import_test/importCSVData.csv
2021/01/28 15:16:21 HTTP error: 404 Not Found
&quot;
    at ImportTestCommon.verifyAppErrorMessage (/Users/k001534/Desktop/cli-kintone-automation/cli-kintone-automation/src/common/CliKintoneTestBase.js:29:35)
    at Object.&lt;anonymous&gt; (/Users/k001534/Desktop/cli-kintone-automation/cli-kintone-automation/src/tests/importWithoutOption/importWithAuthenticateUsernamePassword.test.js:101:20)
    at processTicksAndRejections (internal/process/task_queues.js:93:5)</failure>
    </testcase>
    <testcase classname="Import without --import option: Authenticate with username/password (-u) (-p)" name="C200 - Verify that error will be displayed when executing command with wrong App ID" time="1.296">
      <failure>Error: expect(received).toEqual(expected) // deep equality

Expected: StringContaining &quot;AppError: 404 [GAIA_AP01] The app (ID: 99999) not found. The app may have been deleted.&quot;
Received: &quot;Error: Command failed: ./cli-kintone -a 99999 -d undefined -u undefined -p undefined -f src/resources/test_data/import_test/importCSVData.csv
2021/01/28 15:16:22 HTTP error: 404 Not Found
&quot;
    at ImportTestCommon.verifyAppErrorMessage (/Users/k001534/Desktop/cli-kintone-automation/cli-kintone-automation/src/common/CliKintoneTestBase.js:29:35)
    at Object.&lt;anonymous&gt; (/Users/k001534/Desktop/cli-kintone-automation/cli-kintone-automation/src/tests/importWithoutOption/importWithAuthenticateUsernamePassword.test.js:113:20)
    at processTicksAndRejections (internal/process/task_queues.js:93:5)</failure>
    </testcase>
    <testcase classname="Import without --import option: Authenticate with username/password (-u) (-p)" name="C201 - Verify that error will be displayed when executing command with wrong Domain" time="1.624">
    </testcase>
    <testcase classname="Import without --import option: Authenticate with username/password (-u) (-p)" name="C202 - Verify that error will be displayed when executing command with wrong Domain and App" time="1.601">
    </testcase>
    <testcase classname="Import without --import option: Authenticate with username/password (-u) (-p)" name="C203 - Verify that error will be displayed when executing with duplicated params" time="0.114">
    </testcase>
  </testsuite>
  <testsuite name="Import without --import option: Delete all records before inserting (-D=true)" errors="0" failures="5" skipped="0" timestamp="2021-01-28T08:16:26" time="14.33" tests="5">
    <testcase classname="Import without --import option: Delete all records before inserting (-D=true)" name="C261: Verify that all records will be deleted before inserting" time="3.138">
      <failure>Error: expect(received).toEqual(expected) // deep equality

Expected: StringContaining &quot;SUCCESS&quot;
Received: [Error: Command failed: ./cli-kintone -a 18 -d undefined -u undefined -p undefined --import -f src/resources/test_data/import_test/importCSVData.csv
2021/01/28 15:16:27 HTTP error: 404 Not Found
]
    at ImportTestCommon.verifyCliKintoneSuccessMessage (/Users/k001534/Desktop/cli-kintone-automation/cli-kintone-automation/src/common/CliKintoneTestBase.js:15:24)
    at Object.&lt;anonymous&gt; (/Users/k001534/Desktop/cli-kintone-automation/cli-kintone-automation/src/tests/importWithoutOption/importWithDeteleBeforeInsert.test.js:32:21)
    at processTicksAndRejections (internal/process/task_queues.js:93:5)</failure>
    </testcase>
    <testcase classname="Import without --import option: Delete all records before inserting (-D=true)" name="C261: Guest space - Verify that all records will be deleted before inserting" time="2.991">
      <failure>Error: expect(received).toEqual(expected) // deep equality

Expected: StringContaining &quot;SUCCESS&quot;
Received: [Error: Command failed: ./cli-kintone -a 8 -d undefined -u undefined -p undefined -f src/resources/test_data/import_test/importCSVData.csv -g 2
2021/01/28 15:16:31 HTTP error: 404 Not Found
]
    at ImportTestCommon.verifyCliKintoneSuccessMessage (/Users/k001534/Desktop/cli-kintone-automation/cli-kintone-automation/src/common/CliKintoneTestBase.js:15:24)
    at Object.&lt;anonymous&gt; (/Users/k001534/Desktop/cli-kintone-automation/cli-kintone-automation/src/tests/importWithoutOption/importWithDeteleBeforeInsert.test.js:71:21)
    at processTicksAndRejections (internal/process/task_queues.js:93:5)</failure>
    </testcase>
    <testcase classname="Import without --import option: Delete all records before inserting (-D=true)" name="C262: Verify that all records will be deleted before inserting with attachment file directory (-f -b -D)" time="2.689">
      <failure>Error: expect(received).toEqual(expected) // deep equality

Expected: StringContaining &quot;SUCCESS&quot;
Received: [Error: Command failed: ./cli-kintone -a 18 -d undefined -u undefined -p undefined --import -f src/resources/test_data/import_test/importCSVDataWithAttachment.csv -b=src/resources/files/
2021/01/28 15:16:33 HTTP error: 404 Not Found
]
    at ImportTestCommon.verifyCliKintoneSuccessMessage (/Users/k001534/Desktop/cli-kintone-automation/cli-kintone-automation/src/common/CliKintoneTestBase.js:15:24)
    at Object.&lt;anonymous&gt; (/Users/k001534/Desktop/cli-kintone-automation/cli-kintone-automation/src/tests/importWithoutOption/importWithDeteleBeforeInsert.test.js:100:21)
    at processTicksAndRejections (internal/process/task_queues.js:93:5)</failure>
    </testcase>
    <testcase classname="Import without --import option: Delete all records before inserting (-D=true)" name="C263: Verify that no record will be deleted when not specifying -D" time="2.54">
      <failure>Error: expect(received).toEqual(expected) // deep equality

Expected: StringContaining &quot;SUCCESS&quot;
Received: [Error: Command failed: ./cli-kintone -a 18 -d undefined -u undefined -p undefined --import -f src/resources/test_data/import_test/importCSVData.csv
2021/01/28 15:16:36 HTTP error: 404 Not Found
]
    at ImportTestCommon.verifyCliKintoneSuccessMessage (/Users/k001534/Desktop/cli-kintone-automation/cli-kintone-automation/src/common/CliKintoneTestBase.js:15:24)
    at Object.&lt;anonymous&gt; (/Users/k001534/Desktop/cli-kintone-automation/cli-kintone-automation/src/tests/importWithoutOption/importWithDeteleBeforeInsert.test.js:121:21)
    at processTicksAndRejections (internal/process/task_queues.js:93:5)</failure>
    </testcase>
    <testcase classname="Import without --import option: Delete all records before inserting (-D=true)" name="C265: Verify that all records will be deleted before inserting using API Token" time="2.657">
      <failure>Error: expect(received).toEqual(expected) // deep equality

Expected: StringContaining &quot;SUCCESS&quot;
Received: [Error: Command failed: ./cli-kintone -a 18 -d undefined -t vUT4ULifGGFvyNpoRFedkdhr2zbdAgbbW9wVwmka --import -f src/resources/test_data/import_test/importCSVData.csv
2021/01/28 15:16:39 HTTP error: 404 Not Found
]
    at ImportTestCommon.verifyCliKintoneSuccessMessage (/Users/k001534/Desktop/cli-kintone-automation/cli-kintone-automation/src/common/CliKintoneTestBase.js:15:24)
    at Object.&lt;anonymous&gt; (/Users/k001534/Desktop/cli-kintone-automation/cli-kintone-automation/src/tests/importWithoutOption/importWithDeteleBeforeInsert.test.js:148:21)
    at processTicksAndRejections (internal/process/task_queues.js:93:5)</failure>
    </testcase>
  </testsuite>
  <testsuite name="Import with --import option: Authenticate with username/password (-u) (-p)" errors="0" failures="8" skipped="0" timestamp="2021-01-28T08:16:40" time="18.602" tests="11">
    <testcase classname="Import with --import option: Authenticate with username/password (-u) (-p)" name="C011: Verify that data is imported correctly with username/password for an app" time="1.326">
      <failure>Error: expect(received).toEqual(expected) // deep equality

Expected: StringContaining &quot;SUCCESS&quot;
Received: [Error: Command failed: ./cli-kintone -a 18 -d undefined -u undefined -p undefined --import -f src/resources/test_data/import_test/importCSVData.csv
2021/01/28 15:16:41 HTTP error: 404 Not Found
]
    at ImportTestCommon.verifyCliKintoneSuccessMessage (/Users/k001534/Desktop/cli-kintone-automation/cli-kintone-automation/src/common/CliKintoneTestBase.js:15:24)
    at Object.&lt;anonymous&gt; (/Users/k001534/Desktop/cli-kintone-automation/cli-kintone-automation/src/tests/importWithOption/importWithAuthenticateUsernamePassword.test.js:18:20)
    at processTicksAndRejections (internal/process/task_queues.js:93:5)</failure>
    </testcase>
    <testcase classname="Import with --import option: Authenticate with username/password (-u) (-p)" name="C011: Guest space - Verify that data is imported correctly with username/password for an app" time="1.403">
      <failure>Error: expect(received).toEqual(expected) // deep equality

Expected: StringContaining &quot;SUCCESS&quot;
Received: [Error: Command failed: ./cli-kintone -a 8 -d undefined -u undefined -p undefined --import -f src/resources/test_data/import_test/importCSVData.csv -g 2
2021/01/28 15:16:43 HTTP error: 404 Not Found
]
    at ImportTestCommon.verifyCliKintoneSuccessMessage (/Users/k001534/Desktop/cli-kintone-automation/cli-kintone-automation/src/common/CliKintoneTestBase.js:15:24)
    at Object.&lt;anonymous&gt; (/Users/k001534/Desktop/cli-kintone-automation/cli-kintone-automation/src/tests/importWithOption/importWithAuthenticateUsernamePassword.test.js:40:20)
    at processTicksAndRejections (internal/process/task_queues.js:93:5)</failure>
    </testcase>
    <testcase classname="Import with --import option: Authenticate with username/password (-u) (-p)" name="C012 - Verify that error will be displayed when importing data with wrong username" time="6.37">
      <failure>Error: expect(received).toEqual(expected) // deep equality

Expected: StringContaining &quot;AppError: 520 [CB_WA01] Password authentication failed. The value in http header of X-Cybozu-Authorization is not valid.&quot;
Received: &quot;Error: Command failed: ./cli-kintone -a 18 -d undefined -u invalidUserName -p undefined --import -f src/resources/test_data/import_test/importCSVData.csv
2021/01/28 15:16:49 HTTP error: 404 Not Found
&quot;
    at ImportTestCommon.verifyAppErrorMessage (/Users/k001534/Desktop/cli-kintone-automation/cli-kintone-automation/src/common/CliKintoneTestBase.js:29:35)
    at Object.&lt;anonymous&gt; (/Users/k001534/Desktop/cli-kintone-automation/cli-kintone-automation/src/tests/importWithOption/importWithAuthenticateUsernamePassword.test.js:56:20)
    at processTicksAndRejections (internal/process/task_queues.js:93:5)</failure>
    </testcase>
    <testcase classname="Import with --import option: Authenticate with username/password (-u) (-p)" name="C013 - Verify that error will be displayed when importing data with wrong password" time="1.344">
      <failure>Error: expect(received).toEqual(expected) // deep equality

Expected: StringContaining &quot;AppError: 520 [CB_WA01] Password authentication failed. The value in http header of X-Cybozu-Authorization is not valid.&quot;
Received: &quot;Error: Command failed: ./cli-kintone -a 18 -d undefined -u undefined -p wrongPassword --import -f src/resources/test_data/import_test/importCSVData.csv
2021/01/28 15:16:51 HTTP error: 404 Not Found
&quot;
    at ImportTestCommon.verifyAppErrorMessage (/Users/k001534/Desktop/cli-kintone-automation/cli-kintone-automation/src/common/CliKintoneTestBase.js:29:35)
    at Object.&lt;anonymous&gt; (/Users/k001534/Desktop/cli-kintone-automation/cli-kintone-automation/src/tests/importWithOption/importWithAuthenticateUsernamePassword.test.js:66:20)
    at processTicksAndRejections (internal/process/task_queues.js:93:5)</failure>
    </testcase>
    <testcase classname="Import with --import option: Authenticate with username/password (-u) (-p)" name="C015 - When not providing password: Input correct password and verify that data is imported correctly" time="1.233">
      <failure>Error: expect(received).toEqual(expected) // deep equality

Expected: StringContaining &quot;SUCCESS&quot;
Received: [Error: Command failed: echo undefined|./cli-kintone -a 18 -d undefined -u undefined --import -f src/resources/test_data/import_test/importCSVData.csv
2021/01/28 15:16:52 HTTP error: 404 Not Found
]
    at ImportTestCommon.verifyCliKintoneSuccessMessage (/Users/k001534/Desktop/cli-kintone-automation/cli-kintone-automation/src/common/CliKintoneTestBase.js:15:24)
    at Object.&lt;anonymous&gt; (/Users/k001534/Desktop/cli-kintone-automation/cli-kintone-automation/src/tests/importWithOption/importWithAuthenticateUsernamePassword.test.js:74:20)
    at processTicksAndRejections (internal/process/task_queues.js:93:5)</failure>
    </testcase>
    <testcase classname="Import with --import option: Authenticate with username/password (-u) (-p)" name="C016 - When not providing password: Input wrong password and verify that error will be displayed" time="1.324">
      <failure>Error: expect(received).toEqual(expected) // deep equality

Expected: StringContaining &quot;AppError: 520 [CB_WA01] Password authentication failed. The value in http header of X-Cybozu-Authorization is not valid.&quot;
Received: &quot;Error: Command failed: echo wrongPassword|./cli-kintone -a 18 -d undefined -u undefined --import -f src/resources/test_data/import_test/importCSVData.csv
2021/01/28 15:16:53 HTTP error: 404 Not Found
&quot;
    at ImportTestCommon.verifyAppErrorMessage (/Users/k001534/Desktop/cli-kintone-automation/cli-kintone-automation/src/common/CliKintoneTestBase.js:29:35)
    at Object.&lt;anonymous&gt; (/Users/k001534/Desktop/cli-kintone-automation/cli-kintone-automation/src/tests/importWithOption/importWithAuthenticateUsernamePassword.test.js:87:20)
    at processTicksAndRejections (internal/process/task_queues.js:93:5)</failure>
    </testcase>
    <testcase classname="Import with --import option: Authenticate with username/password (-u) (-p)" name="C017 - Verify that error will be displayed with user who doesn’t have View record permission for an app" time="1.294">
      <failure>Error: expect(received).toEqual(expected) // deep equality

Expected: StringContaining &quot;AppError: 403 [CB_NO02] No privilege to proceed.&quot;
Received: &quot;Error: Command failed: ./cli-kintone -a 18 -d undefined -u user2 -p user2 --import -f src/resources/test_data/import_test/importCSVData.csv
2021/01/28 15:16:54 HTTP error: 404 Not Found
&quot;
    at ImportTestCommon.verifyAppErrorMessage (/Users/k001534/Desktop/cli-kintone-automation/cli-kintone-automation/src/common/CliKintoneTestBase.js:29:35)
    at Object.&lt;anonymous&gt; (/Users/k001534/Desktop/cli-kintone-automation/cli-kintone-automation/src/tests/importWithOption/importWithAuthenticateUsernamePassword.test.js:100:20)
    at processTicksAndRejections (internal/process/task_queues.js:93:5)</failure>
    </testcase>
    <testcase classname="Import with --import option: Authenticate with username/password (-u) (-p)" name="C018 - Verify that error will be displayed when executing command with wrong App ID" time="1.223">
      <failure>Error: expect(received).toEqual(expected) // deep equality

Expected: StringContaining &quot;AppError: 404 [GAIA_AP01] The app (ID: 99999) not found. The app may have been deleted.&quot;
Received: &quot;Error: Command failed: ./cli-kintone -a 99999 -d undefined -u undefined -p undefined --import -f src/resources/test_data/import_test/importCSVData.csv
2021/01/28 15:16:56 HTTP error: 404 Not Found
&quot;
    at ImportTestCommon.verifyAppErrorMessage (/Users/k001534/Desktop/cli-kintone-automation/cli-kintone-automation/src/common/CliKintoneTestBase.js:29:35)
    at Object.&lt;anonymous&gt; (/Users/k001534/Desktop/cli-kintone-automation/cli-kintone-automation/src/tests/importWithOption/importWithAuthenticateUsernamePassword.test.js:112:20)
    at processTicksAndRejections (internal/process/task_queues.js:93:5)</failure>
    </testcase>
    <testcase classname="Import with --import option: Authenticate with username/password (-u) (-p)" name="C019 - Verify that error will be displayed when executing command with wrong Domain" time="1.387">
    </testcase>
    <testcase classname="Import with --import option: Authenticate with username/password (-u) (-p)" name="C020 - Verify that error will be displayed when executing command with wrong Domain and App" time="1.291">
    </testcase>
    <testcase classname="Import with --import option: Authenticate with username/password (-u) (-p)" name="C021 - Verify that error will be displayed when executing with duplicated params" time="0.107">
    </testcase>
  </testsuite>
  <testsuite name="Export with --export option: Export data with attachment (-b)" errors="0" failures="7" skipped="0" timestamp="2021-01-28T08:16:59" time="12.409" tests="7">
    <testcase classname="Export with --export option: Export data with attachment (-b)" name="Case 179: Verify that the attachment will be displayed as text when not specifying -b param" time="1.246">
      <failure>Error: expect(received).toEqual(expected) // deep equality

Expected: &quot;603a6a56019c2d29848dc6f77307be7b4a370cbc88914748484c73803dcc64cb&quot;
Received: &quot;e3b0c44298fc1c149afbf4c8996fb92427ae41e4649b934ca495991b7852b855&quot;
    at ExportTestCommon.verifyExportedData (/Users/k001534/Desktop/cli-kintone-automation/cli-kintone-automation/src/common/ExportTestCommon.js:139:40)
    at processTicksAndRejections (internal/process/task_queues.js:93:5)
    at Object.&lt;anonymous&gt; (/Users/k001534/Desktop/cli-kintone-automation/cli-kintone-automation/src/tests/exportWithOption/exportWithAttachmentParam.test.js:40:9)</failure>
    </testcase>
    <testcase classname="Export with --export option: Export data with attachment (-b)" name="Case 180: Verify that the attachment will be displayed as text when specifying -b param" time="1.453">
      <failure>Error: expect(received).toEqual(expected) // deep equality

Expected: &quot;7142b7eca43bea8bc5bf1f19954177f6d7ff45a1010fadccfcfb7f6d1a537498&quot;
Received: &quot;e3b0c44298fc1c149afbf4c8996fb92427ae41e4649b934ca495991b7852b855&quot;
    at ExportTestCommon.verifyExportedData (/Users/k001534/Desktop/cli-kintone-automation/cli-kintone-automation/src/common/ExportTestCommon.js:139:40)
    at processTicksAndRejections (internal/process/task_queues.js:93:5)
    at Object.&lt;anonymous&gt; (/Users/k001534/Desktop/cli-kintone-automation/cli-kintone-automation/src/tests/exportWithOption/exportWithAttachmentParam.test.js:63:9)</failure>
    </testcase>
    <testcase classname="Export with --export option: Export data with attachment (-b)" name="Case 180 - Guest Space: Verify that the attachment will be displayed as text when specifying -b param" time="2.391">
      <failure>Error: expect(received).toEqual(expected) // deep equality

Expected: &quot;0548e69dabb740578d87283fb82c5bb284a301d0c5c65efc75a8324100bb6086&quot;
Received: &quot;e3b0c44298fc1c149afbf4c8996fb92427ae41e4649b934ca495991b7852b855&quot;
    at ExportTestCommon.verifyExportedData (/Users/k001534/Desktop/cli-kintone-automation/cli-kintone-automation/src/common/ExportTestCommon.js:139:40)
    at processTicksAndRejections (internal/process/task_queues.js:93:5)
    at Object.&lt;anonymous&gt; (/Users/k001534/Desktop/cli-kintone-automation/cli-kintone-automation/src/tests/exportWithOption/exportWithAttachmentParam.test.js:101:9)</failure>
    </testcase>
    <testcase classname="Export with --export option: Export data with attachment (-b)" name="Case 181: Verify that if user specify non-existed folder, this folder will be created" time="1.269">
      <failure>Error: ENOENT: no such file or directory, rmdir &apos;./non-exist/&apos;
    at Object.rmdirSync (fs.js:890:10)
    at ExportTestCommon.verifyExportAttachmentFileData (/Users/k001534/Desktop/cli-kintone-automation/cli-kintone-automation/src/common/ExportTestCommon.js:183:22)
    at processTicksAndRejections (internal/process/task_queues.js:93:5)
    at Object.&lt;anonymous&gt; (/Users/k001534/Desktop/cli-kintone-automation/cli-kintone-automation/src/tests/exportWithOption/exportWithAttachmentParam.test.js:124:9)</failure>
    </testcase>
    <testcase classname="Export with --export option: Export data with attachment (-b)" name="Case 184-185-186: Verify the case with attachment are text files, image files or exe files (doc, xls, csv, png, jpg, exe)" time="1.314">
      <failure>Error: expect(received).toEqual(expected) // deep equality

Expected: &quot;7142b7eca43bea8bc5bf1f19954177f6d7ff45a1010fadccfcfb7f6d1a537498&quot;
Received: &quot;e3b0c44298fc1c149afbf4c8996fb92427ae41e4649b934ca495991b7852b855&quot;
    at ExportTestCommon.verifyExportedData (/Users/k001534/Desktop/cli-kintone-automation/cli-kintone-automation/src/common/ExportTestCommon.js:139:40)
    at processTicksAndRejections (internal/process/task_queues.js:93:5)
    at Object.&lt;anonymous&gt; (/Users/k001534/Desktop/cli-kintone-automation/cli-kintone-automation/src/tests/exportWithOption/exportWithAttachmentParam.test.js:148:9)</failure>
    </testcase>
    <testcase classname="Export with --export option: Export data with attachment (-b)" name="Case 187: Verify that the attachment will NOT be downloaded if user does NOT have proper permissions" time="1.193">
      <failure>Error: expect(received).toEqual(expected) // deep equality

Expected: &quot;c0136e03b4eddd709588992660ffd098691f9961befb481a36666edecd4f2954&quot;
Received: &quot;e3b0c44298fc1c149afbf4c8996fb92427ae41e4649b934ca495991b7852b855&quot;
    at ExportTestCommon.verifyExportedData (/Users/k001534/Desktop/cli-kintone-automation/cli-kintone-automation/src/common/ExportTestCommon.js:139:40)
    at processTicksAndRejections (internal/process/task_queues.js:93:5)
    at Object.&lt;anonymous&gt; (/Users/k001534/Desktop/cli-kintone-automation/cli-kintone-automation/src/tests/exportWithOption/exportWithAttachmentParam.test.js:172:9)</failure>
    </testcase>
    <testcase classname="Export with --export option: Export data with attachment (-b)" name="Case 188: In combination with params -o -e -q, verify that the attachment will be downloaded when specifying -b" time="1.208">
      <failure>Error: expect(received).toEqual(expected) // deep equality

Expected: &quot;7142b7eca43bea8bc5bf1f19954177f6d7ff45a1010fadccfcfb7f6d1a537498&quot;
Received: &quot;e3b0c44298fc1c149afbf4c8996fb92427ae41e4649b934ca495991b7852b855&quot;
    at ExportTestCommon.verifyExportedData (/Users/k001534/Desktop/cli-kintone-automation/cli-kintone-automation/src/common/ExportTestCommon.js:139:40)
    at processTicksAndRejections (internal/process/task_queues.js:93:5)
    at Object.&lt;anonymous&gt; (/Users/k001534/Desktop/cli-kintone-automation/cli-kintone-automation/src/tests/exportWithOption/exportWithAttachmentParam.test.js:194:9)</failure>
    </testcase>
  </testsuite>
  <testsuite name="Export without --export option: Authenticate with token (-t)" errors="0" failures="7" skipped="0" timestamp="2021-01-28T08:17:11" time="14.276" tests="7">
    <testcase classname="Export without --export option: Authenticate with token (-t)" name="Case 299: Verify that data can be exported with API Token" time="1.215">
      <failure>Error: expect(received).toEqual(expected) // deep equality

Expected: &quot;9cc0ca32badcffe6900ff92b60368542bf5b77d7ad8f0209f623e05333e56308&quot;
Received: &quot;e3b0c44298fc1c149afbf4c8996fb92427ae41e4649b934ca495991b7852b855&quot;
    at ExportTestCommon.verifyExportedData (/Users/k001534/Desktop/cli-kintone-automation/cli-kintone-automation/src/common/ExportTestCommon.js:139:40)
    at processTicksAndRejections (internal/process/task_queues.js:93:5)
    at Object.&lt;anonymous&gt; (/Users/k001534/Desktop/cli-kintone-automation/cli-kintone-automation/src/tests/exportWithoutOption/exportWithAuthenticationToken.test.js:28:9)</failure>
    </testcase>
    <testcase classname="Export without --export option: Authenticate with token (-t)" name="Case 299: Guest space -  Verify that data can be exported with API Token" time="2.5">
      <failure>Error: expect(received).toEqual(expected) // deep equality

Expected: &quot;37b02fd31b71b46f716b1f5532f2906e019d6a2d321ef64e61de2fbb366fd9de&quot;
Received: &quot;e3b0c44298fc1c149afbf4c8996fb92427ae41e4649b934ca495991b7852b855&quot;
    at ExportTestCommon.verifyExportedData (/Users/k001534/Desktop/cli-kintone-automation/cli-kintone-automation/src/common/ExportTestCommon.js:139:40)
    at processTicksAndRejections (internal/process/task_queues.js:93:5)
    at Object.&lt;anonymous&gt; (/Users/k001534/Desktop/cli-kintone-automation/cli-kintone-automation/src/tests/exportWithoutOption/exportWithAuthenticationToken.test.js:60:9)</failure>
    </testcase>
    <testcase classname="Export without --export option: Authenticate with token (-t)" name="Case 300: Verify that error will be displayed when using wrong API Token" time="1.146">
      <failure>Error: expect(received).toEqual(expected) // deep equality

Expected: StringContaining &quot;AppError: 520 [GAIA_IA02] The specified API token does not match the API token generated via an app. If the settings are correct, you might have missed to click \&quot;Update App\&quot;&quot;
Received: &quot;Error: Command failed: ./cli-kintone -a 21 -d undefined -t invalid_token &gt; src/resources/actualExportedCSVData.csv
2021/01/28 15:17:18 HTTP error: 404 Not Found
&quot;
    at ExportTestCommon.verifyAppErrorMessage (/Users/k001534/Desktop/cli-kintone-automation/cli-kintone-automation/src/common/CliKintoneTestBase.js:29:35)
    at Object.&lt;anonymous&gt; (/Users/k001534/Desktop/cli-kintone-automation/cli-kintone-automation/src/tests/exportWithoutOption/exportWithAuthenticationToken.test.js:71:20)
    at processTicksAndRejections (internal/process/task_queues.js:93:5)</failure>
    </testcase>
    <testcase classname="Export without --export option: Authenticate with token (-t)" name="Case 301: Verify that error will be displayed when using API Token without View Record permission" time="1.207">
      <failure>Error: expect(received).toEqual(expected) // deep equality

Expected: StringContaining &quot;AppError: 403 [GAIA_NO01] Using this API token, you cannot run the specified API.&quot;
Received: &quot;Error: Command failed: ./cli-kintone -a 21 -d undefined -t bboWfMJLKFk2gF0QCNafuz4jOA6ESLk0jBVVA0aC &gt; src/resources/actualExportedCSVData.csv
2021/01/28 15:17:19 HTTP error: 404 Not Found
&quot;
    at ExportTestCommon.verifyAppErrorMessage (/Users/k001534/Desktop/cli-kintone-automation/cli-kintone-automation/src/common/CliKintoneTestBase.js:29:35)
    at Object.&lt;anonymous&gt; (/Users/k001534/Desktop/cli-kintone-automation/cli-kintone-automation/src/tests/exportWithoutOption/exportWithAuthenticationToken.test.js:80:20)
    at processTicksAndRejections (internal/process/task_queues.js:93:5)</failure>
    </testcase>
    <testcase classname="Export without --export option: Authenticate with token (-t)" name="Case 303: Verify that data can be exported correctly when using both Basic Authentication and API Token" time="2.933">
      <failure>Error: expect(received).toEqual(expected) // deep equality

Expected: &quot;9cc0ca32badcffe6900ff92b60368542bf5b77d7ad8f0209f623e05333e56308&quot;
Received: &quot;e3b0c44298fc1c149afbf4c8996fb92427ae41e4649b934ca495991b7852b855&quot;
    at ExportTestCommon.verifyExportedData (/Users/k001534/Desktop/cli-kintone-automation/cli-kintone-automation/src/common/ExportTestCommon.js:139:40)
    at processTicksAndRejections (internal/process/task_queues.js:93:5)
    at Object.&lt;anonymous&gt; (/Users/k001534/Desktop/cli-kintone-automation/cli-kintone-automation/src/tests/exportWithoutOption/exportWithAuthenticationToken.test.js:109:9)</failure>
    </testcase>
    <testcase classname="Export without --export option: Authenticate with token (-t)" name="Case 304: Verify that data can be exported correctly when using both user/pass and API Token" time="1.244">
      <failure>Error: expect(received).toEqual(expected) // deep equality

Expected: &quot;9cc0ca32badcffe6900ff92b60368542bf5b77d7ad8f0209f623e05333e56308&quot;
Received: &quot;e3b0c44298fc1c149afbf4c8996fb92427ae41e4649b934ca495991b7852b855&quot;
    at ExportTestCommon.verifyExportedData (/Users/k001534/Desktop/cli-kintone-automation/cli-kintone-automation/src/common/ExportTestCommon.js:139:40)
    at processTicksAndRejections (internal/process/task_queues.js:93:5)
    at Object.&lt;anonymous&gt; (/Users/k001534/Desktop/cli-kintone-automation/cli-kintone-automation/src/tests/exportWithoutOption/exportWithAuthenticationToken.test.js:130:9)</failure>
    </testcase>
    <testcase classname="Export without --export option: Authenticate with token (-t)" name="Case 305: Verify that data can be exported when using incorrect user/pass but correct API Token" time="1.936">
      <failure>Error: expect(received).toEqual(expected) // deep equality

Expected: &quot;9cc0ca32badcffe6900ff92b60368542bf5b77d7ad8f0209f623e05333e56308&quot;
Received: &quot;e3b0c44298fc1c149afbf4c8996fb92427ae41e4649b934ca495991b7852b855&quot;
    at ExportTestCommon.verifyExportedData (/Users/k001534/Desktop/cli-kintone-automation/cli-kintone-automation/src/common/ExportTestCommon.js:139:40)
    at processTicksAndRejections (internal/process/task_queues.js:93:5)
    at Object.&lt;anonymous&gt; (/Users/k001534/Desktop/cli-kintone-automation/cli-kintone-automation/src/tests/exportWithoutOption/exportWithAuthenticationToken.test.js:149:9)</failure>
    </testcase>
  </testsuite>
  <testsuite name="Import with --import option: Authenticate with token (-t)" errors="0" failures="8" skipped="0" timestamp="2021-01-28T08:17:25" time="16.957" tests="8">
    <testcase classname="Import with --import option: Authenticate with token (-t)" name="C031: Verify that data can be imported with API Token" time="1.551">
      <failure>Error: expect(received).toEqual(expected) // deep equality

Expected: StringContaining &quot;SUCCESS&quot;
Received: [Error: Command failed: ./cli-kintone -a 18 -d undefined -t vUT4ULifGGFvyNpoRFedkdhr2zbdAgbbW9wVwmka --import -f src/resources/test_data/import_test/importCSVData.csv
2021/01/28 15:17:27 HTTP error: 404 Not Found
]
    at ImportTestCommon.verifyCliKintoneSuccessMessage (/Users/k001534/Desktop/cli-kintone-automation/cli-kintone-automation/src/common/CliKintoneTestBase.js:15:24)
    at Object.&lt;anonymous&gt; (/Users/k001534/Desktop/cli-kintone-automation/cli-kintone-automation/src/tests/importWithOption/importWithAuthenticationToken.test.js:16:20)
    at processTicksAndRejections (internal/process/task_queues.js:93:5)</failure>
    </testcase>
    <testcase classname="Import with --import option: Authenticate with token (-t)" name="C031: Guest space - Verify that data can be imported with API Token" time="1.579">
      <failure>Error: expect(received).toEqual(expected) // deep equality

Expected: StringContaining &quot;SUCCESS&quot;
Received: [Error: Command failed: ./cli-kintone -a 8 -d undefined -t RkKkuLpW9n97nzPuP7v2bdPyhu5HwqFlU9hmeME6 --import -f src/resources/test_data/import_test/importCSVDataGuestSpaceApp.csv -g 2
2021/01/28 15:17:29 HTTP error: 404 Not Found
]
    at ImportTestCommon.verifyCliKintoneSuccessMessage (/Users/k001534/Desktop/cli-kintone-automation/cli-kintone-automation/src/common/CliKintoneTestBase.js:15:24)
    at Object.&lt;anonymous&gt; (/Users/k001534/Desktop/cli-kintone-automation/cli-kintone-automation/src/tests/importWithOption/importWithAuthenticationToken.test.js:40:20)
    at processTicksAndRejections (internal/process/task_queues.js:93:5)</failure>
    </testcase>
    <testcase classname="Import with --import option: Authenticate with token (-t)" name="C032: Verify that error will be displayed when using wrong API Token" time="6.599">
      <failure>Error: expect(received).toEqual(expected) // deep equality

Expected: StringContaining &quot;AppError: 520 [GAIA_IA02] The specified API token does not match the API token generated via an app. If the settings are correct, you might have missed to click \&quot;Update App\&quot;&quot;
Received: &quot;Error: Command failed: ./cli-kintone -a 18 -d undefined -t invalidAppToken --import -f src/resources/test_data/import_test/importCSVData.csv
2021/01/28 15:17:35 HTTP error: 404 Not Found
&quot;
    at ImportTestCommon.verifyAppErrorMessage (/Users/k001534/Desktop/cli-kintone-automation/cli-kintone-automation/src/common/CliKintoneTestBase.js:29:35)
    at Object.&lt;anonymous&gt; (/Users/k001534/Desktop/cli-kintone-automation/cli-kintone-automation/src/tests/importWithOption/importWithAuthenticationToken.test.js:55:20)
    at processTicksAndRejections (internal/process/task_queues.js:93:5)</failure>
    </testcase>
    <testcase classname="Import with --import option: Authenticate with token (-t)" name="C033: Verify that error will be displayed when using API Token without View Record permission" time="1.411">
      <failure>Error: expect(received).toEqual(expected) // deep equality

Expected: StringContaining &quot;AppError: 403 [GAIA_NO01] Using this API token, you cannot run the specified API.&quot;
Received: &quot;Error: Command failed: ./cli-kintone -a 18 -d undefined -t blobk3pGSFv4aPKMML6vQHiYngXHxNbB4CL9Z04D --import -f src/resources/test_data/import_test/importCSVData.csv
2021/01/28 15:17:37 HTTP error: 404 Not Found
&quot;
    at ImportTestCommon.verifyAppErrorMessage (/Users/k001534/Desktop/cli-kintone-automation/cli-kintone-automation/src/common/CliKintoneTestBase.js:29:35)
    at Object.&lt;anonymous&gt; (/Users/k001534/Desktop/cli-kintone-automation/cli-kintone-automation/src/tests/importWithOption/importWithAuthenticationToken.test.js:64:20)
    at processTicksAndRejections (internal/process/task_queues.js:93:5)</failure>
    </testcase>
    <testcase classname="Import with --import option: Authenticate with token (-t)" name="C034: Verify that data can NOT be imported when using API Token without View Record permission + Manage App permission" time="1.293">
      <failure>Error: expect(received).toEqual(expected) // deep equality

Expected: StringContaining &quot;AppError: 403 [GAIA_NO01] Using this API token, you cannot run the specified API.&quot;
Received: &quot;Error: Command failed: ./cli-kintone -a 18 -d undefined -t blobk3pGSFv4aPKMML6vQHiYngXHxNbB4CL9Z04D --import -f src/resources/test_data/import_test/importCSVData.csv
2021/01/28 15:17:38 HTTP error: 404 Not Found
&quot;
    at ImportTestCommon.verifyAppErrorMessage (/Users/k001534/Desktop/cli-kintone-automation/cli-kintone-automation/src/common/CliKintoneTestBase.js:29:35)
    at Object.&lt;anonymous&gt; (/Users/k001534/Desktop/cli-kintone-automation/cli-kintone-automation/src/tests/importWithOption/importWithAuthenticationToken.test.js:73:20)
    at processTicksAndRejections (internal/process/task_queues.js:93:5)</failure>
    </testcase>
    <testcase classname="Import with --import option: Authenticate with token (-t)" name="C035: Verify that data can be imported correctly when using both Basic Authentication and API Token" time="1.479">
      <failure>Error: expect(received).toEqual(expected) // deep equality

Expected: StringContaining &quot;SUCCESS&quot;
Received: [Error: Command failed: ./cli-kintone -a 16 -d undefined -t KL2cFUqy8Rl1NLN8zj2rxUAcJL5sSMuflPaf86BJ --import -f src/resources/test_data/import_test/importCSVData.csv -U undefined -P undefined
2021/01/28 15:17:39 HTTP error: 404 Not Found
]
    at ImportTestCommon.verifyCliKintoneSuccessMessage (/Users/k001534/Desktop/cli-kintone-automation/cli-kintone-automation/src/common/CliKintoneTestBase.js:15:24)
    at Object.&lt;anonymous&gt; (/Users/k001534/Desktop/cli-kintone-automation/cli-kintone-automation/src/tests/importWithOption/importWithAuthenticationToken.test.js:92:20)
    at processTicksAndRejections (internal/process/task_queues.js:93:5)</failure>
    </testcase>
    <testcase classname="Import with --import option: Authenticate with token (-t)" name="C036: Verify that data can be imported correctly when using both user/pass and API Token" time="1.248">
      <failure>Error: expect(received).toEqual(expected) // deep equality

Expected: StringContaining &quot;SUCCESS&quot;
Received: [Error: Command failed: ./cli-kintone -a 18 -d undefined -u undefined -p undefined --import -f src/resources/test_data/import_test/importCSVData.csv -t vUT4ULifGGFvyNpoRFedkdhr2zbdAgbbW9wVwmka
2021/01/28 15:17:41 HTTP error: 404 Not Found
]
    at ImportTestCommon.verifyCliKintoneSuccessMessage (/Users/k001534/Desktop/cli-kintone-automation/cli-kintone-automation/src/common/CliKintoneTestBase.js:15:24)
    at Object.&lt;anonymous&gt; (/Users/k001534/Desktop/cli-kintone-automation/cli-kintone-automation/src/tests/importWithOption/importWithAuthenticationToken.test.js:109:20)
    at processTicksAndRejections (internal/process/task_queues.js:93:5)</failure>
    </testcase>
    <testcase classname="Import with --import option: Authenticate with token (-t)" name="C037: Verify that data can be imported when using incorrect user/pass but correct API Token" time="1.391">
      <failure>Error: expect(received).toEqual(expected) // deep equality

Expected: StringContaining &quot;SUCCESS&quot;
Received: [Error: Command failed: ./cli-kintone -a 18 -d undefined -u invalidUser -p wrongPassword --import -f src/resources/test_data/import_test/importCSVData.csv -t vUT4ULifGGFvyNpoRFedkdhr2zbdAgbbW9wVwmka
2021/01/28 15:17:42 HTTP error: 404 Not Found
]
    at ImportTestCommon.verifyCliKintoneSuccessMessage (/Users/k001534/Desktop/cli-kintone-automation/cli-kintone-automation/src/common/CliKintoneTestBase.js:15:24)
    at Object.&lt;anonymous&gt; (/Users/k001534/Desktop/cli-kintone-automation/cli-kintone-automation/src/tests/importWithOption/importWithAuthenticationToken.test.js:125:20)
    at processTicksAndRejections (internal/process/task_queues.js:93:5)</failure>
    </testcase>
  </testsuite>
  <testsuite name="Export with --export option: Export data with output format (-o)" errors="0" failures="6" skipped="0" timestamp="2021-01-28T08:17:42" time="11.262" tests="6">
    <testcase classname="Export with --export option: Export data with output format (-o)" name="Case 147: Verify that data can be exported in csv format as default when executing command without specifying -o" time="1.41">
      <failure>Error: expect(received).toEqual(expected) // deep equality

Expected: &quot;9cc0ca32badcffe6900ff92b60368542bf5b77d7ad8f0209f623e05333e56308&quot;
Received: &quot;e3b0c44298fc1c149afbf4c8996fb92427ae41e4649b934ca495991b7852b855&quot;
    at ExportTestCommon.verifyExportedData (/Users/k001534/Desktop/cli-kintone-automation/cli-kintone-automation/src/common/ExportTestCommon.js:139:40)
    at processTicksAndRejections (internal/process/task_queues.js:93:5)
    at Object.&lt;anonymous&gt; (/Users/k001534/Desktop/cli-kintone-automation/cli-kintone-automation/src/tests/exportWithOption/exportWithOutputFormatParam.test.js:29:9)</failure>
    </testcase>
    <testcase classname="Export with --export option: Export data with output format (-o)" name="Case 147: Guest space - Verify that data can be exported in csv format as default when executing command without specifying -o" time="2.517">
      <failure>Error: expect(received).toEqual(expected) // deep equality

Expected: &quot;37b02fd31b71b46f716b1f5532f2906e019d6a2d321ef64e61de2fbb366fd9de&quot;
Received: &quot;e3b0c44298fc1c149afbf4c8996fb92427ae41e4649b934ca495991b7852b855&quot;
    at ExportTestCommon.verifyExportedData (/Users/k001534/Desktop/cli-kintone-automation/cli-kintone-automation/src/common/ExportTestCommon.js:139:40)
    at processTicksAndRejections (internal/process/task_queues.js:93:5)
    at Object.&lt;anonymous&gt; (/Users/k001534/Desktop/cli-kintone-automation/cli-kintone-automation/src/tests/exportWithOption/exportWithOutputFormatParam.test.js:60:9)</failure>
    </testcase>
    <testcase classname="Export with --export option: Export data with output format (-o)" name="Case 148: Verify that data can be exported in json format" time="1.286">
      <failure>SyntaxError: Unexpected end of JSON input
    at JSON.parse (&lt;anonymous&gt;)
    at /Users/k001534/Desktop/cli-kintone-automation/cli-kintone-automation/src/common/helper.js:60:35
    at new Promise (&lt;anonymous&gt;)
    at hashCsvFile (/Users/k001534/Desktop/cli-kintone-automation/cli-kintone-automation/src/common/helper.js:59:16)
    at ExportTestCommon.verifyExportedData (/Users/k001534/Desktop/cli-kintone-automation/cli-kintone-automation/src/common/ExportTestCommon.js:137:40)
    at processTicksAndRejections (internal/process/task_queues.js:93:5)
    at Object.&lt;anonymous&gt; (/Users/k001534/Desktop/cli-kintone-automation/cli-kintone-automation/src/tests/exportWithOption/exportWithOutputFormatParam.test.js:79:9)</failure>
    </testcase>
    <testcase classname="Export with --export option: Export data with output format (-o)" name="Case 149: Verify that data can be exported in csv format" time="1.179">
      <failure>Error: expect(received).toEqual(expected) // deep equality

Expected: &quot;9cc0ca32badcffe6900ff92b60368542bf5b77d7ad8f0209f623e05333e56308&quot;
Received: &quot;e3b0c44298fc1c149afbf4c8996fb92427ae41e4649b934ca495991b7852b855&quot;
    at ExportTestCommon.verifyExportedData (/Users/k001534/Desktop/cli-kintone-automation/cli-kintone-automation/src/common/ExportTestCommon.js:139:40)
    at processTicksAndRejections (internal/process/task_queues.js:93:5)
    at Object.&lt;anonymous&gt; (/Users/k001534/Desktop/cli-kintone-automation/cli-kintone-automation/src/tests/exportWithOption/exportWithOutputFormatParam.test.js:100:9)</failure>
    </testcase>
    <testcase classname="Export with --export option: Export data with output format (-o)" name="Case 150: Verify that default value &quot;csv&quot; will be used when using wrong format (e.g.. -o html)" time="1.248">
      <failure>Error: expect(received).toEqual(expected) // deep equality

Expected: &quot;9cc0ca32badcffe6900ff92b60368542bf5b77d7ad8f0209f623e05333e56308&quot;
Received: &quot;e3b0c44298fc1c149afbf4c8996fb92427ae41e4649b934ca495991b7852b855&quot;
    at ExportTestCommon.verifyExportedData (/Users/k001534/Desktop/cli-kintone-automation/cli-kintone-automation/src/common/ExportTestCommon.js:139:40)
    at processTicksAndRejections (internal/process/task_queues.js:93:5)
    at Object.&lt;anonymous&gt; (/Users/k001534/Desktop/cli-kintone-automation/cli-kintone-automation/src/tests/exportWithOption/exportWithOutputFormatParam.test.js:117:9)</failure>
    </testcase>
    <testcase classname="Export with --export option: Export data with output format (-o)" name="Case 151: API Token - Verify that data can be exported in json format" time="1.249">
      <failure>SyntaxError: Unexpected end of JSON input
    at JSON.parse (&lt;anonymous&gt;)
    at /Users/k001534/Desktop/cli-kintone-automation/cli-kintone-automation/src/common/helper.js:60:35
    at new Promise (&lt;anonymous&gt;)
    at hashCsvFile (/Users/k001534/Desktop/cli-kintone-automation/cli-kintone-automation/src/common/helper.js:59:16)
    at ExportTestCommon.verifyExportedData (/Users/k001534/Desktop/cli-kintone-automation/cli-kintone-automation/src/common/ExportTestCommon.js:137:40)
    at processTicksAndRejections (internal/process/task_queues.js:93:5)
    at Object.&lt;anonymous&gt; (/Users/k001534/Desktop/cli-kintone-automation/cli-kintone-automation/src/tests/exportWithOption/exportWithOutputFormatParam.test.js:134:9)</failure>
    </testcase>
  </testsuite>
  <testsuite name="Export without --export option: Export data with output format (-o)" errors="0" failures="6" skipped="0" timestamp="2021-01-28T08:17:53" time="17.59" tests="6">
    <testcase classname="Export without --export option: Export data with output format (-o)" name="Case 307: Verify that data can be exported in csv format as default when executing command without specifying -o" time="1.28">
      <failure>Error: expect(received).toEqual(expected) // deep equality

Expected: &quot;9cc0ca32badcffe6900ff92b60368542bf5b77d7ad8f0209f623e05333e56308&quot;
Received: &quot;e3b0c44298fc1c149afbf4c8996fb92427ae41e4649b934ca495991b7852b855&quot;
    at ExportTestCommon.verifyExportedData (/Users/k001534/Desktop/cli-kintone-automation/cli-kintone-automation/src/common/ExportTestCommon.js:139:40)
    at processTicksAndRejections (internal/process/task_queues.js:93:5)
    at Object.&lt;anonymous&gt; (/Users/k001534/Desktop/cli-kintone-automation/cli-kintone-automation/src/tests/exportWithoutOption/exportWithOutputFormatParam.test.js:29:9)</failure>
    </testcase>
    <testcase classname="Export without --export option: Export data with output format (-o)" name="Case 307: Guest space - Verify that data can be exported in csv format as default when executing command without specifying -o" time="2.531">
      <failure>Error: expect(received).toEqual(expected) // deep equality

Expected: &quot;37b02fd31b71b46f716b1f5532f2906e019d6a2d321ef64e61de2fbb366fd9de&quot;
Received: &quot;e3b0c44298fc1c149afbf4c8996fb92427ae41e4649b934ca495991b7852b855&quot;
    at ExportTestCommon.verifyExportedData (/Users/k001534/Desktop/cli-kintone-automation/cli-kintone-automation/src/common/ExportTestCommon.js:139:40)
    at processTicksAndRejections (internal/process/task_queues.js:93:5)
    at Object.&lt;anonymous&gt; (/Users/k001534/Desktop/cli-kintone-automation/cli-kintone-automation/src/tests/exportWithoutOption/exportWithOutputFormatParam.test.js:60:9)</failure>
    </testcase>
    <testcase classname="Export without --export option: Export data with output format (-o)" name="Case 308: Verify that data can be exported in json format" time="1.117">
      <failure>SyntaxError: Unexpected end of JSON input
    at JSON.parse (&lt;anonymous&gt;)
    at /Users/k001534/Desktop/cli-kintone-automation/cli-kintone-automation/src/common/helper.js:60:35
    at new Promise (&lt;anonymous&gt;)
    at hashCsvFile (/Users/k001534/Desktop/cli-kintone-automation/cli-kintone-automation/src/common/helper.js:59:16)
    at ExportTestCommon.verifyExportedData (/Users/k001534/Desktop/cli-kintone-automation/cli-kintone-automation/src/common/ExportTestCommon.js:137:40)
    at processTicksAndRejections (internal/process/task_queues.js:93:5)
    at Object.&lt;anonymous&gt; (/Users/k001534/Desktop/cli-kintone-automation/cli-kintone-automation/src/tests/exportWithoutOption/exportWithOutputFormatParam.test.js:79:9)</failure>
    </testcase>
    <testcase classname="Export without --export option: Export data with output format (-o)" name="Case 309: Verify that data can be exported in csv format" time="1.432">
      <failure>Error: expect(received).toEqual(expected) // deep equality

Expected: &quot;9cc0ca32badcffe6900ff92b60368542bf5b77d7ad8f0209f623e05333e56308&quot;
Received: &quot;e3b0c44298fc1c149afbf4c8996fb92427ae41e4649b934ca495991b7852b855&quot;
    at ExportTestCommon.verifyExportedData (/Users/k001534/Desktop/cli-kintone-automation/cli-kintone-automation/src/common/ExportTestCommon.js:139:40)
    at processTicksAndRejections (internal/process/task_queues.js:93:5)
    at Object.&lt;anonymous&gt; (/Users/k001534/Desktop/cli-kintone-automation/cli-kintone-automation/src/tests/exportWithoutOption/exportWithOutputFormatParam.test.js:100:9)</failure>
    </testcase>
    <testcase classname="Export without --export option: Export data with output format (-o)" name="Case 310: Verify that default value &quot;csv&quot; will be used when using wrong format (e.g.. -o html)" time="2.801">
      <failure>Error: expect(received).toEqual(expected) // deep equality

Expected: &quot;9cc0ca32badcffe6900ff92b60368542bf5b77d7ad8f0209f623e05333e56308&quot;
Received: &quot;e3b0c44298fc1c149afbf4c8996fb92427ae41e4649b934ca495991b7852b855&quot;
    at ExportTestCommon.verifyExportedData (/Users/k001534/Desktop/cli-kintone-automation/cli-kintone-automation/src/common/ExportTestCommon.js:139:40)
    at processTicksAndRejections (internal/process/task_queues.js:93:5)
    at Object.&lt;anonymous&gt; (/Users/k001534/Desktop/cli-kintone-automation/cli-kintone-automation/src/tests/exportWithoutOption/exportWithOutputFormatParam.test.js:117:9)</failure>
    </testcase>
    <testcase classname="Export without --export option: Export data with output format (-o)" name="Case 311: API Token - Verify that data can be exported in json format" time="6.293">
      <failure>SyntaxError: Unexpected end of JSON input
    at JSON.parse (&lt;anonymous&gt;)
    at /Users/k001534/Desktop/cli-kintone-automation/cli-kintone-automation/src/common/helper.js:60:35
    at new Promise (&lt;anonymous&gt;)
    at hashCsvFile (/Users/k001534/Desktop/cli-kintone-automation/cli-kintone-automation/src/common/helper.js:59:16)
    at ExportTestCommon.verifyExportedData (/Users/k001534/Desktop/cli-kintone-automation/cli-kintone-automation/src/common/ExportTestCommon.js:137:40)
    at processTicksAndRejections (internal/process/task_queues.js:93:5)
    at Object.&lt;anonymous&gt; (/Users/k001534/Desktop/cli-kintone-automation/cli-kintone-automation/src/tests/exportWithoutOption/exportWithOutputFormatParam.test.js:134:9)</failure>
    </testcase>
  </testsuite>
  <testsuite name="Import without --import option: Authenticate with token (-t)" errors="0" failures="8" skipped="0" timestamp="2021-01-28T08:18:11" time="12.198" tests="8">
    <testcase classname="Import without --import option: Authenticate with token (-t)" name="C212: Verify that data can be imported with API Token" time="1.716">
      <failure>Error: expect(received).toEqual(expected) // deep equality

Expected: StringContaining &quot;SUCCESS&quot;
Received: [Error: Command failed: ./cli-kintone -a 18 -d undefined -t vUT4ULifGGFvyNpoRFedkdhr2zbdAgbbW9wVwmka -f src/resources/test_data/import_test/importCSVData.csv
2021/01/28 15:18:14 HTTP error: 404 Not Found
]
    at ImportTestCommon.verifyCliKintoneSuccessMessage (/Users/k001534/Desktop/cli-kintone-automation/cli-kintone-automation/src/common/CliKintoneTestBase.js:15:24)
    at Object.&lt;anonymous&gt; (/Users/k001534/Desktop/cli-kintone-automation/cli-kintone-automation/src/tests/importWithoutOption/importWithAuthenticationToken.test.js:17:20)
    at processTicksAndRejections (internal/process/task_queues.js:93:5)</failure>
    </testcase>
    <testcase classname="Import without --import option: Authenticate with token (-t)" name="C212: Guest space - Verify that data can be imported with API Token" time="1.493">
      <failure>Error: expect(received).toEqual(expected) // deep equality

Expected: StringContaining &quot;SUCCESS&quot;
Received: [Error: Command failed: ./cli-kintone -a 8 -d undefined -t RkKkuLpW9n97nzPuP7v2bdPyhu5HwqFlU9hmeME6 -f src/resources/test_data/import_test/importCSVDataGuestSpaceApp.csv -g 2
2021/01/28 15:18:15 HTTP error: 404 Not Found
]
    at ImportTestCommon.verifyCliKintoneSuccessMessage (/Users/k001534/Desktop/cli-kintone-automation/cli-kintone-automation/src/common/CliKintoneTestBase.js:15:24)
    at Object.&lt;anonymous&gt; (/Users/k001534/Desktop/cli-kintone-automation/cli-kintone-automation/src/tests/importWithoutOption/importWithAuthenticationToken.test.js:41:20)
    at processTicksAndRejections (internal/process/task_queues.js:93:5)</failure>
    </testcase>
    <testcase classname="Import without --import option: Authenticate with token (-t)" name="C213: Verify that error will be displayed when using wrong API Token" time="1.312">
      <failure>Error: expect(received).toEqual(expected) // deep equality

Expected: StringContaining &quot;AppError: 520 [GAIA_IA02] The specified API token does not match the API token generated via an app. If the settings are correct, you might have missed to click \&quot;Update App\&quot;&quot;
Received: &quot;Error: Command failed: ./cli-kintone -a 18 -d undefined -t invalidAppToken -f src/resources/test_data/import_test/importCSVData.csv
2021/01/28 15:18:16 HTTP error: 404 Not Found
&quot;
    at ImportTestCommon.verifyAppErrorMessage (/Users/k001534/Desktop/cli-kintone-automation/cli-kintone-automation/src/common/CliKintoneTestBase.js:29:35)
    at Object.&lt;anonymous&gt; (/Users/k001534/Desktop/cli-kintone-automation/cli-kintone-automation/src/tests/importWithoutOption/importWithAuthenticationToken.test.js:56:20)
    at processTicksAndRejections (internal/process/task_queues.js:93:5)</failure>
    </testcase>
    <testcase classname="Import without --import option: Authenticate with token (-t)" name="C214: Verify that error will be displayed when using API Token without View Record permission" time="1.196">
      <failure>Error: expect(received).toEqual(expected) // deep equality

Expected: StringContaining &quot;AppError: 403 [GAIA_NO01] Using this API token, you cannot run the specified API.&quot;
Received: &quot;Error: Command failed: ./cli-kintone -a 18 -d undefined -t blobk3pGSFv4aPKMML6vQHiYngXHxNbB4CL9Z04D -f src/resources/test_data/import_test/importCSVData.csv
2021/01/28 15:18:18 HTTP error: 404 Not Found
&quot;
    at ImportTestCommon.verifyAppErrorMessage (/Users/k001534/Desktop/cli-kintone-automation/cli-kintone-automation/src/common/CliKintoneTestBase.js:29:35)
    at Object.&lt;anonymous&gt; (/Users/k001534/Desktop/cli-kintone-automation/cli-kintone-automation/src/tests/importWithoutOption/importWithAuthenticationToken.test.js:65:20)
    at processTicksAndRejections (internal/process/task_queues.js:93:5)</failure>
    </testcase>
    <testcase classname="Import without --import option: Authenticate with token (-t)" name="C215: Verify that data can NOT be imported when using API Token without View Record permission + Manage App permission" time="1.384">
      <failure>Error: expect(received).toEqual(expected) // deep equality

Expected: StringContaining &quot;AppError: 403 [GAIA_NO01] Using this API token, you cannot run the specified API.&quot;
Received: &quot;Error: Command failed: ./cli-kintone -a 18 -d undefined -t blobk3pGSFv4aPKMML6vQHiYngXHxNbB4CL9Z04D -f src/resources/test_data/import_test/importCSVData.csv
2021/01/28 15:18:19 HTTP error: 404 Not Found
&quot;
    at ImportTestCommon.verifyAppErrorMessage (/Users/k001534/Desktop/cli-kintone-automation/cli-kintone-automation/src/common/CliKintoneTestBase.js:29:35)
    at Object.&lt;anonymous&gt; (/Users/k001534/Desktop/cli-kintone-automation/cli-kintone-automation/src/tests/importWithoutOption/importWithAuthenticationToken.test.js:74:20)
    at processTicksAndRejections (internal/process/task_queues.js:93:5)</failure>
    </testcase>
    <testcase classname="Import without --import option: Authenticate with token (-t)" name="C216: Verify that data can be imported correctly when using both Basic Authentication and API Token" time="1.299">
      <failure>Error: expect(received).toEqual(expected) // deep equality

Expected: StringContaining &quot;SUCCESS&quot;
Received: [Error: Command failed: ./cli-kintone -a 16 -d undefined -t KL2cFUqy8Rl1NLN8zj2rxUAcJL5sSMuflPaf86BJ -f src/resources/test_data/import_test/importCSVData.csv -U undefined -P undefined
2021/01/28 15:18:20 HTTP error: 404 Not Found
]
    at ImportTestCommon.verifyCliKintoneSuccessMessage (/Users/k001534/Desktop/cli-kintone-automation/cli-kintone-automation/src/common/CliKintoneTestBase.js:15:24)
    at Object.&lt;anonymous&gt; (/Users/k001534/Desktop/cli-kintone-automation/cli-kintone-automation/src/tests/importWithoutOption/importWithAuthenticationToken.test.js:93:20)
    at processTicksAndRejections (internal/process/task_queues.js:93:5)</failure>
    </testcase>
    <testcase classname="Import without --import option: Authenticate with token (-t)" name="C217: Verify that data can be imported correctly when using both user/pass and API Token" time="1.388">
      <failure>Error: expect(received).toEqual(expected) // deep equality

Expected: StringContaining &quot;SUCCESS&quot;
Received: [Error: Command failed: ./cli-kintone -a 18 -d undefined -u undefined -p undefined -f src/resources/test_data/import_test/importCSVData.csv -t vUT4ULifGGFvyNpoRFedkdhr2zbdAgbbW9wVwmka
2021/01/28 15:18:22 HTTP error: 404 Not Found
]
    at ImportTestCommon.verifyCliKintoneSuccessMessage (/Users/k001534/Desktop/cli-kintone-automation/cli-kintone-automation/src/common/CliKintoneTestBase.js:15:24)
    at Object.&lt;anonymous&gt; (/Users/k001534/Desktop/cli-kintone-automation/cli-kintone-automation/src/tests/importWithoutOption/importWithAuthenticationToken.test.js:110:20)
    at processTicksAndRejections (internal/process/task_queues.js:93:5)</failure>
    </testcase>
    <testcase classname="Import without --import option: Authenticate with token (-t)" name="C218: Verify that data can be imported when using incorrect user/pass but correct API Token" time="1.571">
      <failure>Error: expect(received).toEqual(expected) // deep equality

Expected: StringContaining &quot;SUCCESS&quot;
Received: [Error: Command failed: ./cli-kintone -a 18 -d undefined -u invalidUser -p wrongPassword -f src/resources/test_data/import_test/importCSVData.csv -t vUT4ULifGGFvyNpoRFedkdhr2zbdAgbbW9wVwmka
2021/01/28 15:18:23 HTTP error: 404 Not Found
]
    at ImportTestCommon.verifyCliKintoneSuccessMessage (/Users/k001534/Desktop/cli-kintone-automation/cli-kintone-automation/src/common/CliKintoneTestBase.js:15:24)
    at Object.&lt;anonymous&gt; (/Users/k001534/Desktop/cli-kintone-automation/cli-kintone-automation/src/tests/importWithoutOption/importWithAuthenticationToken.test.js:126:20)
    at processTicksAndRejections (internal/process/task_queues.js:93:5)</failure>
    </testcase>
  </testsuite>
  <testsuite name="Import with --import option: Update current data with file by using * in front of field code (-f)" errors="0" failures="4" skipped="0" timestamp="2021-01-28T08:18:23" time="12.023" tests="4">
    <testcase classname="Import with --import option: Update current data with file by using * in front of field code (-f)" name="C061: Verify that data will be updated correctly, the revision is increased by 1 after update" time="2.601">
      <failure>Error: expect(received).toEqual(expected) // deep equality

Expected: StringContaining &quot;SUCCESS&quot;
Received: [Error: Command failed: ./cli-kintone -a 22 -d undefined -u undefined -p undefined --import -f src/resources/test_data/import_test/updateDataUsingAsteriskSymbol.csv
2021/01/28 15:18:26 HTTP error: 404 Not Found
]
    at ImportTestCommon.verifyCliKintoneSuccessMessage (/Users/k001534/Desktop/cli-kintone-automation/cli-kintone-automation/src/common/CliKintoneTestBase.js:15:24)
    at Object.&lt;anonymous&gt; (/Users/k001534/Desktop/cli-kintone-automation/cli-kintone-automation/src/tests/importWithOption/UpdateDataUsingAsteriskSymbol.test.js:25:20)
    at processTicksAndRejections (internal/process/task_queues.js:93:5)</failure>
    </testcase>
    <testcase classname="Import with --import option: Update current data with file by using * in front of field code (-f)" name="C063: Verify that data will be updated when using * for multiple fields (e.g. *Text, *Number)" time="2.648">
      <failure>Error: expect(received).toEqual(expected) // deep equality

Expected: StringContaining &quot;SUCCESS&quot;
Received: [Error: Command failed: ./cli-kintone -a 22 -d undefined -u undefined -p undefined --import -f src/resources/test_data/import_test/updateDataUsingAsteriskSymbolMultiField.csv
2021/01/28 15:18:29 HTTP error: 404 Not Found
]
    at ImportTestCommon.verifyCliKintoneSuccessMessage (/Users/k001534/Desktop/cli-kintone-automation/cli-kintone-automation/src/common/CliKintoneTestBase.js:15:24)
    at Object.&lt;anonymous&gt; (/Users/k001534/Desktop/cli-kintone-automation/cli-kintone-automation/src/tests/importWithOption/UpdateDataUsingAsteriskSymbol.test.js:34:20)
    at processTicksAndRejections (internal/process/task_queues.js:93:5)</failure>
    </testcase>
    <testcase classname="Import with --import option: Update current data with file by using * in front of field code (-f)" name="C090: Verify the updated record is added as new record when leaving the value of *field is blank" time="2.489">
      <failure>Error: expect(received).toEqual(expected) // deep equality

Expected: StringContaining &quot;SUCCESS&quot;
Received: [Error: Command failed: ./cli-kintone -a 22 -d undefined -u undefined -p undefined --import -f src/resources/test_data/import_test/updateDataUsingAsteriskSymbolBlankValue.csv
2021/01/28 15:18:31 HTTP error: 404 Not Found
]
    at ImportTestCommon.verifyCliKintoneSuccessMessage (/Users/k001534/Desktop/cli-kintone-automation/cli-kintone-automation/src/common/CliKintoneTestBase.js:15:24)
    at Object.&lt;anonymous&gt; (/Users/k001534/Desktop/cli-kintone-automation/cli-kintone-automation/src/tests/importWithOption/UpdateDataUsingAsteriskSymbol.test.js:47:20)
    at processTicksAndRejections (internal/process/task_queues.js:93:5)</failure>
    </testcase>
    <testcase classname="Import with --import option: Update current data with file by using * in front of field code (-f)" name="C097: Verify that data will be updated correctly using API Token" time="3.916">
      <failure>Error: expect(received).toEqual(expected) // deep equality

Expected: StringContaining &quot;SUCCESS&quot;
Received: [Error: Command failed: ./cli-kintone -a 22 -d undefined -t eoD0FKC2Rk3whvd8lUdj4IqFCwlqDKuXcmeelJkj --import -f src/resources/test_data/import_test/updateDataUsingAsteriskSymbol.csv
2021/01/28 15:18:35 HTTP error: 404 Not Found
]
    at ImportTestCommon.verifyCliKintoneSuccessMessage (/Users/k001534/Desktop/cli-kintone-automation/cli-kintone-automation/src/common/CliKintoneTestBase.js:15:24)
    at Object.&lt;anonymous&gt; (/Users/k001534/Desktop/cli-kintone-automation/cli-kintone-automation/src/tests/importWithOption/UpdateDataUsingAsteriskSymbol.test.js:59:20)
    at processTicksAndRejections (internal/process/task_queues.js:93:5)</failure>
    </testcase>
  </testsuite>
  <testsuite name="Import with --import option: Import data with (-l) param" errors="0" failures="5" skipped="0" timestamp="2021-01-28T08:18:35" time="8.606" tests="6">
    <testcase classname="Import with --import option: Import data with (-l) param" name="C110: Verify that user can specify which line will be imported from file and data will be imported correctly" time="1.347">
      <failure>Error: expect(received).toEqual(expected) // deep equality

Expected: StringContaining &quot;SUCCESS&quot;
Received: [Error: Command failed: ./cli-kintone -a 18 -d undefined -u undefined -p undefined --import -f src/resources/test_data/import_test/importDataWithLineParam.csv -l 10
2021/01/28 15:18:38 HTTP error: 404 Not Found
]
    at ImportTestCommon.verifyCliKintoneSuccessMessage (/Users/k001534/Desktop/cli-kintone-automation/cli-kintone-automation/src/common/CliKintoneTestBase.js:15:24)
    at Object.&lt;anonymous&gt; (/Users/k001534/Desktop/cli-kintone-automation/cli-kintone-automation/src/tests/importWithOption/importWithLineParam.test.js:28:20)
    at processTicksAndRejections (internal/process/task_queues.js:93:5)</failure>
    </testcase>
    <testcase classname="Import with --import option: Import data with (-l) param" name="C110: Guest space - Verify that user can specify which line will be imported from file and data will be imported correctly" time="1.412">
      <failure>Error: expect(received).toEqual(expected) // deep equality

Expected: StringContaining &quot;SUCCESS&quot;
Received: [Error: Command failed: ./cli-kintone -a 8 -d undefined -u undefined -p undefined --import -f src/resources/test_data/import_test/importDataWithLineParam.csv -l 10 -g 2
2021/01/28 15:18:39 HTTP error: 404 Not Found
]
    at ImportTestCommon.verifyCliKintoneSuccessMessage (/Users/k001534/Desktop/cli-kintone-automation/cli-kintone-automation/src/common/CliKintoneTestBase.js:15:24)
    at Object.&lt;anonymous&gt; (/Users/k001534/Desktop/cli-kintone-automation/cli-kintone-automation/src/tests/importWithOption/importWithLineParam.test.js:56:20)
    at processTicksAndRejections (internal/process/task_queues.js:93:5)</failure>
    </testcase>
    <testcase classname="Import with --import option: Import data with (-l) param" name="C112: Verify that user can specify the first row in input file which contains header by -l 1" time="1.232">
      <failure>Error: expect(received).toEqual(expected) // deep equality

Expected: StringContaining &quot;SUCCESS&quot;
Received: [Error: Command failed: ./cli-kintone -a 18 -d undefined -u undefined -p undefined --import -f src/resources/test_data/import_test/importDataWithLineParam.csv -l 1
2021/01/28 15:18:40 HTTP error: 404 Not Found
]
    at ImportTestCommon.verifyCliKintoneSuccessMessage (/Users/k001534/Desktop/cli-kintone-automation/cli-kintone-automation/src/common/CliKintoneTestBase.js:15:24)
    at Object.&lt;anonymous&gt; (/Users/k001534/Desktop/cli-kintone-automation/cli-kintone-automation/src/tests/importWithOption/importWithLineParam.test.js:80:20)
    at processTicksAndRejections (internal/process/task_queues.js:93:5)</failure>
    </testcase>
    <testcase classname="Import with --import option: Import data with (-l) param" name="C113: Verify that if user specify invalid number, error will be displayed" time="0.115">
    </testcase>
    <testcase classname="Import with --import option: Import data with (-l) param" name="C114: verify that user can specify which line will be imported from file (-f -D -b -l)" time="2.296">
      <failure>Error: expect(received).toEqual(expected) // deep equality

Expected: StringContaining &quot;SUCCESS&quot;
Received: [Error: Command failed: ./cli-kintone -a 18 -d undefined -u undefined -p undefined --import -f src/resources/test_data/import_test/importCSVDataWithAttachment.csv -b=src/resources/files/
2021/01/28 15:18:41 HTTP error: 404 Not Found
]
    at ImportTestCommon.verifyCliKintoneSuccessMessage (/Users/k001534/Desktop/cli-kintone-automation/cli-kintone-automation/src/common/CliKintoneTestBase.js:15:24)
    at Object.&lt;anonymous&gt; (/Users/k001534/Desktop/cli-kintone-automation/cli-kintone-automation/src/tests/importWithOption/importWithLineParam.test.js:131:21)
    at processTicksAndRejections (internal/process/task_queues.js:93:5)</failure>
    </testcase>
    <testcase classname="Import with --import option: Import data with (-l) param" name="C115: Verify that user can specify which line will be imported from file and data will be imported correctly" time="1.236">
      <failure>Error: expect(received).toEqual(expected) // deep equality

Expected: StringContaining &quot;SUCCESS&quot;
Received: [Error: Command failed: ./cli-kintone -a 18 -d undefined -t vUT4ULifGGFvyNpoRFedkdhr2zbdAgbbW9wVwmka --import -f src/resources/test_data/import_test/importDataWithLineParam.csv -l 10
2021/01/28 15:18:44 HTTP error: 404 Not Found
]
    at ImportTestCommon.verifyCliKintoneSuccessMessage (/Users/k001534/Desktop/cli-kintone-automation/cli-kintone-automation/src/common/CliKintoneTestBase.js:15:24)
    at Object.&lt;anonymous&gt; (/Users/k001534/Desktop/cli-kintone-automation/cli-kintone-automation/src/tests/importWithOption/importWithLineParam.test.js:161:20)
    at processTicksAndRejections (internal/process/task_queues.js:93:5)</failure>
    </testcase>
  </testsuite>
  <testsuite name="Export without --export option: Export data with field (-c)" errors="0" failures="5" skipped="0" timestamp="2021-01-28T08:18:44" time="9.872" tests="5">
    <testcase classname="Export without --export option: Export data with field (-c)" name="Case 332: Verify that only data of fields listed in -c parameter are returned" time="1.381">
      <failure>Error: expect(received).toEqual(expected) // deep equality

Expected: &quot;c2a935f5525fcf9cf587aa4232adb2cf29afcde493d990664b735fef36fedca8&quot;
Received: &quot;e3b0c44298fc1c149afbf4c8996fb92427ae41e4649b934ca495991b7852b855&quot;
    at ExportTestCommon.verifyExportedData (/Users/k001534/Desktop/cli-kintone-automation/cli-kintone-automation/src/common/ExportTestCommon.js:139:40)
    at processTicksAndRejections (internal/process/task_queues.js:93:5)
    at Object.&lt;anonymous&gt; (/Users/k001534/Desktop/cli-kintone-automation/cli-kintone-automation/src/tests/exportWithoutOption/exportWithFieldParam.test.js:26:9)</failure>
    </testcase>
    <testcase classname="Export without --export option: Export data with field (-c)" name="Case 332: Guest space - Verify that only data of fields listed in -c parameter are returned" time="2.7">
      <failure>Error: expect(received).toEqual(expected) // deep equality

Expected: &quot;c2a935f5525fcf9cf587aa4232adb2cf29afcde493d990664b735fef36fedca8&quot;
Received: &quot;e3b0c44298fc1c149afbf4c8996fb92427ae41e4649b934ca495991b7852b855&quot;
    at ExportTestCommon.verifyExportedData (/Users/k001534/Desktop/cli-kintone-automation/cli-kintone-automation/src/common/ExportTestCommon.js:139:40)
    at processTicksAndRejections (internal/process/task_queues.js:93:5)
    at Object.&lt;anonymous&gt; (/Users/k001534/Desktop/cli-kintone-automation/cli-kintone-automation/src/tests/exportWithoutOption/exportWithFieldParam.test.js:57:9)</failure>
    </testcase>
    <testcase classname="Export without --export option: Export data with field (-c)" name="Case 335: In the combination with -e, Verify that only data of fields listed in -c parameter are returned" time="1.326">
      <failure>Error: expect(received).toEqual(expected) // deep equality

Expected: &quot;c2a935f5525fcf9cf587aa4232adb2cf29afcde493d990664b735fef36fedca8&quot;
Received: &quot;e3b0c44298fc1c149afbf4c8996fb92427ae41e4649b934ca495991b7852b855&quot;
    at ExportTestCommon.verifyExportedData (/Users/k001534/Desktop/cli-kintone-automation/cli-kintone-automation/src/common/ExportTestCommon.js:139:40)
    at processTicksAndRejections (internal/process/task_queues.js:93:5)
    at Object.&lt;anonymous&gt; (/Users/k001534/Desktop/cli-kintone-automation/cli-kintone-automation/src/tests/exportWithoutOption/exportWithFieldParam.test.js:77:9)</failure>
    </testcase>
    <testcase classname="Export without --export option: Export data with field (-c)" name="Case 336: In the combination with -e -q, Verify that only data of fields listed in -c parameter are returned" time="1.186">
      <failure>Error: expect(received).toEqual(expected) // deep equality

Expected: &quot;9296cee759238fbc943e998e958cd4824915980455a1142bebaac38992f1d757&quot;
Received: &quot;e3b0c44298fc1c149afbf4c8996fb92427ae41e4649b934ca495991b7852b855&quot;
    at ExportTestCommon.verifyExportedData (/Users/k001534/Desktop/cli-kintone-automation/cli-kintone-automation/src/common/ExportTestCommon.js:139:40)
    at processTicksAndRejections (internal/process/task_queues.js:93:5)
    at Object.&lt;anonymous&gt; (/Users/k001534/Desktop/cli-kintone-automation/cli-kintone-automation/src/tests/exportWithoutOption/exportWithFieldParam.test.js:98:9)</failure>
    </testcase>
    <testcase classname="Export without --export option: Export data with field (-c)" name="Case 337: In the combination with -e -q -g, in which value of -g is 0, Verify that only data of fields listed in -c parameter are returned" time="1.139">
      <failure>Error: expect(received).toEqual(expected) // deep equality

Expected: &quot;9296cee759238fbc943e998e958cd4824915980455a1142bebaac38992f1d757&quot;
Received: &quot;e3b0c44298fc1c149afbf4c8996fb92427ae41e4649b934ca495991b7852b855&quot;
    at ExportTestCommon.verifyExportedData (/Users/k001534/Desktop/cli-kintone-automation/cli-kintone-automation/src/common/ExportTestCommon.js:139:40)
    at processTicksAndRejections (internal/process/task_queues.js:93:5)
    at Object.&lt;anonymous&gt; (/Users/k001534/Desktop/cli-kintone-automation/cli-kintone-automation/src/tests/exportWithoutOption/exportWithFieldParam.test.js:121:9)</failure>
    </testcase>
  </testsuite>
  <testsuite name="Export with --export option: Export data with field (-c)" errors="0" failures="5" skipped="0" timestamp="2021-01-28T08:18:54" time="14.523" tests="5">
    <testcase classname="Export with --export option: Export data with field (-c)" name="Case 172: Verify that only data of fields listed in -c parameter are returned" time="6.202">
      <failure>Error: expect(received).toEqual(expected) // deep equality

Expected: &quot;c2a935f5525fcf9cf587aa4232adb2cf29afcde493d990664b735fef36fedca8&quot;
Received: &quot;e3b0c44298fc1c149afbf4c8996fb92427ae41e4649b934ca495991b7852b855&quot;
    at ExportTestCommon.verifyExportedData (/Users/k001534/Desktop/cli-kintone-automation/cli-kintone-automation/src/common/ExportTestCommon.js:139:40)
    at processTicksAndRejections (internal/process/task_queues.js:93:5)
    at Object.&lt;anonymous&gt; (/Users/k001534/Desktop/cli-kintone-automation/cli-kintone-automation/src/tests/exportWithOption/exportWithFieldParam.test.js:26:9)</failure>
    </testcase>
    <testcase classname="Export with --export option: Export data with field (-c)" name="Case 172: Guest space - Verify that only data of fields listed in -c parameter are returned" time="2.491">
      <failure>Error: expect(received).toEqual(expected) // deep equality

Expected: &quot;c2a935f5525fcf9cf587aa4232adb2cf29afcde493d990664b735fef36fedca8&quot;
Received: &quot;e3b0c44298fc1c149afbf4c8996fb92427ae41e4649b934ca495991b7852b855&quot;
    at ExportTestCommon.verifyExportedData (/Users/k001534/Desktop/cli-kintone-automation/cli-kintone-automation/src/common/ExportTestCommon.js:139:40)
    at processTicksAndRejections (internal/process/task_queues.js:93:5)
    at Object.&lt;anonymous&gt; (/Users/k001534/Desktop/cli-kintone-automation/cli-kintone-automation/src/tests/exportWithOption/exportWithFieldParam.test.js:57:9)</failure>
    </testcase>
    <testcase classname="Export with --export option: Export data with field (-c)" name="Case 175: In the combination with -e, Verify that only data of fields listed in -c parameter are returned" time="1.507">
      <failure>Error: expect(received).toEqual(expected) // deep equality

Expected: &quot;c2a935f5525fcf9cf587aa4232adb2cf29afcde493d990664b735fef36fedca8&quot;
Received: &quot;e3b0c44298fc1c149afbf4c8996fb92427ae41e4649b934ca495991b7852b855&quot;
    at ExportTestCommon.verifyExportedData (/Users/k001534/Desktop/cli-kintone-automation/cli-kintone-automation/src/common/ExportTestCommon.js:139:40)
    at processTicksAndRejections (internal/process/task_queues.js:93:5)
    at Object.&lt;anonymous&gt; (/Users/k001534/Desktop/cli-kintone-automation/cli-kintone-automation/src/tests/exportWithOption/exportWithFieldParam.test.js:77:9)</failure>
    </testcase>
    <testcase classname="Export with --export option: Export data with field (-c)" name="Case 176: In the combination with -e -q, Verify that only data of fields listed in -c parameter are returned" time="1.427">
      <failure>Error: expect(received).toEqual(expected) // deep equality

Expected: &quot;9296cee759238fbc943e998e958cd4824915980455a1142bebaac38992f1d757&quot;
Received: &quot;e3b0c44298fc1c149afbf4c8996fb92427ae41e4649b934ca495991b7852b855&quot;
    at ExportTestCommon.verifyExportedData (/Users/k001534/Desktop/cli-kintone-automation/cli-kintone-automation/src/common/ExportTestCommon.js:139:40)
    at processTicksAndRejections (internal/process/task_queues.js:93:5)
    at Object.&lt;anonymous&gt; (/Users/k001534/Desktop/cli-kintone-automation/cli-kintone-automation/src/tests/exportWithOption/exportWithFieldParam.test.js:98:9)</failure>
    </testcase>
    <testcase classname="Export with --export option: Export data with field (-c)" name="Case 177: In the combination with -e -q -g, in which value of -g is 0, Verify that only data of fields listed in -c parameter are returned" time="1.253">
      <failure>Error: expect(received).toEqual(expected) // deep equality

Expected: &quot;9296cee759238fbc943e998e958cd4824915980455a1142bebaac38992f1d757&quot;
Received: &quot;e3b0c44298fc1c149afbf4c8996fb92427ae41e4649b934ca495991b7852b855&quot;
    at ExportTestCommon.verifyExportedData (/Users/k001534/Desktop/cli-kintone-automation/cli-kintone-automation/src/common/ExportTestCommon.js:139:40)
    at processTicksAndRejections (internal/process/task_queues.js:93:5)
    at Object.&lt;anonymous&gt; (/Users/k001534/Desktop/cli-kintone-automation/cli-kintone-automation/src/tests/exportWithOption/exportWithFieldParam.test.js:121:9)</failure>
    </testcase>
  </testsuite>
  <testsuite name="Export without --export option: Export data with encoding and output format (-e) (-o)" errors="0" failures="3" skipped="0" timestamp="2021-01-28T08:19:08" time="13.541" tests="3">
    <testcase classname="Export without --export option: Export data with encoding and output format (-e) (-o)" name="Case 323: Verify that data can be exported in csv format with sjis" time="2.595">
      <failure>Error: expect(received).toEqual(expected) // deep equality

Expected: &quot;d0accd44a5a3bc98bccf696441129ccd017548ed0526888f8f733db1d8bec64e&quot;
Received: &quot;e3b0c44298fc1c149afbf4c8996fb92427ae41e4649b934ca495991b7852b855&quot;
    at ExportTestCommon.verifyExportedData (/Users/k001534/Desktop/cli-kintone-automation/cli-kintone-automation/src/common/ExportTestCommon.js:139:40)
    at processTicksAndRejections (internal/process/task_queues.js:93:5)
    at Object.&lt;anonymous&gt; (/Users/k001534/Desktop/cli-kintone-automation/cli-kintone-automation/src/tests/exportWithoutOption/exportWithEncodingAndOutputFormatParam.test.js:31:9)</failure>
    </testcase>
    <testcase classname="Export without --export option: Export data with encoding and output format (-e) (-o)" name="Case 323: Guest space - Verify that data can be exported in csv format with sjis" time="5.367">
      <failure>Error: expect(received).toEqual(expected) // deep equality

Expected: &quot;c1e711f17f72812fdaee73ec0f880fafa02455c2b814e68ec224cde10c4ab93e&quot;
Received: &quot;e3b0c44298fc1c149afbf4c8996fb92427ae41e4649b934ca495991b7852b855&quot;
    at ExportTestCommon.verifyExportedData (/Users/k001534/Desktop/cli-kintone-automation/cli-kintone-automation/src/common/ExportTestCommon.js:139:40)
    at processTicksAndRejections (internal/process/task_queues.js:93:5)
    at Object.&lt;anonymous&gt; (/Users/k001534/Desktop/cli-kintone-automation/cli-kintone-automation/src/tests/exportWithoutOption/exportWithEncodingAndOutputFormatParam.test.js:69:9)</failure>
    </testcase>
    <testcase classname="Export without --export option: Export data with encoding and output format (-e) (-o)" name="Case 324: Verify that data can be exported in json format with euc-jp" time="2.14">
      <failure>SyntaxError: Unexpected end of JSON input
    at JSON.parse (&lt;anonymous&gt;)
    at /Users/k001534/Desktop/cli-kintone-automation/cli-kintone-automation/src/common/helper.js:60:35
    at new Promise (&lt;anonymous&gt;)
    at hashCsvFile (/Users/k001534/Desktop/cli-kintone-automation/cli-kintone-automation/src/common/helper.js:59:16)
    at ExportTestCommon.verifyExportedData (/Users/k001534/Desktop/cli-kintone-automation/cli-kintone-automation/src/common/ExportTestCommon.js:137:40)
    at processTicksAndRejections (internal/process/task_queues.js:93:5)
    at Object.&lt;anonymous&gt; (/Users/k001534/Desktop/cli-kintone-automation/cli-kintone-automation/src/tests/exportWithoutOption/exportWithEncodingAndOutputFormatParam.test.js:93:9)</failure>
    </testcase>
  </testsuite>
  <testsuite name="Import without --import option: Import data with (-l) param" errors="0" failures="5" skipped="0" timestamp="2021-01-28T08:19:22" time="13.955" tests="6">
    <testcase classname="Import without --import option: Import data with (-l) param" name="C270: Verify that user can specify which line will be imported from file and data will be imported correctly" time="2.345">
      <failure>Error: expect(received).toEqual(expected) // deep equality

Expected: StringContaining &quot;SUCCESS&quot;
Received: [Error: Command failed: ./cli-kintone -a 18 -d undefined -u undefined -p undefined -f src/resources/test_data/import_test/importDataWithLineParam.csv -l 10
2021/01/28 15:19:24 HTTP error: 404 Not Found
]
    at ImportTestCommon.verifyCliKintoneSuccessMessage (/Users/k001534/Desktop/cli-kintone-automation/cli-kintone-automation/src/common/CliKintoneTestBase.js:15:24)
    at Object.&lt;anonymous&gt; (/Users/k001534/Desktop/cli-kintone-automation/cli-kintone-automation/src/tests/importWithoutOption/importWithLineParam.test.js:28:20)
    at processTicksAndRejections (internal/process/task_queues.js:93:5)</failure>
    </testcase>
    <testcase classname="Import without --import option: Import data with (-l) param" name="C270: Guest space - Verify that user can specify which line will be imported from file and data will be imported correctly" time="2.46">
      <failure>Error: expect(received).toEqual(expected) // deep equality

Expected: StringContaining &quot;SUCCESS&quot;
Received: [Error: Command failed: ./cli-kintone -a 8 -d undefined -u undefined -p undefined -f src/resources/test_data/import_test/importDataWithLineParam.csv -l 10 -g 2
2021/01/28 15:19:27 HTTP error: 404 Not Found
]
    at ImportTestCommon.verifyCliKintoneSuccessMessage (/Users/k001534/Desktop/cli-kintone-automation/cli-kintone-automation/src/common/CliKintoneTestBase.js:15:24)
    at Object.&lt;anonymous&gt; (/Users/k001534/Desktop/cli-kintone-automation/cli-kintone-automation/src/tests/importWithoutOption/importWithLineParam.test.js:56:20)
    at processTicksAndRejections (internal/process/task_queues.js:93:5)</failure>
    </testcase>
    <testcase classname="Import without --import option: Import data with (-l) param" name="C271: Verify that user can specify the first row in input file which contains header by -l 1" time="1.853">
      <failure>Error: expect(received).toEqual(expected) // deep equality

Expected: StringContaining &quot;SUCCESS&quot;
Received: [Error: Command failed: ./cli-kintone -a 18 -d undefined -u undefined -p undefined -f src/resources/test_data/import_test/importDataWithLineParam.csv -l 1
2021/01/28 15:19:29 HTTP error: 404 Not Found
]
    at ImportTestCommon.verifyCliKintoneSuccessMessage (/Users/k001534/Desktop/cli-kintone-automation/cli-kintone-automation/src/common/CliKintoneTestBase.js:15:24)
    at Object.&lt;anonymous&gt; (/Users/k001534/Desktop/cli-kintone-automation/cli-kintone-automation/src/tests/importWithoutOption/importWithLineParam.test.js:80:20)
    at processTicksAndRejections (internal/process/task_queues.js:93:5)</failure>
    </testcase>
    <testcase classname="Import without --import option: Import data with (-l) param" name="C272: Verify that if user specify invalid number, error will be displayed" time="0.115">
    </testcase>
    <testcase classname="Import without --import option: Import data with (-l) param" name="C273: verify that user can specify which line will be imported from file (-f -D -b -l)" time="3.955">
      <failure>Error: expect(received).toEqual(expected) // deep equality

Expected: StringContaining &quot;SUCCESS&quot;
Received: [Error: Command failed: ./cli-kintone -a 18 -d undefined -u undefined -p undefined -f src/resources/test_data/import_test/importCSVDataWithAttachment.csv -b=src/resources/files/
2021/01/28 15:19:30 HTTP error: 404 Not Found
]
    at ImportTestCommon.verifyCliKintoneSuccessMessage (/Users/k001534/Desktop/cli-kintone-automation/cli-kintone-automation/src/common/CliKintoneTestBase.js:15:24)
    at Object.&lt;anonymous&gt; (/Users/k001534/Desktop/cli-kintone-automation/cli-kintone-automation/src/tests/importWithoutOption/importWithLineParam.test.js:131:21)
    at processTicksAndRejections (internal/process/task_queues.js:93:5)</failure>
    </testcase>
    <testcase classname="Import without --import option: Import data with (-l) param" name="C274: Using API Token - Verify that user can specify which line will be imported from file and data will be imported correctly" time="2.928">
      <failure>Error: expect(received).toEqual(expected) // deep equality

Expected: StringContaining &quot;SUCCESS&quot;
Received: [Error: Command failed: ./cli-kintone -a 18 -d undefined -t vUT4ULifGGFvyNpoRFedkdhr2zbdAgbbW9wVwmka -f src/resources/test_data/import_test/importDataWithLineParam.csv -l 10
2021/01/28 15:19:35 HTTP error: 404 Not Found
]
    at ImportTestCommon.verifyCliKintoneSuccessMessage (/Users/k001534/Desktop/cli-kintone-automation/cli-kintone-automation/src/common/CliKintoneTestBase.js:15:24)
    at Object.&lt;anonymous&gt; (/Users/k001534/Desktop/cli-kintone-automation/cli-kintone-automation/src/tests/importWithoutOption/importWithLineParam.test.js:161:20)
    at processTicksAndRejections (internal/process/task_queues.js:93:5)</failure>
    </testcase>
  </testsuite>
  <testsuite name="Import with --import option: Import new data with file (-f)" errors="0" failures="5" skipped="0" timestamp="2021-01-28T08:19:36" time="7.525" tests="5">
    <testcase classname="Import with --import option: Import new data with file (-f)" name="C040: Verify that data of current cli-kintone folder is imported when specifying -f parameter (e.g.. -f test.csv)" time="1.772">
      <failure>Error: expect(received).toEqual(expected) // deep equality

Expected: StringContaining &quot;SUCCESS&quot;
Received: [Error: Command failed: ./cli-kintone -a 18 -d undefined -u undefined -p undefined --import -f src/resources/test_data/import_test/importCSVData.csv
2021/01/28 15:19:38 HTTP error: 404 Not Found
]
    at ImportTestCommon.verifyCliKintoneSuccessMessage (/Users/k001534/Desktop/cli-kintone-automation/cli-kintone-automation/src/common/CliKintoneTestBase.js:15:24)
    at Object.&lt;anonymous&gt; (/Users/k001534/Desktop/cli-kintone-automation/cli-kintone-automation/src/tests/importWithOption/importDataWithFile.test.js:16:20)
    at processTicksAndRejections (internal/process/task_queues.js:93:5)</failure>
    </testcase>
    <testcase classname="Import with --import option: Import new data with file (-f)" name="C040: Guest space - Verify that data of current cli-kintone folder is imported when specifying -f parameter (e.g.. -f test.csv)" time="1.59">
      <failure>Error: expect(received).toEqual(expected) // deep equality

Expected: StringContaining &quot;SUCCESS&quot;
Received: [Error: Command failed: ./cli-kintone -a 8 -d undefined -u undefined -p undefined --import -f src/resources/test_data/import_test/importCSVData.csv -g 2
2021/01/28 15:19:39 HTTP error: 404 Not Found
]
    at ImportTestCommon.verifyCliKintoneSuccessMessage (/Users/k001534/Desktop/cli-kintone-automation/cli-kintone-automation/src/common/CliKintoneTestBase.js:15:24)
    at Object.&lt;anonymous&gt; (/Users/k001534/Desktop/cli-kintone-automation/cli-kintone-automation/src/tests/importWithOption/importDataWithFile.test.js:36:20)
    at processTicksAndRejections (internal/process/task_queues.js:93:5)</failure>
    </testcase>
    <testcase classname="Import with --import option: Import new data with file (-f)" name="C042: Verify the case uploaded attachment file with file size is large (&gt; 10 Mb)" time="1.297">
      <failure>Error: expect(received).toEqual(expected) // deep equality

Expected: StringContaining &quot;file must be less than 10 MB&quot;
Received: &quot;Error: Command failed: ./cli-kintone -a 18 -d undefined -u undefined -p undefined --import -f src/resources/test_data/import_test/importCSVDataWithAttachmentOver10M.csv -b=src/resources/files/
2021/01/28 15:19:41 HTTP error: 404 Not Found
&quot;
    at ImportTestCommon.verifyAttachmentFileOver10MBError (/Users/k001534/Desktop/cli-kintone-automation/cli-kintone-automation/src/common/CliKintoneTestBase.js:75:35)
    at Object.&lt;anonymous&gt; (/Users/k001534/Desktop/cli-kintone-automation/cli-kintone-automation/src/tests/importWithOption/importDataWithFile.test.js:47:20)
    at processTicksAndRejections (internal/process/task_queues.js:93:5)</failure>
    </testcase>
    <testcase classname="Import with --import option: Import new data with file (-f)" name="C046: Verify that import function will work correctly regardless of the value of -e encoding parameter" time="1.224">
      <failure>Error: expect(received).toEqual(expected) // deep equality

Expected: StringContaining &quot;SUCCESS&quot;
Received: [Error: Command failed: ./cli-kintone -a 18 -d undefined -u undefined -p undefined --import -f src/resources/test_data/import_test/importCSVData.csv -e euc-jp
2021/01/28 15:19:42 HTTP error: 404 Not Found
]
    at ImportTestCommon.verifyCliKintoneSuccessMessage (/Users/k001534/Desktop/cli-kintone-automation/cli-kintone-automation/src/common/CliKintoneTestBase.js:15:24)
    at Object.&lt;anonymous&gt; (/Users/k001534/Desktop/cli-kintone-automation/cli-kintone-automation/src/tests/importWithOption/importDataWithFile.test.js:61:20)
    at processTicksAndRejections (internal/process/task_queues.js:93:5)</failure>
    </testcase>
    <testcase classname="Import with --import option: Import new data with file (-f)" name="C047: Verify that import function will work correctly regardless of the value of -c parameter (field code)" time="1.331">
      <failure>Error: expect(received).toEqual(expected) // deep equality

Expected: StringContaining &quot;SUCCESS&quot;
Received: [Error: Command failed: ./cli-kintone -a 18 -d undefined -u undefined -p undefined --import -f src/resources/test_data/import_test/importCSVData.csv -c Number,Link,Text_area
2021/01/28 15:19:43 HTTP error: 404 Not Found
]
    at ImportTestCommon.verifyCliKintoneSuccessMessage (/Users/k001534/Desktop/cli-kintone-automation/cli-kintone-automation/src/common/CliKintoneTestBase.js:15:24)
    at Object.&lt;anonymous&gt; (/Users/k001534/Desktop/cli-kintone-automation/cli-kintone-automation/src/tests/importWithOption/importDataWithFile.test.js:77:20)
    at processTicksAndRejections (internal/process/task_queues.js:93:5)</failure>
    </testcase>
  </testsuite>
  <testsuite name="Export with --export option: Export data with encoding and output format (-e) (-o)" errors="0" failures="3" skipped="0" timestamp="2021-01-28T08:19:43" time="7.023" tests="3">
    <testcase classname="Export with --export option: Export data with encoding and output format (-e) (-o)" name="Case 163: Verify that data can be exported in csv format with sjis" time="1.233">
      <failure>Error: expect(received).toEqual(expected) // deep equality

Expected: &quot;d0accd44a5a3bc98bccf696441129ccd017548ed0526888f8f733db1d8bec64e&quot;
Received: &quot;e3b0c44298fc1c149afbf4c8996fb92427ae41e4649b934ca495991b7852b855&quot;
    at ExportTestCommon.verifyExportedData (/Users/k001534/Desktop/cli-kintone-automation/cli-kintone-automation/src/common/ExportTestCommon.js:139:40)
    at processTicksAndRejections (internal/process/task_queues.js:93:5)
    at Object.&lt;anonymous&gt; (/Users/k001534/Desktop/cli-kintone-automation/cli-kintone-automation/src/tests/exportWithOption/exportWithEncodingAndOutputFormatParam.test.js:31:9)</failure>
    </testcase>
    <testcase classname="Export with --export option: Export data with encoding and output format (-e) (-o)" name="Case 163: Guest space - Verify that data can be exported in csv format with sjis" time="2.873">
      <failure>Error: expect(received).toEqual(expected) // deep equality

Expected: &quot;c1e711f17f72812fdaee73ec0f880fafa02455c2b814e68ec224cde10c4ab93e&quot;
Received: &quot;e3b0c44298fc1c149afbf4c8996fb92427ae41e4649b934ca495991b7852b855&quot;
    at ExportTestCommon.verifyExportedData (/Users/k001534/Desktop/cli-kintone-automation/cli-kintone-automation/src/common/ExportTestCommon.js:139:40)
    at processTicksAndRejections (internal/process/task_queues.js:93:5)
    at Object.&lt;anonymous&gt; (/Users/k001534/Desktop/cli-kintone-automation/cli-kintone-automation/src/tests/exportWithOption/exportWithEncodingAndOutputFormatParam.test.js:69:9)</failure>
    </testcase>
    <testcase classname="Export with --export option: Export data with encoding and output format (-e) (-o)" name="Case 164: Verify that data can be exported in json format with euc-jp" time="1.168">
      <failure>SyntaxError: Unexpected end of JSON input
    at JSON.parse (&lt;anonymous&gt;)
    at /Users/k001534/Desktop/cli-kintone-automation/cli-kintone-automation/src/common/helper.js:60:35
    at new Promise (&lt;anonymous&gt;)
    at hashCsvFile (/Users/k001534/Desktop/cli-kintone-automation/cli-kintone-automation/src/common/helper.js:59:16)
    at ExportTestCommon.verifyExportedData (/Users/k001534/Desktop/cli-kintone-automation/cli-kintone-automation/src/common/ExportTestCommon.js:137:40)
    at processTicksAndRejections (internal/process/task_queues.js:93:5)
    at Object.&lt;anonymous&gt; (/Users/k001534/Desktop/cli-kintone-automation/cli-kintone-automation/src/tests/exportWithOption/exportWithEncodingAndOutputFormatParam.test.js:93:9)</failure>
    </testcase>
  </testsuite>
  <testsuite name="Import without --import option: Delete selected records (by -q param) before inserting" errors="0" failures="2" skipped="0" timestamp="2021-01-28T08:19:50" time="5.407" tests="2">
    <testcase classname="Import without --import option: Delete selected records (by -q param) before inserting" name="C267: Verify that records will be deleted according to the query before inserting" time="2.614">
      <failure>Error: expect(received).toEqual(expected) // deep equality

Expected: StringContaining &quot;SUCCESS&quot;
Received: [Error: Command failed: ./cli-kintone -a 18 -d undefined -u undefined -p undefined --import -f src/resources/test_data/import_test/importCSVDataWithQuery.csv
2021/01/28 15:19:52 HTTP error: 404 Not Found
]
    at ImportTestCommon.verifyCliKintoneSuccessMessage (/Users/k001534/Desktop/cli-kintone-automation/cli-kintone-automation/src/common/CliKintoneTestBase.js:15:24)
    at Object.&lt;anonymous&gt; (/Users/k001534/Desktop/cli-kintone-automation/cli-kintone-automation/src/tests/importWithoutOption/importWithQueryOption.test.js:27:21)
    at processTicksAndRejections (internal/process/task_queues.js:93:5)</failure>
    </testcase>
    <testcase classname="Import without --import option: Delete selected records (by -q param) before inserting" name="C267: Guest space - Verify that records will be deleted according to the query before inserting" time="2.5">
      <failure>Error: expect(received).toEqual(expected) // deep equality

Expected: StringContaining &quot;SUCCESS&quot;
Received: [Error: Command failed: ./cli-kintone -a 8 -d undefined -u undefined -p undefined -f src/resources/test_data/import_test/importCSVDataWithQuery.csv -g 2
2021/01/28 15:19:55 HTTP error: 404 Not Found
]
    at ImportTestCommon.verifyCliKintoneSuccessMessage (/Users/k001534/Desktop/cli-kintone-automation/cli-kintone-automation/src/common/CliKintoneTestBase.js:15:24)
    at Object.&lt;anonymous&gt; (/Users/k001534/Desktop/cli-kintone-automation/cli-kintone-automation/src/tests/importWithoutOption/importWithQueryOption.test.js:66:21)
    at processTicksAndRejections (internal/process/task_queues.js:93:5)</failure>
    </testcase>
  </testsuite>
  <testsuite name="Import without --import option: Import new data with file (-f)" errors="0" failures="4" skipped="0" timestamp="2021-01-28T08:19:56" time="5.671" tests="4">
    <testcase classname="Import without --import option: Import new data with file (-f)" name="C220: Verify that data of current cli-kintone folder is imported when specifying -f parameter (e.g.. -f test.csv)" time="1.356">
      <failure>Error: expect(received).toEqual(expected) // deep equality

Expected: StringContaining &quot;SUCCESS&quot;
Received: [Error: Command failed: ./cli-kintone -a 18 -d undefined -u undefined -p undefined -f src/resources/test_data/import_test/importCSVData.csv
2021/01/28 15:19:57 HTTP error: 404 Not Found
]
    at ImportTestCommon.verifyCliKintoneSuccessMessage (/Users/k001534/Desktop/cli-kintone-automation/cli-kintone-automation/src/common/CliKintoneTestBase.js:15:24)
    at Object.&lt;anonymous&gt; (/Users/k001534/Desktop/cli-kintone-automation/cli-kintone-automation/src/tests/importWithoutOption/importDataWithFile.test.js:16:20)
    at processTicksAndRejections (internal/process/task_queues.js:93:5)</failure>
    </testcase>
    <testcase classname="Import without --import option: Import new data with file (-f)" name="C220: Guest space - Verify that data of current cli-kintone folder is imported when specifying -f parameter (e.g.. -f test.csv)" time="1.41">
      <failure>Error: expect(received).toEqual(expected) // deep equality

Expected: StringContaining &quot;SUCCESS&quot;
Received: [Error: Command failed: ./cli-kintone -a 8 -d undefined -u undefined -p undefined -f src/resources/test_data/import_test/importCSVData.csv -g 2
2021/01/28 15:19:59 HTTP error: 404 Not Found
]
    at ImportTestCommon.verifyCliKintoneSuccessMessage (/Users/k001534/Desktop/cli-kintone-automation/cli-kintone-automation/src/common/CliKintoneTestBase.js:15:24)
    at Object.&lt;anonymous&gt; (/Users/k001534/Desktop/cli-kintone-automation/cli-kintone-automation/src/tests/importWithoutOption/importDataWithFile.test.js:36:20)
    at processTicksAndRejections (internal/process/task_queues.js:93:5)</failure>
    </testcase>
    <testcase classname="Import without --import option: Import new data with file (-f)" name="C224: Verify that import function will work correctly regardless of the value of -e encoding parameter" time="1.336">
      <failure>Error: expect(received).toEqual(expected) // deep equality

Expected: StringContaining &quot;SUCCESS&quot;
Received: [Error: Command failed: ./cli-kintone -a 18 -d undefined -u undefined -p undefined -f src/resources/test_data/import_test/importCSVData.csv -e euc-jp
2021/01/28 15:20:00 HTTP error: 404 Not Found
]
    at ImportTestCommon.verifyCliKintoneSuccessMessage (/Users/k001534/Desktop/cli-kintone-automation/cli-kintone-automation/src/common/CliKintoneTestBase.js:15:24)
    at Object.&lt;anonymous&gt; (/Users/k001534/Desktop/cli-kintone-automation/cli-kintone-automation/src/tests/importWithoutOption/importDataWithFile.test.js:55:20)
    at processTicksAndRejections (internal/process/task_queues.js:93:5)</failure>
    </testcase>
    <testcase classname="Import without --import option: Import new data with file (-f)" name="C225: Verify that import function will work correctly regardless of the value of -c parameter (field code)" time="1.285">
      <failure>Error: expect(received).toEqual(expected) // deep equality

Expected: StringContaining &quot;SUCCESS&quot;
Received: [Error: Command failed: ./cli-kintone -a 18 -d undefined -u undefined -p undefined -f src/resources/test_data/import_test/importCSVData.csv -c Number,Link,Text_area
2021/01/28 15:20:01 HTTP error: 404 Not Found
]
    at ImportTestCommon.verifyCliKintoneSuccessMessage (/Users/k001534/Desktop/cli-kintone-automation/cli-kintone-automation/src/common/CliKintoneTestBase.js:15:24)
    at Object.&lt;anonymous&gt; (/Users/k001534/Desktop/cli-kintone-automation/cli-kintone-automation/src/tests/importWithoutOption/importDataWithFile.test.js:71:20)
    at processTicksAndRejections (internal/process/task_queues.js:93:5)</failure>
    </testcase>
  </testsuite>
  <testsuite name="Export with --export option: Export data with encoding format (-e)" errors="0" failures="2" skipped="0" timestamp="2021-01-28T08:20:02" time="5.342" tests="2">
    <testcase classname="Export with --export option: Export data with encoding format (-e)" name="Case 154: Verify that data can be exported to a file with utf-8 encoding" time="1.214">
      <failure>Error: expect(received).toEqual(expected) // deep equality

Expected: &quot;9cc0ca32badcffe6900ff92b60368542bf5b77d7ad8f0209f623e05333e56308&quot;
Received: &quot;e3b0c44298fc1c149afbf4c8996fb92427ae41e4649b934ca495991b7852b855&quot;
    at ExportTestCommon.verifyExportedData (/Users/k001534/Desktop/cli-kintone-automation/cli-kintone-automation/src/common/ExportTestCommon.js:139:40)
    at processTicksAndRejections (internal/process/task_queues.js:93:5)
    at Object.&lt;anonymous&gt; (/Users/k001534/Desktop/cli-kintone-automation/cli-kintone-automation/src/tests/exportWithOption/exportWithEncodingParam.test.js:29:9)</failure>
    </testcase>
    <testcase classname="Export with --export option: Export data with encoding format (-e)" name="Case 154: Guest space - Verify that data can be exported to a file with utf-8 encoding" time="2.474">
      <failure>Error: expect(received).toEqual(expected) // deep equality

Expected: &quot;37b02fd31b71b46f716b1f5532f2906e019d6a2d321ef64e61de2fbb366fd9de&quot;
Received: &quot;e3b0c44298fc1c149afbf4c8996fb92427ae41e4649b934ca495991b7852b855&quot;
    at ExportTestCommon.verifyExportedData (/Users/k001534/Desktop/cli-kintone-automation/cli-kintone-automation/src/common/ExportTestCommon.js:139:40)
    at processTicksAndRejections (internal/process/task_queues.js:93:5)
    at Object.&lt;anonymous&gt; (/Users/k001534/Desktop/cli-kintone-automation/cli-kintone-automation/src/tests/exportWithOption/exportWithEncodingParam.test.js:63:9)</failure>
    </testcase>
  </testsuite>
  <testsuite name="Delete selected records (by -q param) before inserting" errors="0" failures="2" skipped="0" timestamp="2021-01-28T08:20:07" time="5.273" tests="2">
    <testcase classname="Delete selected records (by -q param) before inserting" name="C107: Verify that records will be deleted according to the query before inserting" time="2.44">
      <failure>Error: expect(received).toEqual(expected) // deep equality

Expected: StringContaining &quot;SUCCESS&quot;
Received: [Error: Command failed: ./cli-kintone -a 18 -d undefined -u undefined -p undefined --import -f src/resources/test_data/import_test/importCSVDataWithQuery.csv
2021/01/28 15:20:08 HTTP error: 404 Not Found
]
    at ImportTestCommon.verifyCliKintoneSuccessMessage (/Users/k001534/Desktop/cli-kintone-automation/cli-kintone-automation/src/common/CliKintoneTestBase.js:15:24)
    at Object.&lt;anonymous&gt; (/Users/k001534/Desktop/cli-kintone-automation/cli-kintone-automation/src/tests/importWithOption/importWithQueryOption.test.js:27:21)
    at processTicksAndRejections (internal/process/task_queues.js:93:5)</failure>
    </testcase>
    <testcase classname="Delete selected records (by -q param) before inserting" name="C107: Guest space - Verify that records will be deleted according to the query before inserting" time="2.511">
      <failure>Error: expect(received).toEqual(expected) // deep equality

Expected: StringContaining &quot;SUCCESS&quot;
Received: [Error: Command failed: ./cli-kintone -a 8 -d undefined -u undefined -p undefined --import -f src/resources/test_data/import_test/importCSVDataWithQuery.csv -g 2
2021/01/28 15:20:11 HTTP error: 404 Not Found
]
    at ImportTestCommon.verifyCliKintoneSuccessMessage (/Users/k001534/Desktop/cli-kintone-automation/cli-kintone-automation/src/common/CliKintoneTestBase.js:15:24)
    at Object.&lt;anonymous&gt; (/Users/k001534/Desktop/cli-kintone-automation/cli-kintone-automation/src/tests/importWithOption/importWithQueryOption.test.js:66:21)
    at processTicksAndRejections (internal/process/task_queues.js:93:5)</failure>
    </testcase>
  </testsuite>
  <testsuite name="Other: Testing on guest space without using import/export function" errors="0" failures="1" skipped="0" timestamp="2021-01-28T08:20:12" time="3.133" tests="3">
    <testcase classname="Other: Testing on guest space without using import/export function" name="C132: Verify that error will be displayed when user input string for -g param" time="0.113">
    </testcase>
    <testcase classname="Other: Testing on guest space without using import/export function" name="C133: Verify that error will be displayed when user input negative number for -g param" time="0.109">
    </testcase>
    <testcase classname="Other: Testing on guest space without using import/export function" name="C134: Verify that if user specify the value of -g as 0, -g param will be ignored" time="2.616">
      <failure>Error: expect(received).toEqual(expected) // deep equality

Expected: &quot;9cc0ca32badcffe6900ff92b60368542bf5b77d7ad8f0209f623e05333e56308&quot;
Received: &quot;e3b0c44298fc1c149afbf4c8996fb92427ae41e4649b934ca495991b7852b855&quot;
    at ExportTestCommon.verifyExportedData (/Users/k001534/Desktop/cli-kintone-automation/cli-kintone-automation/src/common/ExportTestCommon.js:139:40)
    at processTicksAndRejections (internal/process/task_queues.js:93:5)
    at Object.&lt;anonymous&gt; (/Users/k001534/Desktop/cli-kintone-automation/cli-kintone-automation/src/tests/importWithOption/guestSpaceWithoutImportExport.test.js:70:9)</failure>
    </testcase>
  </testsuite>
  <testsuite name="Import with --import option: Import with stdout" errors="0" failures="2" skipped="0" timestamp="2021-01-28T08:20:15" time="4.43" tests="2">
    <testcase classname="Import with --import option: Import with stdout" name="C136: Import from result of export to stdout" time="2.56">
      <failure>Error: expect(received).toEqual(expected) // deep equality

Expected: StringContaining &quot;SUCCESS&quot;
Received: [Error: Command failed: ./cli-kintone -a 18 -d undefined -u undefined -p undefined --export -c *,$revision,Lookup,Number,Link,Text_area,Date,Time,Date_and_time,Multi_choice,Drop_down,Attachment,User_selection,Text,Calculated,Radio_button,Check_box,Group_selection,Rich_text,Department_selection,Table,Text_0,Number_0 | ./cli-kintone -a 18 -d undefined -u undefined -p undefined -D --import
2021/01/28 15:20:18 HTTP error: 404 Not Found
2021/01/28 15:20:18 EOF
]
    at ImportTestCommon.verifyCliKintoneSuccessMessage (/Users/k001534/Desktop/cli-kintone-automation/cli-kintone-automation/src/common/CliKintoneTestBase.js:15:24)
    at Object.&lt;anonymous&gt; (/Users/k001534/Desktop/cli-kintone-automation/cli-kintone-automation/src/tests/importWithOption/importWithStdout.test.js:27:20)
    at processTicksAndRejections (internal/process/task_queues.js:93:5)</failure>
    </testcase>
    <testcase classname="Import with --import option: Import with stdout" name="C138: Import from print/echo" time="1.525">
      <failure>Error: expect(received).toEqual(expected) // deep equality

Expected: StringContaining &quot;SUCCESS&quot;
Received: [Error: Command failed: (echo Link,Text_area,Date,Time,Date_and_time &amp;&amp; echo https://vnexpress.net,This is text area,2020-03-03,15:43:00,)| ./cli-kintone -a 18 -d undefined -u undefined -p undefined --import
2021/01/28 15:20:20 HTTP error: 404 Not Found
]
    at ImportTestCommon.verifyCliKintoneSuccessMessage (/Users/k001534/Desktop/cli-kintone-automation/cli-kintone-automation/src/common/CliKintoneTestBase.js:15:24)
    at Object.&lt;anonymous&gt; (/Users/k001534/Desktop/cli-kintone-automation/cli-kintone-automation/src/tests/importWithOption/importWithStdout.test.js:44:20)
    at processTicksAndRejections (internal/process/task_queues.js:93:5)</failure>
    </testcase>
  </testsuite>
  <testsuite name="Import with --import option: Import function in combination with export function" errors="0" failures="1" skipped="2" timestamp="2021-01-28T08:20:20" time="2.374" tests="8">
    <testcase classname="Import with --import option: Import function in combination with export function" name="C121: Verify that error will be displayed when using both --import and --export" time="0.123">
    </testcase>
    <testcase classname="Import with --import option: Import function in combination with export function" name="C122 - Verify that error will be displayed when using both -import and -export" time="0.109">
    </testcase>
    <testcase classname="Import with --import option: Import function in combination with export function" name="C123: Verify that error will be displayed when using both &lt;, &gt;" time="0">
      <skipped/>
    </testcase>
    <testcase classname="Import with --import option: Import function in combination with export function" name="C124: Verify that error will be displayed when using both &lt;, &gt;" time="0">
      <skipped/>
    </testcase>
    <testcase classname="Import with --import option: Import function in combination with export function" name="C125: Verify that error will be displayed when using both --export and -f" time="0.11">
    </testcase>
    <testcase classname="Import with --import option: Import function in combination with export function" name="C126: Verify that error will be displayed when using both -export and -f" time="0.113">
    </testcase>
    <testcase classname="Import with --import option: Import function in combination with export function" name="C128: Verify that error will be displayed when using both -import and &gt;" time="0.124">
    </testcase>
    <testcase classname="Import with --import option: Import function in combination with export function" name="C129: Verify that if user specify both stdin and file then file will take higher priority" time="1.499">
      <failure>Error: expect(received).toEqual(expected) // deep equality

Expected: StringContaining &quot;SUCCESS&quot;
Received: [Error: Command failed: ./cli-kintone -a 18 -d undefined -u undefined -p undefined --import &lt; src/resources/test_data/import_test/importCSVData.csv -f src/resources/test_data/import_test/importCSVData2.csv
2021/01/28 15:20:22 HTTP error: 404 Not Found
]
    at ImportTestCommon.verifyCliKintoneSuccessMessage (/Users/k001534/Desktop/cli-kintone-automation/cli-kintone-automation/src/common/CliKintoneTestBase.js:15:24)
    at Object.&lt;anonymous&gt; (/Users/k001534/Desktop/cli-kintone-automation/cli-kintone-automation/src/tests/importWithOption/importWithExportOption.test.js:111:20)
    at processTicksAndRejections (internal/process/task_queues.js:93:5)</failure>
    </testcase>
  </testsuite>
  <testsuite name="Import with --import option: Import new attachment with file (-b)" errors="0" failures="9" skipped="0" timestamp="2021-01-28T08:20:22" time="13.018" tests="9">
    <testcase classname="Import with --import option: Import new attachment with file (-b)" name="C050: Verify that data in attachment folder is uploaded and imported correctly" time="1.352">
      <failure>Error: expect(received).toEqual(expected) // deep equality

Expected: StringContaining &quot;SUCCESS&quot;
Received: [Error: Command failed: ./cli-kintone -a 18 -d undefined -u undefined -p undefined --import -f src/resources/test_data/import_test/importCSVDataWithAttachment.csv -b=src/resources/files/
2021/01/28 15:20:24 HTTP error: 404 Not Found
]
    at ImportTestCommon.verifyCliKintoneSuccessMessage (/Users/k001534/Desktop/cli-kintone-automation/cli-kintone-automation/src/common/CliKintoneTestBase.js:15:24)
    at Object.&lt;anonymous&gt; (/Users/k001534/Desktop/cli-kintone-automation/cli-kintone-automation/src/tests/importWithOption/importWithAttachment.test.js:19:20)
    at processTicksAndRejections (internal/process/task_queues.js:93:5)</failure>
    </testcase>
    <testcase classname="Import with --import option: Import new attachment with file (-b)" name="C050: Guest space - Verify that data in attachment folder is uploaded and imported correctly" time="1.388">
      <failure>Error: expect(received).toEqual(expected) // deep equality

Expected: StringContaining &quot;SUCCESS&quot;
Received: [Error: Command failed: ./cli-kintone -a 8 -d undefined -u undefined -p undefined --import -f src/resources/test_data/import_test/importCSVDataWithAttachment.csv -b=src/resources/files/ -g 2
2021/01/28 15:20:25 HTTP error: 404 Not Found
]
    at ImportTestCommon.verifyCliKintoneSuccessMessage (/Users/k001534/Desktop/cli-kintone-automation/cli-kintone-automation/src/common/CliKintoneTestBase.js:15:24)
    at Object.&lt;anonymous&gt; (/Users/k001534/Desktop/cli-kintone-automation/cli-kintone-automation/src/tests/importWithOption/importWithAttachment.test.js:43:20)
    at processTicksAndRejections (internal/process/task_queues.js:93:5)</failure>
    </testcase>
    <testcase classname="Import with --import option: Import new attachment with file (-b)" name="C051: Verify the case with attachment are text files, image files or exe files (doc, xls, csv, png, jpg, exe)" time="1.376">
      <failure>Error: expect(received).toEqual(expected) // deep equality

Expected: StringContaining &quot;SUCCESS&quot;
Received: [Error: Command failed: ./cli-kintone -a 18 -d undefined -u undefined -p undefined --import -f src/resources/test_data/import_test/importCSVDataWithMultiAttachmentFileTypes.csv -b=src/resources/files/
2021/01/28 15:20:26 HTTP error: 404 Not Found
]
    at ImportTestCommon.verifyCliKintoneSuccessMessage (/Users/k001534/Desktop/cli-kintone-automation/cli-kintone-automation/src/common/CliKintoneTestBase.js:15:24)
    at Object.&lt;anonymous&gt; (/Users/k001534/Desktop/cli-kintone-automation/cli-kintone-automation/src/tests/importWithOption/importWithAttachment.test.js:59:20)
    at processTicksAndRejections (internal/process/task_queues.js:93:5)</failure>
    </testcase>
    <testcase classname="Import with --import option: Import new attachment with file (-b)" name="C052: Verify the case in which upload file size is large (e.g.. &lt;=10 Mb)" time="1.399">
      <failure>Error: expect(received).toEqual(expected) // deep equality

Expected: StringContaining &quot;SUCCESS&quot;
Received: [Error: Command failed: ./cli-kintone -a 18 -d undefined -u undefined -p undefined --import -f src/resources/test_data/import_test/importCSVDataWithLargeAttachment.csv -b=src/resources/files/
2021/01/28 15:20:28 HTTP error: 404 Not Found
]
    at ImportTestCommon.verifyCliKintoneSuccessMessage (/Users/k001534/Desktop/cli-kintone-automation/cli-kintone-automation/src/common/CliKintoneTestBase.js:15:24)
    at Object.&lt;anonymous&gt; (/Users/k001534/Desktop/cli-kintone-automation/cli-kintone-automation/src/tests/importWithOption/importWithAttachment.test.js:75:20)
    at processTicksAndRejections (internal/process/task_queues.js:93:5)</failure>
    </testcase>
    <testcase classname="Import with --import option: Import new attachment with file (-b)" name="C053: Verify the case uploading multiple files to one record" time="1.84">
      <failure>Error: expect(received).toEqual(expected) // deep equality

Expected: StringContaining &quot;SUCCESS&quot;
Received: [Error: Command failed: ./cli-kintone -a 18 -d undefined -u undefined -p undefined --import -f src/resources/test_data/import_test/importCSVDataWithMultiAttachmentsOnOneRecord.csv -b=src/resources/files/
2021/01/28 15:20:30 HTTP error: 404 Not Found
]
    at ImportTestCommon.verifyCliKintoneSuccessMessage (/Users/k001534/Desktop/cli-kintone-automation/cli-kintone-automation/src/common/CliKintoneTestBase.js:15:24)
    at Object.&lt;anonymous&gt; (/Users/k001534/Desktop/cli-kintone-automation/cli-kintone-automation/src/tests/importWithOption/importWithAttachment.test.js:87:20)
    at processTicksAndRejections (internal/process/task_queues.js:93:5)</failure>
    </testcase>
    <testcase classname="Import with --import option: Import new attachment with file (-b)" name="C055: Using API Token - Verify that data in attachment folder is uploaded and imported correctly" time="1.223">
      <failure>Error: expect(received).toEqual(expected) // deep equality

Expected: StringContaining &quot;SUCCESS&quot;
Received: [Error: Command failed: ./cli-kintone -a 18 -d undefined -t vUT4ULifGGFvyNpoRFedkdhr2zbdAgbbW9wVwmka --import -f src/resources/test_data/import_test/importCSVDataWithAttachment.csv -b=src/resources/files/
2021/01/28 15:20:31 HTTP error: 404 Not Found
]
    at ImportTestCommon.verifyCliKintoneSuccessMessage (/Users/k001534/Desktop/cli-kintone-automation/cli-kintone-automation/src/common/CliKintoneTestBase.js:15:24)
    at Object.&lt;anonymous&gt; (/Users/k001534/Desktop/cli-kintone-automation/cli-kintone-automation/src/tests/importWithOption/importWithAttachment.test.js:100:26)
    at processTicksAndRejections (internal/process/task_queues.js:93:5)</failure>
    </testcase>
    <testcase classname="Import with --import option: Import new attachment with file (-b)" name="C056: Verify that error will be displayed when user import a file with file size over 10MB" time="1.434">
      <failure>Error: expect(received).toEqual(expected) // deep equality

Expected: StringContaining &quot;file must be less than 10 MB&quot;
Received: &quot;Error: Command failed: ./cli-kintone -a 18 -d undefined -t vUT4ULifGGFvyNpoRFedkdhr2zbdAgbbW9wVwmka --import -f src/resources/test_data/import_test/importCSVDataWithAttachmentOver10M.csv -b=src/resources/files/
2021/01/28 15:20:32 HTTP error: 404 Not Found
&quot;
    at ImportTestCommon.verifyAttachmentFileOver10MBError (/Users/k001534/Desktop/cli-kintone-automation/cli-kintone-automation/src/common/CliKintoneTestBase.js:75:35)
    at Object.&lt;anonymous&gt; (/Users/k001534/Desktop/cli-kintone-automation/cli-kintone-automation/src/tests/importWithOption/importWithAttachment.test.js:115:20)
    at processTicksAndRejections (internal/process/task_queues.js:93:5)</failure>
    </testcase>
    <testcase classname="Import with --import option: Import new attachment with file (-b)" name="C057: Verify that error will be displayed when user specify wrong path to attachment files" time="1.28">
      <failure>Error: expect(received).toEqual(expected) // deep equality

Expected: StringContaining &quot;no such file or directory&quot;
Received: &quot;Error: Command failed: ./cli-kintone -a 18 -d undefined -t vUT4ULifGGFvyNpoRFedkdhr2zbdAgbbW9wVwmka --import -f src/resources/test_data/import_test/importCSVDataWithAttachment.csv -b=src
2021/01/28 15:20:34 HTTP error: 404 Not Found
&quot;
    at ImportTestCommon.verifyNonexistentDirectoryError (/Users/k001534/Desktop/cli-kintone-automation/cli-kintone-automation/src/common/CliKintoneTestBase.js:86:35)
    at Object.&lt;anonymous&gt; (/Users/k001534/Desktop/cli-kintone-automation/cli-kintone-automation/src/tests/importWithOption/importWithAttachment.test.js:125:20)
    at processTicksAndRejections (internal/process/task_queues.js:93:5)</failure>
    </testcase>
    <testcase classname="Import with --import option: Import new attachment with file (-b)" name="C058: Verify that error will be displayed if user do not have proper permission on the attachment field" time="1.341">
      <failure>Error: expect(received).toEqual(expected) // deep equality

Expected: StringContaining &quot;Edit permissions are required to edit field \&quot;Attachment\&quot;.&quot;
Received: &quot;Error: Command failed: ./cli-kintone -a 18 -d undefined -u user3 -p user3 --import -f src/resources/test_data/import_test/importCSVDataWithAttachment.csv -b=src/resources/files/
2021/01/28 15:20:35 HTTP error: 404 Not Found
&quot;
    at ImportTestCommon.verifyNoViewPermissionErrorMessage (/Users/k001534/Desktop/cli-kintone-automation/cli-kintone-automation/src/common/CliKintoneTestBase.js:51:35)
    at Object.&lt;anonymous&gt; (/Users/k001534/Desktop/cli-kintone-automation/cli-kintone-automation/src/tests/importWithOption/importWithAttachment.test.js:137:20)
    at processTicksAndRejections (internal/process/task_queues.js:93:5)</failure>
    </testcase>
  </testsuite>
  <testsuite name="Import with --import without option: Import new attachment with file (-b)" errors="0" failures="9" skipped="0" timestamp="2021-01-28T08:20:35" time="18.183" tests="9">
    <testcase classname="Import with --import without option: Import new attachment with file (-b)" name="C227: Verify that data in attachment folder is uploaded and imported correctly" time="1.324">
      <failure>Error: expect(received).toEqual(expected) // deep equality

Expected: StringContaining &quot;SUCCESS&quot;
Received: [Error: Command failed: ./cli-kintone -a 18 -d undefined -u undefined -p undefined -f src/resources/test_data/import_test/importCSVDataWithAttachment.csv -b=src/resources/files/
2021/01/28 15:20:37 HTTP error: 404 Not Found
]
    at ImportTestCommon.verifyCliKintoneSuccessMessage (/Users/k001534/Desktop/cli-kintone-automation/cli-kintone-automation/src/common/CliKintoneTestBase.js:15:24)
    at Object.&lt;anonymous&gt; (/Users/k001534/Desktop/cli-kintone-automation/cli-kintone-automation/src/tests/importWithoutOption/importWithAttachment.test.js:19:20)
    at processTicksAndRejections (internal/process/task_queues.js:93:5)</failure>
    </testcase>
    <testcase classname="Import with --import without option: Import new attachment with file (-b)" name="C227: Guest space - Verify that data in attachment folder is uploaded and imported correctly" time="1.451">
      <failure>Error: expect(received).toEqual(expected) // deep equality

Expected: StringContaining &quot;SUCCESS&quot;
Received: [Error: Command failed: ./cli-kintone -a 8 -d undefined -u undefined -p undefined -f src/resources/test_data/import_test/importCSVDataWithAttachment.csv -b=src/resources/files/ -g 2
2021/01/28 15:20:39 HTTP error: 404 Not Found
]
    at ImportTestCommon.verifyCliKintoneSuccessMessage (/Users/k001534/Desktop/cli-kintone-automation/cli-kintone-automation/src/common/CliKintoneTestBase.js:15:24)
    at Object.&lt;anonymous&gt; (/Users/k001534/Desktop/cli-kintone-automation/cli-kintone-automation/src/tests/importWithoutOption/importWithAttachment.test.js:43:20)
    at processTicksAndRejections (internal/process/task_queues.js:93:5)</failure>
    </testcase>
    <testcase classname="Import with --import without option: Import new attachment with file (-b)" name="C228: Verify the case with attachment are text files, image files or exe files (doc, xls, csv, png, jpg, exe)" time="1.28">
      <failure>Error: expect(received).toEqual(expected) // deep equality

Expected: StringContaining &quot;SUCCESS&quot;
Received: [Error: Command failed: ./cli-kintone -a 18 -d undefined -u undefined -p undefined -f src/resources/test_data/import_test/importCSVDataWithMultiAttachmentFileTypes.csv -b=src/resources/files/
2021/01/28 15:20:40 HTTP error: 404 Not Found
]
    at ImportTestCommon.verifyCliKintoneSuccessMessage (/Users/k001534/Desktop/cli-kintone-automation/cli-kintone-automation/src/common/CliKintoneTestBase.js:15:24)
    at Object.&lt;anonymous&gt; (/Users/k001534/Desktop/cli-kintone-automation/cli-kintone-automation/src/tests/importWithoutOption/importWithAttachment.test.js:59:20)
    at processTicksAndRejections (internal/process/task_queues.js:93:5)</failure>
    </testcase>
    <testcase classname="Import with --import without option: Import new attachment with file (-b)" name="C229: Verify the case in which upload file size is large (e.g.. &lt;=10 Mb)" time="1.323">
      <failure>Error: expect(received).toEqual(expected) // deep equality

Expected: StringContaining &quot;SUCCESS&quot;
Received: [Error: Command failed: ./cli-kintone -a 18 -d undefined -u undefined -p undefined -f src/resources/test_data/import_test/importCSVDataWithLargeAttachment.csv -b=src/resources/files/
2021/01/28 15:20:41 HTTP error: 404 Not Found
]
    at ImportTestCommon.verifyCliKintoneSuccessMessage (/Users/k001534/Desktop/cli-kintone-automation/cli-kintone-automation/src/common/CliKintoneTestBase.js:15:24)
    at Object.&lt;anonymous&gt; (/Users/k001534/Desktop/cli-kintone-automation/cli-kintone-automation/src/tests/importWithoutOption/importWithAttachment.test.js:75:20)
    at processTicksAndRejections (internal/process/task_queues.js:93:5)</failure>
    </testcase>
    <testcase classname="Import with --import without option: Import new attachment with file (-b)" name="C230: Verify the case uploading multiple files to one record" time="1.314">
      <failure>Error: expect(received).toEqual(expected) // deep equality

Expected: StringContaining &quot;SUCCESS&quot;
Received: [Error: Command failed: ./cli-kintone -a 18 -d undefined -u undefined -p undefined -f src/resources/test_data/import_test/importCSVDataWithMultiAttachmentsOnOneRecord.csv -b=src/resources/files/
2021/01/28 15:20:43 HTTP error: 404 Not Found
]
    at ImportTestCommon.verifyCliKintoneSuccessMessage (/Users/k001534/Desktop/cli-kintone-automation/cli-kintone-automation/src/common/CliKintoneTestBase.js:15:24)
    at Object.&lt;anonymous&gt; (/Users/k001534/Desktop/cli-kintone-automation/cli-kintone-automation/src/tests/importWithoutOption/importWithAttachment.test.js:87:20)
    at processTicksAndRejections (internal/process/task_queues.js:93:5)</failure>
    </testcase>
    <testcase classname="Import with --import without option: Import new attachment with file (-b)" name="C232: Using API Token - Verify that data in attachment folder is uploaded and imported correctly" time="6.371">
      <failure>Error: expect(received).toEqual(expected) // deep equality

Expected: StringContaining &quot;SUCCESS&quot;
Received: [Error: Command failed: ./cli-kintone -a 18 -d undefined -t vUT4ULifGGFvyNpoRFedkdhr2zbdAgbbW9wVwmka --import -f src/resources/test_data/import_test/importCSVDataWithAttachment.csv -b=src/resources/files/
2021/01/28 15:20:49 HTTP error: 404 Not Found
]
    at ImportTestCommon.verifyCliKintoneSuccessMessage (/Users/k001534/Desktop/cli-kintone-automation/cli-kintone-automation/src/common/CliKintoneTestBase.js:15:24)
    at Object.&lt;anonymous&gt; (/Users/k001534/Desktop/cli-kintone-automation/cli-kintone-automation/src/tests/importWithoutOption/importWithAttachment.test.js:101:20)
    at processTicksAndRejections (internal/process/task_queues.js:93:5)</failure>
    </testcase>
    <testcase classname="Import with --import without option: Import new attachment with file (-b)" name="C233: Verify that error will be displayed when user import a file with file size over 10MB" time="1.354">
      <failure>Error: expect(received).toEqual(expected) // deep equality

Expected: StringContaining &quot;file must be less than 10 MB&quot;
Received: &quot;Error: Command failed: ./cli-kintone -a 18 -d undefined -t vUT4ULifGGFvyNpoRFedkdhr2zbdAgbbW9wVwmka --import -f src/resources/test_data/import_test/importCSVDataWithAttachmentOver10M.csv -b=src/resources/files/
2021/01/28 15:20:50 HTTP error: 404 Not Found
&quot;
    at ImportTestCommon.verifyAttachmentFileOver10MBError (/Users/k001534/Desktop/cli-kintone-automation/cli-kintone-automation/src/common/CliKintoneTestBase.js:75:35)
    at Object.&lt;anonymous&gt; (/Users/k001534/Desktop/cli-kintone-automation/cli-kintone-automation/src/tests/importWithoutOption/importWithAttachment.test.js:116:20)
    at processTicksAndRejections (internal/process/task_queues.js:93:5)</failure>
    </testcase>
    <testcase classname="Import with --import without option: Import new attachment with file (-b)" name="C234: Verify that error will be displayed when user specify wrong path to attachment files" time="1.359">
      <failure>Error: expect(received).toEqual(expected) // deep equality

Expected: StringContaining &quot;no such file or directory&quot;
Received: &quot;Error: Command failed: ./cli-kintone -a 18 -d undefined -t vUT4ULifGGFvyNpoRFedkdhr2zbdAgbbW9wVwmka --import -f src/resources/test_data/import_test/importCSVDataWithAttachment.csv -b=src
2021/01/28 15:20:52 HTTP error: 404 Not Found
&quot;
    at ImportTestCommon.verifyNonexistentDirectoryError (/Users/k001534/Desktop/cli-kintone-automation/cli-kintone-automation/src/common/CliKintoneTestBase.js:86:35)
    at Object.&lt;anonymous&gt; (/Users/k001534/Desktop/cli-kintone-automation/cli-kintone-automation/src/tests/importWithoutOption/importWithAttachment.test.js:126:20)
    at processTicksAndRejections (internal/process/task_queues.js:93:5)</failure>
    </testcase>
    <testcase classname="Import with --import without option: Import new attachment with file (-b)" name="C235: Verify that error will be displayed if user do not have proper permission on the attachment field" time="1.401">
      <failure>Error: expect(received).toEqual(expected) // deep equality

Expected: StringContaining &quot;Edit permissions are required to edit field \&quot;Attachment\&quot;.&quot;
Received: &quot;Error: Command failed: ./cli-kintone -a 18 -d undefined -u user3 -p user3 -f src/resources/test_data/import_test/importCSVDataWithAttachment.csv -b=src/resources/files/
2021/01/28 15:20:53 HTTP error: 404 Not Found
&quot;
    at ImportTestCommon.verifyNoViewPermissionErrorMessage (/Users/k001534/Desktop/cli-kintone-automation/cli-kintone-automation/src/common/CliKintoneTestBase.js:51:35)
    at Object.&lt;anonymous&gt; (/Users/k001534/Desktop/cli-kintone-automation/cli-kintone-automation/src/tests/importWithoutOption/importWithAttachment.test.js:140:20)
    at processTicksAndRejections (internal/process/task_queues.js:93:5)</failure>
    </testcase>
  </testsuite>
  <testsuite name="Export without --export option: Export data with number of records &gt; 500" errors="0" failures="7" skipped="0" timestamp="2021-01-28T08:20:53" time="12.466" tests="7">
    <testcase classname="Export without --export option: Export data with number of records &gt; 500" name="Case 280: Verify that data is exported correctly with username/password for an app" time="1.162">
      <failure>Error: expect(received).toEqual(expected) // deep equality

Expected: &quot;9e2fe751c049ee2bb1aa6a569c344ebe34b4ecd56619ef100ad72d760c098e26&quot;
Received: &quot;e3b0c44298fc1c149afbf4c8996fb92427ae41e4649b934ca495991b7852b855&quot;
    at ExportTestCommon.verifyExportedData (/Users/k001534/Desktop/cli-kintone-automation/cli-kintone-automation/src/common/ExportTestCommon.js:139:40)
    at processTicksAndRejections (internal/process/task_queues.js:93:5)
    at Object.&lt;anonymous&gt; (/Users/k001534/Desktop/cli-kintone-automation/cli-kintone-automation/src/tests/exportWithoutOption/exportWithMoreThan500Records.test.js:27:9)</failure>
    </testcase>
    <testcase classname="Export without --export option: Export data with number of records &gt; 500" name="Case 293: Verify that data is exported correctly with correct Basic Authentication Username/Password, and kintone username/password for an app" time="2.344">
      <failure>Error: expect(received).toEqual(expected) // deep equality

Expected: &quot;9e2fe751c049ee2bb1aa6a569c344ebe34b4ecd56619ef100ad72d760c098e26&quot;
Received: &quot;e3b0c44298fc1c149afbf4c8996fb92427ae41e4649b934ca495991b7852b855&quot;
    at ExportTestCommon.verifyExportedData (/Users/k001534/Desktop/cli-kintone-automation/cli-kintone-automation/src/common/ExportTestCommon.js:139:40)
    at processTicksAndRejections (internal/process/task_queues.js:93:5)
    at Object.&lt;anonymous&gt; (/Users/k001534/Desktop/cli-kintone-automation/cli-kintone-automation/src/tests/exportWithoutOption/exportWithMoreThan500Records.test.js:50:9)</failure>
    </testcase>
    <testcase classname="Export without --export option: Export data with number of records &gt; 500" name="Case 299: Verify that data can be exported with API Token" time="1.249">
      <failure>Error: expect(received).toEqual(expected) // deep equality

Expected: &quot;9e2fe751c049ee2bb1aa6a569c344ebe34b4ecd56619ef100ad72d760c098e26&quot;
Received: &quot;e3b0c44298fc1c149afbf4c8996fb92427ae41e4649b934ca495991b7852b855&quot;
    at ExportTestCommon.verifyExportedData (/Users/k001534/Desktop/cli-kintone-automation/cli-kintone-automation/src/common/ExportTestCommon.js:139:40)
    at processTicksAndRejections (internal/process/task_queues.js:93:5)
    at Object.&lt;anonymous&gt; (/Users/k001534/Desktop/cli-kintone-automation/cli-kintone-automation/src/tests/exportWithoutOption/exportWithMoreThan500Records.test.js:68:9)</failure>
    </testcase>
    <testcase classname="Export without --export option: Export data with number of records &gt; 500" name="Case 308: Verify that data can be exported in json format with euc-jp" time="1.512">
      <failure>SyntaxError: Unexpected end of JSON input
    at JSON.parse (&lt;anonymous&gt;)
    at /Users/k001534/Desktop/cli-kintone-automation/cli-kintone-automation/src/common/helper.js:60:35
    at new Promise (&lt;anonymous&gt;)
    at hashCsvFile (/Users/k001534/Desktop/cli-kintone-automation/cli-kintone-automation/src/common/helper.js:59:16)
    at ExportTestCommon.verifyExportedData (/Users/k001534/Desktop/cli-kintone-automation/cli-kintone-automation/src/common/ExportTestCommon.js:137:40)
    at processTicksAndRejections (internal/process/task_queues.js:93:5)
    at Object.&lt;anonymous&gt; (/Users/k001534/Desktop/cli-kintone-automation/cli-kintone-automation/src/tests/exportWithoutOption/exportWithMoreThan500Records.test.js:89:9)</failure>
    </testcase>
    <testcase classname="Export without --export option: Export data with number of records &gt; 500" name="Case 315: Verify that data can be exported to a file with utf-16 encoding" time="1.339">
      <failure>Error: expect(received).toEqual(expected) // deep equality

Expected: &quot;5ece88a8ea8f56db272d128b6b9540016a3d32b65a593fe4630452a0483b0d64&quot;
Received: &quot;e3b0c44298fc1c149afbf4c8996fb92427ae41e4649b934ca495991b7852b855&quot;
    at ExportTestCommon.verifyExportedData (/Users/k001534/Desktop/cli-kintone-automation/cli-kintone-automation/src/common/ExportTestCommon.js:139:40)
    at processTicksAndRejections (internal/process/task_queues.js:93:5)
    at Object.&lt;anonymous&gt; (/Users/k001534/Desktop/cli-kintone-automation/cli-kintone-automation/src/tests/exportWithoutOption/exportWithMoreThan500Records.test.js:107:9)</failure>
    </testcase>
    <testcase classname="Export without --export option: Export data with number of records &gt; 500" name="Case 323: Verify that data can be exported in csv format with sjis" time="1.449">
      <failure>Error: expect(received).toEqual(expected) // deep equality

Expected: &quot;56a192389d9c3061e348d12906de4245895220221b4d145da2f84e38b3617ac3&quot;
Received: &quot;e3b0c44298fc1c149afbf4c8996fb92427ae41e4649b934ca495991b7852b855&quot;
    at ExportTestCommon.verifyExportedData (/Users/k001534/Desktop/cli-kintone-automation/cli-kintone-automation/src/common/ExportTestCommon.js:139:40)
    at processTicksAndRejections (internal/process/task_queues.js:93:5)
    at Object.&lt;anonymous&gt; (/Users/k001534/Desktop/cli-kintone-automation/cli-kintone-automation/src/tests/exportWithoutOption/exportWithMoreThan500Records.test.js:127:9)</failure>
    </testcase>
    <testcase classname="Export without --export option: Export data with number of records &gt; 500" name="Case 332: Verify that only data of fields listed in -c parameter are returned" time="1.32">
      <failure>Error: expect(received).toEqual(expected) // deep equality

Expected: &quot;5a601cc0fe543aada8629e1f5a3066c865e499e19d17b184dbb28d79351fde08&quot;
Received: &quot;e3b0c44298fc1c149afbf4c8996fb92427ae41e4649b934ca495991b7852b855&quot;
    at ExportTestCommon.verifyExportedData (/Users/k001534/Desktop/cli-kintone-automation/cli-kintone-automation/src/common/ExportTestCommon.js:139:40)
    at processTicksAndRejections (internal/process/task_queues.js:93:5)
    at Object.&lt;anonymous&gt; (/Users/k001534/Desktop/cli-kintone-automation/cli-kintone-automation/src/tests/exportWithoutOption/exportWithMoreThan500Records.test.js:147:9)</failure>
    </testcase>
  </testsuite>
  <testsuite name="Export without --export option: Basic Authentication (-U) (-P)" errors="0" failures="6" skipped="0" timestamp="2021-01-28T08:21:06" time="11.425" tests="6">
    <testcase classname="Export without --export option: Basic Authentication (-U) (-P)" name="Case 293: Verify that data is exported correctly with correct Basic Authentication Username/Password, and kintone username/password for an app" time="1.168">
      <failure>Error: expect(received).toEqual(expected) // deep equality

Expected: &quot;9cc0ca32badcffe6900ff92b60368542bf5b77d7ad8f0209f623e05333e56308&quot;
Received: &quot;e3b0c44298fc1c149afbf4c8996fb92427ae41e4649b934ca495991b7852b855&quot;
    at ExportTestCommon.verifyExportedData (/Users/k001534/Desktop/cli-kintone-automation/cli-kintone-automation/src/common/ExportTestCommon.js:139:40)
    at processTicksAndRejections (internal/process/task_queues.js:93:5)
    at Object.&lt;anonymous&gt; (/Users/k001534/Desktop/cli-kintone-automation/cli-kintone-automation/src/tests/exportWithoutOption/exportWithBasicAuthentication.test.js:28:9)</failure>
    </testcase>
    <testcase classname="Export without --export option: Basic Authentication (-U) (-P)" name="Case 293: Guest space -  Verify that data is exported correctly with correct Basic Authentication Username/Password, and kintone username/password for an app" time="3.428">
      <failure>Error: expect(received).toEqual(expected) // deep equality

Expected: &quot;37b02fd31b71b46f716b1f5532f2906e019d6a2d321ef64e61de2fbb366fd9de&quot;
Received: &quot;e3b0c44298fc1c149afbf4c8996fb92427ae41e4649b934ca495991b7852b855&quot;
    at ExportTestCommon.verifyExportedData (/Users/k001534/Desktop/cli-kintone-automation/cli-kintone-automation/src/common/ExportTestCommon.js:139:40)
    at processTicksAndRejections (internal/process/task_queues.js:93:5)
    at Object.&lt;anonymous&gt; (/Users/k001534/Desktop/cli-kintone-automation/cli-kintone-automation/src/tests/exportWithoutOption/exportWithBasicAuthentication.test.js:60:9)</failure>
    </testcase>
    <testcase classname="Export without --export option: Basic Authentication (-U) (-P)" name="Case 294: Verify that error will be displayed when missing both Basic Authentication username and password" time="1.09">
      <failure>Error: expect(received).toEqual(expected) // deep equality

Expected: StringContaining &quot;HTTP error: 401 Unauthorized&quot;
Received: &quot;Error: Command failed: ./cli-kintone -a 16 -d undefined -u undefined -p undefined &gt; src/resources/actualExportedCSVData.csv
2021/01/28 15:21:13 HTTP error: 404 Not Found
&quot;
    at ExportTestCommon.verifyHttpError401Message (/Users/k001534/Desktop/cli-kintone-automation/cli-kintone-automation/src/common/CliKintoneTestBase.js:67:35)
    at Object.&lt;anonymous&gt; (/Users/k001534/Desktop/cli-kintone-automation/cli-kintone-automation/src/tests/exportWithoutOption/exportWithBasicAuthentication.test.js:70:20)
    at processTicksAndRejections (internal/process/task_queues.js:93:5)</failure>
    </testcase>
    <testcase classname="Export without --export option: Basic Authentication (-U) (-P)" name="Case 295: Verify that error will be displayed when missing Basic Authentication username" time="1.236">
      <failure>Error: expect(received).toEqual(expected) // deep equality

Expected: StringContaining &quot;HTTP error: 401 Unauthorized&quot;
Received: &quot;Error: Command failed: ./cli-kintone -a 16 -d undefined -u undefined -p undefined  -P undefined &gt; src/resources/actualExportedCSVData.csv
2021/01/28 15:21:15 HTTP error: 404 Not Found
&quot;
    at ExportTestCommon.verifyHttpError401Message (/Users/k001534/Desktop/cli-kintone-automation/cli-kintone-automation/src/common/CliKintoneTestBase.js:67:35)
    at Object.&lt;anonymous&gt; (/Users/k001534/Desktop/cli-kintone-automation/cli-kintone-automation/src/tests/exportWithoutOption/exportWithBasicAuthentication.test.js:85:20)
    at processTicksAndRejections (internal/process/task_queues.js:93:5)</failure>
    </testcase>
    <testcase classname="Export without --export option: Basic Authentication (-U) (-P)" name="Case 296: Verify that error will be displayed when using wrong Basic Authentication username" time="1.282">
      <failure>Error: expect(received).toEqual(expected) // deep equality

Expected: StringContaining &quot;HTTP error: 401 Unauthorized&quot;
Received: &quot;Error: Command failed: ./cli-kintone -a 16 -d undefined -u undefined -p undefined -U invalidUser -P undefined &gt; src/resources/actualExportedCSVData.csv
2021/01/28 15:21:16 HTTP error: 404 Not Found
&quot;
    at ExportTestCommon.verifyHttpError401Message (/Users/k001534/Desktop/cli-kintone-automation/cli-kintone-automation/src/common/CliKintoneTestBase.js:67:35)
    at Object.&lt;anonymous&gt; (/Users/k001534/Desktop/cli-kintone-automation/cli-kintone-automation/src/tests/exportWithoutOption/exportWithBasicAuthentication.test.js:94:20)
    at processTicksAndRejections (internal/process/task_queues.js:93:5)</failure>
    </testcase>
    <testcase classname="Export without --export option: Basic Authentication (-U) (-P)" name="Case 297: Verify that error will be displayed when using wrong Basic Authentication password" time="1.189">
      <failure>Error: expect(received).toEqual(expected) // deep equality

Expected: StringContaining &quot;HTTP error: 401 Unauthorized&quot;
Received: &quot;Error: Command failed: ./cli-kintone -a 16 -d undefined -u undefined -p undefined -U undefined -P invalid_password &gt; src/resources/actualExportedCSVData.csv
2021/01/28 15:21:17 HTTP error: 404 Not Found
&quot;
    at ExportTestCommon.verifyHttpError401Message (/Users/k001534/Desktop/cli-kintone-automation/cli-kintone-automation/src/common/CliKintoneTestBase.js:67:35)
    at Object.&lt;anonymous&gt; (/Users/k001534/Desktop/cli-kintone-automation/cli-kintone-automation/src/tests/exportWithoutOption/exportWithBasicAuthentication.test.js:103:20)
    at processTicksAndRejections (internal/process/task_queues.js:93:5)</failure>
    </testcase>
  </testsuite>
  <testsuite name="Import without --import option: Import data with number of records &gt; 100" errors="0" failures="5" skipped="0" timestamp="2021-01-28T08:21:17" time="8.093" tests="5">
    <testcase classname="Import without --import option: Import data with number of records &gt; 100" name="C011: Verify that data is imported correctly with username/password for an app" time="1.238">
      <failure>Error: expect(received).toEqual(expected) // deep equality

Expected: StringContaining &quot;SUCCESS&quot;
Received: [Error: Command failed: ./cli-kintone -a 18 -d undefined -u undefined -p undefined -f src/resources/test_data/import_test/importCSVData110Record.csv
2021/01/28 15:21:19 HTTP error: 404 Not Found
]
    at ImportTestCommon.verifyCliKintoneSuccessMessage (/Users/k001534/Desktop/cli-kintone-automation/cli-kintone-automation/src/common/CliKintoneTestBase.js:15:24)
    at Object.&lt;anonymous&gt; (/Users/k001534/Desktop/cli-kintone-automation/cli-kintone-automation/src/tests/importWithoutOption/importWithMoreThan100Records.test.js:18:20)
    at processTicksAndRejections (internal/process/task_queues.js:93:5)</failure>
    </testcase>
    <testcase classname="Import without --import option: Import data with number of records &gt; 100" name="C024: Verify that data is imported correctly with correct Basic Authentication Username/Password" time="1.402">
      <failure>Error: expect(received).toEqual(expected) // deep equality

Expected: StringContaining &quot;SUCCESS&quot;
Received: [Error: Command failed: ./cli-kintone -a 16 -d undefined -u undefined -p undefined -U undefined -P undefined -f src/resources/test_data/import_test/importCSVData110Record.csv
2021/01/28 15:21:20 HTTP error: 404 Not Found
]
    at ImportTestCommon.verifyCliKintoneSuccessMessage (/Users/k001534/Desktop/cli-kintone-automation/cli-kintone-automation/src/common/CliKintoneTestBase.js:15:24)
    at Object.&lt;anonymous&gt; (/Users/k001534/Desktop/cli-kintone-automation/cli-kintone-automation/src/tests/importWithoutOption/importWithMoreThan100Records.test.js:32:20)
    at processTicksAndRejections (internal/process/task_queues.js:93:5)</failure>
    </testcase>
    <testcase classname="Import without --import option: Import data with number of records &gt; 100" name="C031: Verify that data can be imported with API Token" time="1.387">
      <failure>Error: expect(received).toEqual(expected) // deep equality

Expected: StringContaining &quot;SUCCESS&quot;
Received: [Error: Command failed: ./cli-kintone -a 18 -d undefined -t vUT4ULifGGFvyNpoRFedkdhr2zbdAgbbW9wVwmka --import -f src/resources/test_data/import_test/importCSVData110Record.csv
2021/01/28 15:21:21 HTTP error: 404 Not Found
]
    at ImportTestCommon.verifyCliKintoneSuccessMessage (/Users/k001534/Desktop/cli-kintone-automation/cli-kintone-automation/src/common/CliKintoneTestBase.js:15:24)
    at Object.&lt;anonymous&gt; (/Users/k001534/Desktop/cli-kintone-automation/cli-kintone-automation/src/tests/importWithoutOption/importWithMoreThan100Records.test.js:43:20)
    at processTicksAndRejections (internal/process/task_queues.js:93:5)</failure>
    </testcase>
    <testcase classname="Import without --import option: Import data with number of records &gt; 100" name="C100: Verify that all records will be deleted before inserting" time="2.368">
      <failure>Error: expect(received).toEqual(expected) // deep equality

Expected: StringContaining &quot;SUCCESS&quot;
Received: [Error: Command failed: ./cli-kintone -a 18 -d undefined -u undefined -p undefined --import -f src/resources/test_data/import_test/importCSVData110Record.csv
2021/01/28 15:21:23 HTTP error: 404 Not Found
]
    at ImportTestCommon.verifyCliKintoneSuccessMessage (/Users/k001534/Desktop/cli-kintone-automation/cli-kintone-automation/src/common/CliKintoneTestBase.js:15:24)
    at Object.&lt;anonymous&gt; (/Users/k001534/Desktop/cli-kintone-automation/cli-kintone-automation/src/tests/importWithoutOption/importWithMoreThan100Records.test.js:65:21)
    at processTicksAndRejections (internal/process/task_queues.js:93:5)</failure>
    </testcase>
    <testcase classname="Import without --import option: Import data with number of records &gt; 100" name="C110: Verify that user can specify which line will be imported from file and data will be imported correctly" time="1.361">
      <failure>Error: expect(received).toEqual(expected) // deep equality

Expected: StringContaining &quot;SUCCESS&quot;
Received: [Error: Command failed: ./cli-kintone -a 18 -d undefined -u undefined -p undefined -f src/resources/test_data/import_test/importCSVData110Record.csv -l 5
2021/01/28 15:21:25 HTTP error: 404 Not Found
]
    at ImportTestCommon.verifyCliKintoneSuccessMessage (/Users/k001534/Desktop/cli-kintone-automation/cli-kintone-automation/src/common/CliKintoneTestBase.js:15:24)
    at Object.&lt;anonymous&gt; (/Users/k001534/Desktop/cli-kintone-automation/cli-kintone-automation/src/tests/importWithoutOption/importWithMoreThan100Records.test.js:87:20)
    at processTicksAndRejections (internal/process/task_queues.js:93:5)</failure>
    </testcase>
  </testsuite>
  <testsuite name="Import with --import option: Import data with number of records &gt; 100" errors="0" failures="5" skipped="0" timestamp="2021-01-28T08:21:25" time="8.208" tests="5">
    <testcase classname="Import with --import option: Import data with number of records &gt; 100" name="C011: Verify that data is imported correctly with username/password for an app" time="1.283">
      <failure>Error: expect(received).toEqual(expected) // deep equality

Expected: StringContaining &quot;SUCCESS&quot;
Received: [Error: Command failed: ./cli-kintone -a 18 -d undefined -u undefined -p undefined --import -f src/resources/test_data/import_test/importCSVData110Record.csv
2021/01/28 15:21:27 HTTP error: 404 Not Found
]
    at ImportTestCommon.verifyCliKintoneSuccessMessage (/Users/k001534/Desktop/cli-kintone-automation/cli-kintone-automation/src/common/CliKintoneTestBase.js:15:24)
    at Object.&lt;anonymous&gt; (/Users/k001534/Desktop/cli-kintone-automation/cli-kintone-automation/src/tests/importWithOption/importWithMoreThan100Records.test.js:18:20)
    at processTicksAndRejections (internal/process/task_queues.js:93:5)</failure>
    </testcase>
    <testcase classname="Import with --import option: Import data with number of records &gt; 100" name="C024: Verify that data is imported correctly with correct Basic Authentication Username/Password" time="1.375">
      <failure>Error: expect(received).toEqual(expected) // deep equality

Expected: StringContaining &quot;SUCCESS&quot;
Received: [Error: Command failed: ./cli-kintone -a 16 -d undefined -u undefined -p undefined -U undefined -P undefined --import -f src/resources/test_data/import_test/importCSVData110Record.csv
2021/01/28 15:21:28 HTTP error: 404 Not Found
]
    at ImportTestCommon.verifyCliKintoneSuccessMessage (/Users/k001534/Desktop/cli-kintone-automation/cli-kintone-automation/src/common/CliKintoneTestBase.js:15:24)
    at Object.&lt;anonymous&gt; (/Users/k001534/Desktop/cli-kintone-automation/cli-kintone-automation/src/tests/importWithOption/importWithMoreThan100Records.test.js:32:20)
    at processTicksAndRejections (internal/process/task_queues.js:93:5)</failure>
    </testcase>
    <testcase classname="Import with --import option: Import data with number of records &gt; 100" name="C031: Verify that data can be imported with API Token" time="1.266">
      <failure>Error: expect(received).toEqual(expected) // deep equality

Expected: StringContaining &quot;SUCCESS&quot;
Received: [Error: Command failed: ./cli-kintone -a 18 -d undefined -t vUT4ULifGGFvyNpoRFedkdhr2zbdAgbbW9wVwmka --import -f src/resources/test_data/import_test/importCSVData110Record.csv
2021/01/28 15:21:29 HTTP error: 404 Not Found
]
    at ImportTestCommon.verifyCliKintoneSuccessMessage (/Users/k001534/Desktop/cli-kintone-automation/cli-kintone-automation/src/common/CliKintoneTestBase.js:15:24)
    at Object.&lt;anonymous&gt; (/Users/k001534/Desktop/cli-kintone-automation/cli-kintone-automation/src/tests/importWithOption/importWithMoreThan100Records.test.js:43:20)
    at processTicksAndRejections (internal/process/task_queues.js:93:5)</failure>
    </testcase>
    <testcase classname="Import with --import option: Import data with number of records &gt; 100" name="C100: Verify that all records will be deleted before inserting" time="2.675">
      <failure>Error: expect(received).toEqual(expected) // deep equality

Expected: StringContaining &quot;SUCCESS&quot;
Received: [Error: Command failed: ./cli-kintone -a 18 -d undefined -u undefined -p undefined --import -f src/resources/test_data/import_test/importCSVData110Record.csv
2021/01/28 15:21:31 HTTP error: 404 Not Found
]
    at ImportTestCommon.verifyCliKintoneSuccessMessage (/Users/k001534/Desktop/cli-kintone-automation/cli-kintone-automation/src/common/CliKintoneTestBase.js:15:24)
    at Object.&lt;anonymous&gt; (/Users/k001534/Desktop/cli-kintone-automation/cli-kintone-automation/src/tests/importWithOption/importWithMoreThan100Records.test.js:65:21)
    at processTicksAndRejections (internal/process/task_queues.js:93:5)</failure>
    </testcase>
    <testcase classname="Import with --import option: Import data with number of records &gt; 100" name="C110: Verify that user can specify which line will be imported from file and data will be imported correctly" time="1.27">
      <failure>Error: expect(received).toEqual(expected) // deep equality

Expected: StringContaining &quot;SUCCESS&quot;
Received: [Error: Command failed: ./cli-kintone -a 18 -d undefined -u undefined -p undefined --import -f src/resources/test_data/import_test/importCSVData110Record.csv -l 5
2021/01/28 15:21:33 HTTP error: 404 Not Found
]
    at ImportTestCommon.verifyCliKintoneSuccessMessage (/Users/k001534/Desktop/cli-kintone-automation/cli-kintone-automation/src/common/CliKintoneTestBase.js:15:24)
    at Object.&lt;anonymous&gt; (/Users/k001534/Desktop/cli-kintone-automation/cli-kintone-automation/src/tests/importWithOption/importWithMoreThan100Records.test.js:87:20)
    at processTicksAndRejections (internal/process/task_queues.js:93:5)</failure>
    </testcase>
  </testsuite>
  <testsuite name="Export with --export option: Export data with number of records &gt; 500" errors="0" failures="4" skipped="0" timestamp="2021-01-28T08:21:34" time="8.823" tests="4">
    <testcase classname="Export with --export option: Export data with number of records &gt; 500" name="Case 148: Verify that data can be exported in json format with euc-jp" time="1.458">
      <failure>SyntaxError: Unexpected end of JSON input
    at JSON.parse (&lt;anonymous&gt;)
    at /Users/k001534/Desktop/cli-kintone-automation/cli-kintone-automation/src/common/helper.js:60:35
    at new Promise (&lt;anonymous&gt;)
    at hashCsvFile (/Users/k001534/Desktop/cli-kintone-automation/cli-kintone-automation/src/common/helper.js:59:16)
    at ExportTestCommon.verifyExportedData (/Users/k001534/Desktop/cli-kintone-automation/cli-kintone-automation/src/common/ExportTestCommon.js:137:40)
    at processTicksAndRejections (internal/process/task_queues.js:93:5)
    at Object.&lt;anonymous&gt; (/Users/k001534/Desktop/cli-kintone-automation/cli-kintone-automation/src/tests/exportWithOption/exportWithMoreThan500Records.test.js:32:9)</failure>
    </testcase>
    <testcase classname="Export with --export option: Export data with number of records &gt; 500" name="Case 154: Verify that data can be exported to a file with utf-8 encoding" time="1.376">
      <failure>Error: expect(received).toEqual(expected) // deep equality

Expected: &quot;9e2fe751c049ee2bb1aa6a569c344ebe34b4ecd56619ef100ad72d760c098e26&quot;
Received: &quot;e3b0c44298fc1c149afbf4c8996fb92427ae41e4649b934ca495991b7852b855&quot;
    at ExportTestCommon.verifyExportedData (/Users/k001534/Desktop/cli-kintone-automation/cli-kintone-automation/src/common/ExportTestCommon.js:139:40)
    at processTicksAndRejections (internal/process/task_queues.js:93:5)
    at Object.&lt;anonymous&gt; (/Users/k001534/Desktop/cli-kintone-automation/cli-kintone-automation/src/tests/exportWithOption/exportWithMoreThan500Records.test.js:50:9)</failure>
    </testcase>
    <testcase classname="Export with --export option: Export data with number of records &gt; 500" name="Case 163: Verify that data can be exported in csv format with sjis" time="3.268">
      <failure>Error: expect(received).toEqual(expected) // deep equality

Expected: &quot;56a192389d9c3061e348d12906de4245895220221b4d145da2f84e38b3617ac3&quot;
Received: &quot;e3b0c44298fc1c149afbf4c8996fb92427ae41e4649b934ca495991b7852b855&quot;
    at ExportTestCommon.verifyExportedData (/Users/k001534/Desktop/cli-kintone-automation/cli-kintone-automation/src/common/ExportTestCommon.js:139:40)
    at processTicksAndRejections (internal/process/task_queues.js:93:5)
    at Object.&lt;anonymous&gt; (/Users/k001534/Desktop/cli-kintone-automation/cli-kintone-automation/src/tests/exportWithOption/exportWithMoreThan500Records.test.js:70:9)</failure>
    </testcase>
    <testcase classname="Export with --export option: Export data with number of records &gt; 500" name="Case 172: Verify that only data of fields listed in -c parameter are returned" time="1.076">
      <failure>Error: expect(received).toEqual(expected) // deep equality

Expected: &quot;5a601cc0fe543aada8629e1f5a3066c865e499e19d17b184dbb28d79351fde08&quot;
Received: &quot;e3b0c44298fc1c149afbf4c8996fb92427ae41e4649b934ca495991b7852b855&quot;
    at ExportTestCommon.verifyExportedData (/Users/k001534/Desktop/cli-kintone-automation/cli-kintone-automation/src/common/ExportTestCommon.js:139:40)
    at processTicksAndRejections (internal/process/task_queues.js:93:5)
    at Object.&lt;anonymous&gt; (/Users/k001534/Desktop/cli-kintone-automation/cli-kintone-automation/src/tests/exportWithOption/exportWithMoreThan500Records.test.js:90:9)</failure>
    </testcase>
  </testsuite>
  <testsuite name="Import without --import option: Basic Authentication with params (-U) (-P)" errors="0" failures="6" skipped="0" timestamp="2021-01-28T08:21:42" time="8.438" tests="6">
    <testcase classname="Import without --import option: Basic Authentication with params (-U) (-P)" name="C206: Verify that data is imported correctly with correct Basic Authentication Username/Password" time="1.391">
      <failure>Error: expect(received).toEqual(expected) // deep equality

Expected: StringContaining &quot;SUCCESS&quot;
Received: [Error: Command failed: ./cli-kintone -a 16 -d undefined -u undefined -p undefined -U undefined -P undefined -f src/resources/test_data/import_test/importCSVData.csv
2021/01/28 15:21:44 HTTP error: 404 Not Found
]
    at ImportTestCommon.verifyCliKintoneSuccessMessage (/Users/k001534/Desktop/cli-kintone-automation/cli-kintone-automation/src/common/CliKintoneTestBase.js:15:24)
    at Object.&lt;anonymous&gt; (/Users/k001534/Desktop/cli-kintone-automation/cli-kintone-automation/src/tests/importWithoutOption/importWithBasicAuthentication.test.js:19:20)
    at processTicksAndRejections (internal/process/task_queues.js:93:5)</failure>
    </testcase>
    <testcase classname="Import without --import option: Basic Authentication with params (-U) (-P)" name="C206: Guest space - Verify that data is imported correctly with correct Basic Authentication Username/Password" time="1.419">
      <failure>Error: expect(received).toEqual(expected) // deep equality

Expected: StringContaining &quot;SUCCESS&quot;
Received: [Error: Command failed: ./cli-kintone -a 8 -d undefined -u undefined -p undefined -U undefined -P undefined -f src/resources/test_data/import_test/importCSVData.csv -g 2
2021/01/28 15:21:45 HTTP error: 404 Not Found
]
    at ImportTestCommon.verifyCliKintoneSuccessMessage (/Users/k001534/Desktop/cli-kintone-automation/cli-kintone-automation/src/common/CliKintoneTestBase.js:15:24)
    at Object.&lt;anonymous&gt; (/Users/k001534/Desktop/cli-kintone-automation/cli-kintone-automation/src/tests/importWithoutOption/importWithBasicAuthentication.test.js:42:20)
    at processTicksAndRejections (internal/process/task_queues.js:93:5)</failure>
    </testcase>
    <testcase classname="Import without --import option: Basic Authentication with params (-U) (-P)" name="C207: Verify that error will be displayed when missing both Basic Authentication username and password" time="1.339">
      <failure>Error: expect(received).toEqual(expected) // deep equality

Expected: StringContaining &quot;HTTP error: 401 Unauthorized&quot;
Received: &quot;Error: Command failed: ./cli-kintone -a 16 -d undefined -u undefined -p undefined -f src/resources/test_data/import_test/importCSVData.csv
2021/01/28 15:21:47 HTTP error: 404 Not Found
&quot;
    at ImportTestCommon.verifyHttpError401Message (/Users/k001534/Desktop/cli-kintone-automation/cli-kintone-automation/src/common/CliKintoneTestBase.js:67:35)
    at Object.&lt;anonymous&gt; (/Users/k001534/Desktop/cli-kintone-automation/cli-kintone-automation/src/tests/importWithoutOption/importWithBasicAuthentication.test.js:56:20)
    at processTicksAndRejections (internal/process/task_queues.js:93:5)</failure>
    </testcase>
    <testcase classname="Import without --import option: Basic Authentication with params (-U) (-P)" name="C208: Verify that error will be displayed when missing Basic Authentication username" time="1.316">
      <failure>Error: expect(received).toEqual(expected) // deep equality

Expected: StringContaining &quot;HTTP error: 401 Unauthorized&quot;
Received: &quot;Error: Command failed: ./cli-kintone -a 16 -d undefined -u undefined -p undefined -f src/resources/test_data/import_test/importCSVData.csv -P undefined
2021/01/28 15:21:48 HTTP error: 404 Not Found
&quot;
    at ImportTestCommon.verifyHttpError401Message (/Users/k001534/Desktop/cli-kintone-automation/cli-kintone-automation/src/common/CliKintoneTestBase.js:67:35)
    at Object.&lt;anonymous&gt; (/Users/k001534/Desktop/cli-kintone-automation/cli-kintone-automation/src/tests/importWithoutOption/importWithBasicAuthentication.test.js:71:20)
    at processTicksAndRejections (internal/process/task_queues.js:93:5)</failure>
    </testcase>
    <testcase classname="Import without --import option: Basic Authentication with params (-U) (-P)" name="C209: Verify that error will be displayed when using wrong Basic Authentication username" time="1.29">
      <failure>Error: expect(received).toEqual(expected) // deep equality

Expected: StringContaining &quot;HTTP error: 401 Unauthorized&quot;
Received: &quot;Error: Command failed: ./cli-kintone -a 16 -d undefined -u undefined -p undefined -U invalidUser -P undefined -f src/resources/test_data/import_test/importCSVData.csv
2021/01/28 15:21:49 HTTP error: 404 Not Found
&quot;
    at ImportTestCommon.verifyHttpError401Message (/Users/k001534/Desktop/cli-kintone-automation/cli-kintone-automation/src/common/CliKintoneTestBase.js:67:35)
    at Object.&lt;anonymous&gt; (/Users/k001534/Desktop/cli-kintone-automation/cli-kintone-automation/src/tests/importWithoutOption/importWithBasicAuthentication.test.js:80:20)
    at processTicksAndRejections (internal/process/task_queues.js:93:5)</failure>
    </testcase>
    <testcase classname="Import without --import option: Basic Authentication with params (-U) (-P)" name="C210: Verify that error will be displayed when using wrong Basic Authentication password" time="1.339">
      <failure>Error: expect(received).toEqual(expected) // deep equality

Expected: StringContaining &quot;HTTP error: 401 Unauthorized&quot;
Received: &quot;Error: Command failed: ./cli-kintone -a 16 -d undefined -u undefined -p undefined -U undefined -P invalidPass -f src/resources/test_data/import_test/importCSVData.csv
2021/01/28 15:21:51 HTTP error: 404 Not Found
&quot;
    at ImportTestCommon.verifyHttpError401Message (/Users/k001534/Desktop/cli-kintone-automation/cli-kintone-automation/src/common/CliKintoneTestBase.js:67:35)
    at Object.&lt;anonymous&gt; (/Users/k001534/Desktop/cli-kintone-automation/cli-kintone-automation/src/tests/importWithoutOption/importWithBasicAuthentication.test.js:89:20)
    at processTicksAndRejections (internal/process/task_queues.js:93:5)</failure>
    </testcase>
  </testsuite>
  <testsuite name="Import with --import option: Basic Authentication with params (-U) (-P)" errors="0" failures="6" skipped="0" timestamp="2021-01-28T08:21:51" time="8.607" tests="6">
    <testcase classname="Import with --import option: Basic Authentication with params (-U) (-P)" name="C024: Verify that data is imported correctly with correct Basic Authentication Username/Password" time="1.362">
      <failure>Error: expect(received).toEqual(expected) // deep equality

Expected: StringContaining &quot;SUCCESS&quot;
Received: [Error: Command failed: ./cli-kintone -a 16 -d undefined -u undefined -p undefined -U undefined -P undefined --import -f src/resources/test_data/import_test/importCSVData.csv
2021/01/28 15:21:52 HTTP error: 404 Not Found
]
    at ImportTestCommon.verifyCliKintoneSuccessMessage (/Users/k001534/Desktop/cli-kintone-automation/cli-kintone-automation/src/common/CliKintoneTestBase.js:15:24)
    at Object.&lt;anonymous&gt; (/Users/k001534/Desktop/cli-kintone-automation/cli-kintone-automation/src/tests/importWithOption/importWithBasicAuthentication.test.js:19:20)
    at processTicksAndRejections (internal/process/task_queues.js:93:5)</failure>
    </testcase>
    <testcase classname="Import with --import option: Basic Authentication with params (-U) (-P)" name="C024: Guest space - Verify that data is imported correctly with correct Basic Authentication Username/Password" time="1.366">
      <failure>Error: expect(received).toEqual(expected) // deep equality

Expected: StringContaining &quot;SUCCESS&quot;
Received: [Error: Command failed: ./cli-kintone -a 8 -d undefined -u undefined -p undefined -U undefined -P undefined --import -f src/resources/test_data/import_test/importCSVData.csv -g 2
2021/01/28 15:21:54 HTTP error: 404 Not Found
]
    at ImportTestCommon.verifyCliKintoneSuccessMessage (/Users/k001534/Desktop/cli-kintone-automation/cli-kintone-automation/src/common/CliKintoneTestBase.js:15:24)
    at Object.&lt;anonymous&gt; (/Users/k001534/Desktop/cli-kintone-automation/cli-kintone-automation/src/tests/importWithOption/importWithBasicAuthentication.test.js:42:20)
    at processTicksAndRejections (internal/process/task_queues.js:93:5)</failure>
    </testcase>
    <testcase classname="Import with --import option: Basic Authentication with params (-U) (-P)" name="C025: Verify that error will be displayed when missing both Basic Authentication username and password" time="1.258">
      <failure>Error: expect(received).toEqual(expected) // deep equality

Expected: StringContaining &quot;HTTP error: 401 Unauthorized&quot;
Received: &quot;Error: Command failed: ./cli-kintone -a 16 -d undefined -u undefined -p undefined --import -f src/resources/test_data/import_test/importCSVData.csv
2021/01/28 15:21:55 HTTP error: 404 Not Found
&quot;
    at ImportTestCommon.verifyHttpError401Message (/Users/k001534/Desktop/cli-kintone-automation/cli-kintone-automation/src/common/CliKintoneTestBase.js:67:35)
    at Object.&lt;anonymous&gt; (/Users/k001534/Desktop/cli-kintone-automation/cli-kintone-automation/src/tests/importWithOption/importWithBasicAuthentication.test.js:56:20)
    at processTicksAndRejections (internal/process/task_queues.js:93:5)</failure>
    </testcase>
    <testcase classname="Import with --import option: Basic Authentication with params (-U) (-P)" name="C026: Verify that error will be displayed when missing Basic Authentication username" time="1.354">
      <failure>Error: expect(received).toEqual(expected) // deep equality

Expected: StringContaining &quot;HTTP error: 401 Unauthorized&quot;
Received: &quot;Error: Command failed: ./cli-kintone -a 16 -d undefined -u undefined -p undefined --import -f src/resources/test_data/import_test/importCSVData.csv -P undefined
2021/01/28 15:21:56 HTTP error: 404 Not Found
&quot;
    at ImportTestCommon.verifyHttpError401Message (/Users/k001534/Desktop/cli-kintone-automation/cli-kintone-automation/src/common/CliKintoneTestBase.js:67:35)
    at Object.&lt;anonymous&gt; (/Users/k001534/Desktop/cli-kintone-automation/cli-kintone-automation/src/tests/importWithOption/importWithBasicAuthentication.test.js:71:20)
    at processTicksAndRejections (internal/process/task_queues.js:93:5)</failure>
    </testcase>
    <testcase classname="Import with --import option: Basic Authentication with params (-U) (-P)" name="C028: Verify that error will be displayed when using wrong Basic Authentication username" time="1.303">
      <failure>Error: expect(received).toEqual(expected) // deep equality

Expected: StringContaining &quot;HTTP error: 401 Unauthorized&quot;
Received: &quot;Error: Command failed: ./cli-kintone -a 16 -d undefined -u undefined -p undefined -U invalidUser -P undefined --import -f src/resources/test_data/import_test/importCSVData.csv
2021/01/28 15:21:58 HTTP error: 404 Not Found
&quot;
    at ImportTestCommon.verifyHttpError401Message (/Users/k001534/Desktop/cli-kintone-automation/cli-kintone-automation/src/common/CliKintoneTestBase.js:67:35)
    at Object.&lt;anonymous&gt; (/Users/k001534/Desktop/cli-kintone-automation/cli-kintone-automation/src/tests/importWithOption/importWithBasicAuthentication.test.js:80:20)
    at processTicksAndRejections (internal/process/task_queues.js:93:5)</failure>
    </testcase>
    <testcase classname="Import with --import option: Basic Authentication with params (-U) (-P)" name="C029: Verify that error will be displayed when using wrong Basic Authentication password" time="1.632">
      <failure>Error: expect(received).toEqual(expected) // deep equality

Expected: StringContaining &quot;HTTP error: 401 Unauthorized&quot;
Received: &quot;Error: Command failed: ./cli-kintone -a 16 -d undefined -u undefined -p undefined -U undefined -P invalidPass --import -f src/resources/test_data/import_test/importCSVData.csv
2021/01/28 15:21:59 HTTP error: 404 Not Found
&quot;
    at ImportTestCommon.verifyHttpError401Message (/Users/k001534/Desktop/cli-kintone-automation/cli-kintone-automation/src/common/CliKintoneTestBase.js:67:35)
    at Object.&lt;anonymous&gt; (/Users/k001534/Desktop/cli-kintone-automation/cli-kintone-automation/src/tests/importWithOption/importWithBasicAuthentication.test.js:89:20)
    at processTicksAndRejections (internal/process/task_queues.js:93:5)</failure>
    </testcase>
  </testsuite>
  <testsuite name="Export without --export option: Export data with number of records &gt; 500" errors="0" failures="1" skipped="0" timestamp="2021-01-28T08:21:59" time="4.659" tests="1">
    <testcase classname="Export without --export option: Export data with number of records &gt; 500" name="Case 180: Verify that the attachment will be displayed as text when specifying -b param" time="1.441">
      <failure>Error: expect(received).toEqual(expected) // deep equality

Expected: &quot;9678af7d7a63748e32237d3669e1151c185ed2e2cd8adee4bbc36411381e63af&quot;
Received: &quot;e3b0c44298fc1c149afbf4c8996fb92427ae41e4649b934ca495991b7852b855&quot;
    at ExportTestCommon.verifyExportedData (/Users/k001534/Desktop/cli-kintone-automation/cli-kintone-automation/src/common/ExportTestCommon.js:139:40)
    at processTicksAndRejections (internal/process/task_queues.js:93:5)
    at Object.&lt;anonymous&gt; (/Users/k001534/Desktop/cli-kintone-automation/cli-kintone-automation/src/tests/exportWithoutOption/exportWithAttachmentMoreThan500Records.test.js:36:9)</failure>
    </testcase>
  </testsuite>
  <testsuite name="Export with --export option: Export data with number of records &gt; 500" errors="0" failures="1" skipped="0" timestamp="2021-01-28T08:22:04" time="2.839" tests="1">
    <testcase classname="Export with --export option: Export data with number of records &gt; 500" name="Case 180: Verify that the attachment will be displayed as text when specifying -b param" time="1.268">
      <failure>Error: expect(received).toEqual(expected) // deep equality

Expected: &quot;9678af7d7a63748e32237d3669e1151c185ed2e2cd8adee4bbc36411381e63af&quot;
Received: &quot;e3b0c44298fc1c149afbf4c8996fb92427ae41e4649b934ca495991b7852b855&quot;
    at ExportTestCommon.verifyExportedData (/Users/k001534/Desktop/cli-kintone-automation/cli-kintone-automation/src/common/ExportTestCommon.js:139:40)
    at processTicksAndRejections (internal/process/task_queues.js:93:5)
    at Object.&lt;anonymous&gt; (/Users/k001534/Desktop/cli-kintone-automation/cli-kintone-automation/src/tests/exportWithOption/exportWithAttachmentMoreThan500Records.test.js:36:9)</failure>
    </testcase>
  </testsuite>
  <testsuite name="Import without --import option: Import data with number of records &gt; 100" errors="0" failures="1" skipped="0" timestamp="2021-01-28T08:22:07" time="1.738" tests="1">
    <testcase classname="Import without --import option: Import data with number of records &gt; 100" name="C050: Verify that data in attachment folder is uploaded and imported correctly" time="1.469">
      <failure>Error: expect(received).toEqual(expected) // deep equality

Expected: StringContaining &quot;SUCCESS&quot;
Received: [Error: Command failed: ./cli-kintone -a 18 -d undefined -u undefined -p undefined -f src/resources/test_data/import_test/importCSVDataWithAttachment110Record.csv -b=src/resources/files/
2021/01/28 15:22:09 HTTP error: 404 Not Found
]
    at ImportTestCommon.verifyCliKintoneSuccessMessage (/Users/k001534/Desktop/cli-kintone-automation/cli-kintone-automation/src/common/CliKintoneTestBase.js:15:24)
    at Object.&lt;anonymous&gt; (/Users/k001534/Desktop/cli-kintone-automation/cli-kintone-automation/src/tests/importWithoutOption/importWithAttachmentMoreThan100Records.test.js:19:20)
    at processTicksAndRejections (internal/process/task_queues.js:93:5)</failure>
    </testcase>
  </testsuite>
  <testsuite name="Import with --import option: Import data with number of records &gt; 100" errors="0" failures="1" skipped="0" timestamp="2021-01-28T08:22:09" time="2.624" tests="1">
    <testcase classname="Import with --import option: Import data with number of records &gt; 100" name="C050: Verify that data in attachment folder is uploaded and imported correctly" time="2.336">
      <failure>Error: expect(received).toEqual(expected) // deep equality

Expected: StringContaining &quot;SUCCESS&quot;
Received: [Error: Command failed: ./cli-kintone -a 18 -d undefined -u undefined -p undefined --import -f src/resources/test_data/import_test/importCSVDataWithAttachment110Record.csv -b=src/resources/files/
2021/01/28 15:22:10 HTTP error: 404 Not Found
]
    at ImportTestCommon.verifyCliKintoneSuccessMessage (/Users/k001534/Desktop/cli-kintone-automation/cli-kintone-automation/src/common/CliKintoneTestBase.js:15:24)
    at Object.&lt;anonymous&gt; (/Users/k001534/Desktop/cli-kintone-automation/cli-kintone-automation/src/tests/importWithOption/importWithAttachmentMoreThan100Records.test.js:19:20)
    at processTicksAndRejections (internal/process/task_queues.js:93:5)</failure>
    </testcase>
  </testsuite>
  <testsuite name="Export without --export option: not providing enough parameter" errors="0" failures="0" skipped="0" timestamp="2021-01-28T08:22:11" time="0.182" tests="2">
    <testcase classname="Export without --export option: not providing enough parameter" name="Case 352: Verify that usage guide will be returned when not providing any parameter" time="0.017">
    </testcase>
    <testcase classname="Export without --export option: not providing enough parameter" name="Case 353: Verify that usage guide will be returned when providing unsupported parameter" time="0.013">
    </testcase>
  </testsuite>
</testsuites>